Archive member included to satisfy reference by file (symbol)

C:/ST/STM32CubeIDE_1.16.0/STM32CubeIDE/plugins/com.st.stm32cube.ide.mcu.externaltools.gnu-tools-for-stm32.12.3.rel1.win32_1.0.200.202406191623/tools/bin/../lib/gcc/arm-none-eabi/12.3.1/../../../../arm-none-eabi/lib/thumb/v7-m/nofp\libc_nano.a(libc_a-exit.o)
                              C:/ST/STM32CubeIDE_1.16.0/STM32CubeIDE/plugins/com.st.stm32cube.ide.mcu.externaltools.gnu-tools-for-stm32.12.3.rel1.win32_1.0.200.202406191623/tools/bin/../lib/gcc/arm-none-eabi/12.3.1/../../../../arm-none-eabi/lib/thumb/v7-m/nofp/crt0.o (exit)
C:/ST/STM32CubeIDE_1.16.0/STM32CubeIDE/plugins/com.st.stm32cube.ide.mcu.externaltools.gnu-tools-for-stm32.12.3.rel1.win32_1.0.200.202406191623/tools/bin/../lib/gcc/arm-none-eabi/12.3.1/../../../../arm-none-eabi/lib/thumb/v7-m/nofp\libc_nano.a(libc_a-malloc.o)
                              ./Core/Src/queue.o (malloc)
C:/ST/STM32CubeIDE_1.16.0/STM32CubeIDE/plugins/com.st.stm32cube.ide.mcu.externaltools.gnu-tools-for-stm32.12.3.rel1.win32_1.0.200.202406191623/tools/bin/../lib/gcc/arm-none-eabi/12.3.1/../../../../arm-none-eabi/lib/thumb/v7-m/nofp\libc_nano.a(libc_a-mallocr.o)
                              C:/ST/STM32CubeIDE_1.16.0/STM32CubeIDE/plugins/com.st.stm32cube.ide.mcu.externaltools.gnu-tools-for-stm32.12.3.rel1.win32_1.0.200.202406191623/tools/bin/../lib/gcc/arm-none-eabi/12.3.1/../../../../arm-none-eabi/lib/thumb/v7-m/nofp\libc_nano.a(libc_a-malloc.o) (_malloc_r)
C:/ST/STM32CubeIDE_1.16.0/STM32CubeIDE/plugins/com.st.stm32cube.ide.mcu.externaltools.gnu-tools-for-stm32.12.3.rel1.win32_1.0.200.202406191623/tools/bin/../lib/gcc/arm-none-eabi/12.3.1/../../../../arm-none-eabi/lib/thumb/v7-m/nofp\libc_nano.a(libc_a-mlock.o)
                              C:/ST/STM32CubeIDE_1.16.0/STM32CubeIDE/plugins/com.st.stm32cube.ide.mcu.externaltools.gnu-tools-for-stm32.12.3.rel1.win32_1.0.200.202406191623/tools/bin/../lib/gcc/arm-none-eabi/12.3.1/../../../../arm-none-eabi/lib/thumb/v7-m/nofp\libc_nano.a(libc_a-mallocr.o) (__malloc_lock)
C:/ST/STM32CubeIDE_1.16.0/STM32CubeIDE/plugins/com.st.stm32cube.ide.mcu.externaltools.gnu-tools-for-stm32.12.3.rel1.win32_1.0.200.202406191623/tools/bin/../lib/gcc/arm-none-eabi/12.3.1/../../../../arm-none-eabi/lib/thumb/v7-m/nofp\libc_nano.a(libc_a-findfp.o)
                              C:/ST/STM32CubeIDE_1.16.0/STM32CubeIDE/plugins/com.st.stm32cube.ide.mcu.externaltools.gnu-tools-for-stm32.12.3.rel1.win32_1.0.200.202406191623/tools/bin/../lib/gcc/arm-none-eabi/12.3.1/../../../../arm-none-eabi/lib/thumb/v7-m/nofp\libc_nano.a(libc_a-exit.o) (__stdio_exit_handler)
C:/ST/STM32CubeIDE_1.16.0/STM32CubeIDE/plugins/com.st.stm32cube.ide.mcu.externaltools.gnu-tools-for-stm32.12.3.rel1.win32_1.0.200.202406191623/tools/bin/../lib/gcc/arm-none-eabi/12.3.1/../../../../arm-none-eabi/lib/thumb/v7-m/nofp\libc_nano.a(libc_a-fwalk.o)
                              C:/ST/STM32CubeIDE_1.16.0/STM32CubeIDE/plugins/com.st.stm32cube.ide.mcu.externaltools.gnu-tools-for-stm32.12.3.rel1.win32_1.0.200.202406191623/tools/bin/../lib/gcc/arm-none-eabi/12.3.1/../../../../arm-none-eabi/lib/thumb/v7-m/nofp\libc_nano.a(libc_a-findfp.o) (_fwalk_sglue)
C:/ST/STM32CubeIDE_1.16.0/STM32CubeIDE/plugins/com.st.stm32cube.ide.mcu.externaltools.gnu-tools-for-stm32.12.3.rel1.win32_1.0.200.202406191623/tools/bin/../lib/gcc/arm-none-eabi/12.3.1/../../../../arm-none-eabi/lib/thumb/v7-m/nofp\libc_nano.a(libc_a-printf.o)
                              ./Core/Src/queue.o (printf)
C:/ST/STM32CubeIDE_1.16.0/STM32CubeIDE/plugins/com.st.stm32cube.ide.mcu.externaltools.gnu-tools-for-stm32.12.3.rel1.win32_1.0.200.202406191623/tools/bin/../lib/gcc/arm-none-eabi/12.3.1/../../../../arm-none-eabi/lib/thumb/v7-m/nofp\libc_nano.a(libc_a-stdio.o)
                              C:/ST/STM32CubeIDE_1.16.0/STM32CubeIDE/plugins/com.st.stm32cube.ide.mcu.externaltools.gnu-tools-for-stm32.12.3.rel1.win32_1.0.200.202406191623/tools/bin/../lib/gcc/arm-none-eabi/12.3.1/../../../../arm-none-eabi/lib/thumb/v7-m/nofp\libc_nano.a(libc_a-findfp.o) (__sread)
C:/ST/STM32CubeIDE_1.16.0/STM32CubeIDE/plugins/com.st.stm32cube.ide.mcu.externaltools.gnu-tools-for-stm32.12.3.rel1.win32_1.0.200.202406191623/tools/bin/../lib/gcc/arm-none-eabi/12.3.1/../../../../arm-none-eabi/lib/thumb/v7-m/nofp\libc_nano.a(libc_a-memset.o)
                              C:/ST/STM32CubeIDE_1.16.0/STM32CubeIDE/plugins/com.st.stm32cube.ide.mcu.externaltools.gnu-tools-for-stm32.12.3.rel1.win32_1.0.200.202406191623/tools/bin/../lib/gcc/arm-none-eabi/12.3.1/../../../../arm-none-eabi/lib/thumb/v7-m/nofp/crt0.o (memset)
C:/ST/STM32CubeIDE_1.16.0/STM32CubeIDE/plugins/com.st.stm32cube.ide.mcu.externaltools.gnu-tools-for-stm32.12.3.rel1.win32_1.0.200.202406191623/tools/bin/../lib/gcc/arm-none-eabi/12.3.1/../../../../arm-none-eabi/lib/thumb/v7-m/nofp\libc_nano.a(libc_a-closer.o)
[...]
Memory Configuration

Name             Origin             Length             Attributes
RAM              0x20000000         0x00005000         xrw
FLASH            0x08000000         0x00010000         xr
*default*        0x00000000         0xffffffff

Linker script and memory map

LOAD C:/ST/STM32CubeIDE_1.16.0/STM32CubeIDE/plugins/com.st.stm32cube.ide.mcu.externaltools.gnu-tools-for-stm32.12.3.rel1.win32_1.0.200.202406191623/tools/bin/../lib/gcc/arm-none-eabi/12.3.1/thumb/v7-m/nofp/crti.o
LOAD C:/ST/STM32CubeIDE_1.16.0/STM32CubeIDE/plugins/com.st.stm32cube.ide.mcu.externaltools.gnu-tools-for-stm32.12.3.rel1.win32_1.0.200.202406191623/tools/bin/../lib/gcc/arm-none-eabi/12.3.1/thumb/v7-m/nofp/crtbegin.o
LOAD C:/ST/STM32CubeIDE_1.16.0/STM32CubeIDE/plugins/com.st.stm32cube.ide.mcu.externaltools.gnu-tools-for-stm32.12.3.rel1.win32_1.0.200.202406191623/tools/bin/../lib/gcc/arm-none-eabi/12.3.1/../../../../arm-none-eabi/lib/thumb/v7-m/nofp/crt0.o
LOAD ./Core/Src/main.o
LOAD ./Core/Src/queue.o
LOAD ./Core/Src/stm32f1xx_hal_msp.o
LOAD ./Core/Src/stm32f1xx_it.o
LOAD ./Core/Src/syscalls.o
LOAD ./Core/Src/sysmem.o
LOAD ./Core/Src/system_stm32f1xx.o
LOAD ./Core/Startup/startup_stm32f103c8tx.o
LOAD ./Drivers/STM32F1xx_HAL_Driver/Src/stm32f1xx_hal.o
LOAD ./Drivers/STM32F1xx_HAL_Driver/Src/stm32f1xx_hal_adc.o
LOAD ./Drivers/STM32F1xx_HAL_Driver/Src/stm32f1xx_hal_adc_ex.o
LOAD ./Drivers/STM32F1xx_HAL_Driver/Src/stm32f1xx_hal_cortex.o
LOAD ./Drivers/STM32F1xx_HAL_Driver/Src/stm32f1xx_hal_dma.o
LOAD ./Drivers/STM32F1xx_HAL_Driver/Src/stm32f1xx_hal_exti.o
LOAD ./Drivers/STM32F1xx_HAL_Driver/Src/stm32f1xx_hal_flash.o
LOAD ./Drivers/STM32F1xx_HAL_Driver/Src/stm32f1xx_hal_flash_ex.o
LOAD ./Drivers/STM32F1xx_HAL_Driver/Src/stm32f1xx_hal_gpio.o
LOAD ./Drivers/STM32F1xx_HAL_Driver/Src/stm32f1xx_hal_gpio_ex.o
LOAD ./Drivers/STM32F1xx_HAL_Driver/Src/stm32f1xx_hal_pcd.o
LOAD ./Drivers/STM32F1xx_HAL_Driver/Src/stm32f1xx_hal_pcd_ex.o
LOAD ./Drivers/STM32F1xx_HAL_Driver/Src/stm32f1xx_hal_pwr.o
LOAD ./Drivers/STM32F1xx_HAL_Driver/Src/stm32f1xx_hal_rcc.o
LOAD ./Drivers/STM32F1xx_HAL_Driver/Src/stm32f1xx_hal_rcc_ex.o
LOAD ./Drivers/STM32F1xx_HAL_Driver/Src/stm32f1xx_hal_tim.o
LOAD ./Drivers/STM32F1xx_HAL_Driver/Src/stm32f1xx_hal_tim_ex.o
LOAD ./Drivers/STM32F1xx_HAL_Driver/Src/stm32f1xx_ll_usb.o
LOAD ./Middlewares/ST/STM32_USB_Device_Library/Class/HID/Src/usbd_hid.o
LOAD ./Middlewares/ST/STM32_USB_Device_Library/Class/MIDI/Src/usbd_midi.o
LOAD ./Middlewares/ST/STM32_USB_Device_Library/Core/Src/usbd_core.o
LOAD ./Middlewares/ST/STM32_USB_Device_Library/Core/Src/usbd_ctlreq.o
LOAD ./Middlewares/ST/STM32_USB_Device_Library/Core/Src/usbd_ioreq.o
LOAD ./USB_DEVICE/App/usb_device.o
LOAD ./USB_DEVICE/App/usbd_desc.o
LOAD ./USB_DEVICE/Target/usbd_conf.o
START GROUP
LOAD C:/ST/STM32CubeIDE_1.16.0/STM32CubeIDE/plugins/com.st.stm32cube.ide.mcu.externaltools.gnu-tools-for-stm32.12.3.rel1.win32_1.0.200.202406191623/tools/bin/../lib/gcc/arm-none-eabi/12.3.1/../../../../arm-none-eabi/lib/thumb/v7-m/nofp\libc_nano.a
LOAD C:/ST/STM32CubeIDE_1.16.0/STM32CubeIDE/plugins/com.st.stm32cube.ide.mcu.externaltools.gnu-tools-for-stm32.12.3.rel1.win32_1.0.200.202406191623/tools/bin/../lib/gcc/arm-none-eabi/12.3.1/../../../../arm-none-eabi/lib/thumb/v7-m/nofp\libm.a
END GROUP
START GROUP
LOAD C:/ST/STM32CubeIDE_1.16.0/STM32CubeIDE/plugins/com.st.stm32cube.ide.mcu.externaltools.gnu-tools-for-stm32.12.3.rel1.win32_1.0.200.202406191623/tools/bin/../lib/gcc/arm-none-eabi/12.3.1/thumb/v7-m/nofp\libgcc.a
LOAD C:/ST/STM32CubeIDE_1.16.0/STM32CubeIDE/plugins/com.st.stm32cube.ide.mcu.externaltools.gnu-tools-for-stm32.12.3.rel1.win32_1.0.200.202406191623/tools/bin/../lib/gcc/arm-none-eabi/12.3.1/../../../../arm-none-eabi/lib/thumb/v7-m/nofp\libc_nano.a
END GROUP
START GROUP
LOAD C:/ST/STM32CubeIDE_1.16.0/STM32CubeIDE/plugins/com.st.stm32cube.ide.mcu.externaltools.gnu-tools-for-stm32.12.3.rel1.win32_1.0.200.202406191623/tools/bin/../lib/gcc/arm-none-eabi/12.3.1/thumb/v7-m/nofp\libgcc.a
LOAD C:/ST/STM32CubeIDE_1.16.0/STM32CubeIDE/plugins/com.st.stm32cube.ide.mcu.externaltools.gnu-tools-for-stm32.12.3.rel1.win32_1.0.200.202406191623/tools/bin/../lib/gcc/arm-none-eabi/12.3.1/../../../../arm-none-eabi/lib/thumb/v7-m/nofp\libc_nano.a
LOAD C:/ST/STM32CubeIDE_1.16.0/STM32CubeIDE/plugins/com.st.stm32cube.ide.mcu.externaltools.gnu-tools-for-stm32.12.3.rel1.win32_1.0.200.202406191623/tools/bin/../lib/gcc/arm-none-eabi/12.3.1/../../../../arm-none-eabi/lib/thumb/v7-m/nofp\libnosys.a
END GROUP
START GROUP
LOAD C:/ST/STM32CubeIDE_1.16.0/STM32CubeIDE/plugins/com.st.stm32cube.ide.mcu.externaltools.gnu-tools-for-stm32.12.3.rel1.win32_1.0.200.202406191623/tools/bin/../lib/gcc/arm-none-eabi/12.3.1/thumb/v7-m/nofp\libgcc.a
LOAD C:/ST/STM32CubeIDE_1.16.0/STM32CubeIDE/plugins/com.st.stm32cube.ide.mcu.externaltools.gnu-tools-for-stm32.12.3.rel1.win32_1.0.200.202406191623/tools/bin/../lib/gcc/arm-none-eabi/12.3.1/../../../../arm-none-eabi/lib/thumb/v7-m/nofp\libc_nano.a
LOAD C:/ST/STM32CubeIDE_1.16.0/STM32CubeIDE/plugins/com.st.stm32cube.ide.mcu.externaltools.gnu-tools-for-stm32.12.3.rel1.win32_1.0.200.202406191623/tools/bin/../lib/gcc/arm-none-eabi/12.3.1/../../../../arm-none-eabi/lib/thumb/v7-m/nofp\libnosys.a
END GROUP
LOAD C:/ST/STM32CubeIDE_1.16.0/STM32CubeIDE/plugins/com.st.stm32cube.ide.mcu.externaltools.gnu-tools-for-stm32.12.3.rel1.win32_1.0.200.202406191623/tools/bin/../lib/gcc/arm-none-eabi/12.3.1/thumb/v7-m/nofp/crtend.o
LOAD C:/ST/STM32CubeIDE_1.16.0/STM32CubeIDE/plugins/com.st.stm32cube.ide.mcu.externaltools.gnu-tools-for-stm32.12.3.rel1.win32_1.0.200.202406191623/tools/bin/../lib/gcc/arm-none-eabi/12.3.1/thumb/v7-m/nofp/crtn.o
                0x20005000                        _estack = (ORIGIN (RAM) + LENGTH (RAM))
                0x00000200                        _Min_Heap_Size = 0x200
                0x00000400                        _Min_Stack_Size = 0x400

.isr_vector     0x08000000      0x10c
                0x08000000                        . = ALIGN (0x4)
 *(.isr_vector)
 .isr_vector    0x08000000      0x10c ./Core/Startup/startup_stm32f103c8tx.o
                0x08000000                g_pfnVectors
                0x0800010c                        . = ALIGN (0x4)

.text           0x0800010c     0x915c
                0x0800010c                        . = ALIGN (0x4)
 *(.text)
 .text          0x0800010c       0x40 C:/ST/STM32CubeIDE_1.16.0/STM32CubeIDE/plugins/com.st.stm32cube.ide.mcu.externaltools.gnu-tools-for-stm32.12.3.rel1.win32_1.0.200.202406191623/tools/bin/../lib/gcc/arm-none-eabi/12.3.1/thumb/v7-m/nofp/crtbegin.o
 *(.text*)
 .text.ADC_Convert_Rank1
                0x0800014c       0x5c ./Core/Src/main.o
                0x0800014c                ADC_Convert_Rank1
 .text.ADC_Convert_Rank2
                0x080001a8       0x5c ./Core/Src/main.o
                0x080001a8                ADC_Convert_Rank2
 .text.main     0x08000204      0x178 ./Core/Src/main.o
                0x08000204                main
 .text.SystemClock_Config
                0x0800037c       0xbc ./Core/Src/main.o
                0x0800037c                SystemClock_Config
 .text.MX_ADC1_Init
                0x08000438       0x9c ./Core/Src/main.o
 .text.MX_ADC2_Init
                0x080004d4       0x7c ./Core/Src/main.o
 .text.MX_TIM2_Init
                0x08000550       0x9c ./Core/Src/main.o
 .text.MX_TIM3_Init
                0x080005ec       0x9c ./Core/Src/main.o
 .text.MX_GPIO_Init
                0x08000688       0xa4 ./Core/Src/main.o
 .text.Error_Handler
                0x0800072c        0xc ./Core/Src/main.o
                0x0800072c                Error_Handler
 .text.Queue_Init
                0x08000738       0x74 ./Core/Src/queue.o
                0x08000738                Queue_Init
 .text.Enqueue  0x080007ac       0x90 ./Core/Src/queue.o
                0x080007ac                Enqueue
 .text.Dequeue  0x0800083c       0x64 ./Core/Src/queue.o
                0x0800083c                Dequeue
 .text.HAL_MspInit
                0x080008a0       0x64 ./Core/Src/stm32f1xx_hal_msp.o
                0x080008a0                HAL_MspInit
 .text.HAL_ADC_MspInit
                0x08000904       0xfc ./Core/Src/stm32f1xx_hal_msp.o
                0x08000904                HAL_ADC_MspInit
 .text.HAL_TIM_Base_MspInit
                0x08000a00       0x80 ./Core/Src/stm32f1xx_hal_msp.o
                0x08000a00                HAL_TIM_Base_MspInit
 .text.NMI_Handler
                0x08000a80        0x8 ./Core/Src/stm32f1xx_it.o
                0x08000a80                NMI_Handler
 .text.HardFault_Handler
                0x08000a88        0x8 ./Core/Src/stm32f1xx_it.o
                0x08000a88                HardFault_Handler
 .text.MemManage_Handler
                0x08000a90        0x8 ./Core/Src/stm32f1xx_it.o
                0x08000a90                MemManage_Handler
 .text.BusFault_Handler
                0x08000a98        0x8 ./Core/Src/stm32f1xx_it.o
                0x08000a98                BusFault_Handler
 .text.UsageFault_Handler
                0x08000aa0        0x8 ./Core/Src/stm32f1xx_it.o
                0x08000aa0                UsageFault_Handler
 .text.SVC_Handler
                0x08000aa8        0xc ./Core/Src/stm32f1xx_it.o
                0x08000aa8                SVC_Handler
 .text.DebugMon_Handler
                0x08000ab4        0xc ./Core/Src/stm32f1xx_it.o
                0x08000ab4                DebugMon_Handler
 .text.PendSV_Handler
                0x08000ac0        0xc ./Core/Src/stm32f1xx_it.o
                0x08000ac0                PendSV_Handler
 .text.SysTick_Handler
                0x08000acc        0xc ./Core/Src/stm32f1xx_it.o
                0x08000acc                SysTick_Handler
 .text.USB_LP_CAN1_RX0_IRQHandler
                0x08000ad8       0x14 ./Core/Src/stm32f1xx_it.o
                0x08000ad8                USB_LP_CAN1_RX0_IRQHandler
 .text.TIM2_IRQHandler
                0x08000aec      0x318 ./Core/Src/stm32f1xx_it.o
                0x08000aec                TIM2_IRQHandler
 .text.TIM3_IRQHandler
                0x08000e04      0x15c ./Core/Src/stm32f1xx_it.o
                0x08000e04                TIM3_IRQHandler
 .text.Note_Change
                0x08000f60       0x28 ./Core/Src/stm32f1xx_it.o
                0x08000f60                Note_Change
 .text.Toggle_Control
                0x08000f88       0x44 ./Core/Src/stm32f1xx_it.o
                0x08000f88                Toggle_Control
 .text._sbrk    0x08000fcc       0x6c ./Core/Src/sysmem.o
                0x08000fcc                _sbrk
 .text.SystemInit
                0x08001038        0xc ./Core/Src/system_stm32f1xx.o
                0x08001038                SystemInit
 .text.Reset_Handler
                0x08001044       0x48 ./Core/Startup/startup_stm32f103c8tx.o
                0x08001044                Reset_Handler
 .text.Default_Handler
                0x0800108c        0x2 ./Core/Startup/startup_stm32f103c8tx.o
                0x0800108c                RTC_Alarm_IRQHandler
                0x0800108c                EXTI2_IRQHandler
                0x0800108c                TIM1_CC_IRQHandler
                0x0800108c                PVD_IRQHandler
                0x0800108c                EXTI3_IRQHandler
                0x0800108c                EXTI0_IRQHandler
                0x0800108c                I2C2_EV_IRQHandler
                0x0800108c                ADC1_2_IRQHandler
                0x0800108c                SPI1_IRQHandler
                0x0800108c                TAMPER_IRQHandler
                0x0800108c                DMA1_Channel4_IRQHandler
                0x0800108c                USART3_IRQHandler
                0x0800108c                RTC_IRQHandler
                0x0800108c                DMA1_Channel7_IRQHandler
                0x0800108c                CAN1_RX1_IRQHandler
                0x0800108c                TIM4_IRQHandler
                0x0800108c                I2C1_EV_IRQHandler
                0x0800108c                DMA1_Channel6_IRQHandler
                0x0800108c                RCC_IRQHandler
                0x0800108c                TIM1_TRG_COM_IRQHandler
                0x0800108c                DMA1_Channel1_IRQHandler
                0x0800108c                Default_Handler
                0x0800108c                EXTI15_10_IRQHandler
                0x0800108c                EXTI9_5_IRQHandler
                0x0800108c                SPI2_IRQHandler
                0x0800108c                DMA1_Channel5_IRQHandler
                0x0800108c                EXTI4_IRQHandler
                0x0800108c                USB_HP_CAN1_TX_IRQHandler
                0x0800108c                DMA1_Channel3_IRQHandler
                0x0800108c                TIM1_UP_IRQHandler
                0x0800108c                WWDG_IRQHandler
                0x0800108c                TIM1_BRK_IRQHandler
                0x0800108c                EXTI1_IRQHandler
                0x0800108c                USART2_IRQHandler
                0x0800108c                I2C2_ER_IRQHandler
                0x0800108c                DMA1_Channel2_IRQHandler
                0x0800108c                CAN1_SCE_IRQHandler
                0x0800108c                FLASH_IRQHandler
                0x0800108c                USART1_IRQHandler
                0x0800108c                I2C1_ER_IRQHandler
                0x0800108c                USBWakeUp_IRQHandler
 *fill*         0x0800108e        0x2 
 .text.HAL_Init
                0x08001090       0x2c ./Drivers/STM32F1xx_HAL_Driver/Src/stm32f1xx_hal.o
                0x08001090                HAL_Init
 .text.HAL_InitTick
                0x080010bc       0x60 ./Drivers/STM32F1xx_HAL_Driver/Src/stm32f1xx_hal.o
                0x080010bc                HAL_InitTick
 .text.HAL_IncTick
                0x0800111c       0x24 ./Drivers/STM32F1xx_HAL_Driver/Src/stm32f1xx_hal.o
                0x0800111c                HAL_IncTick
 .text.HAL_GetTick
                0x08001140       0x14 ./Drivers/STM32F1xx_HAL_Driver/Src/stm32f1xx_hal.o
                0x08001140                HAL_GetTick
 .text.HAL_Delay
                0x08001154       0x48 ./Drivers/STM32F1xx_HAL_Driver/Src/stm32f1xx_hal.o
                0x08001154                HAL_Delay
 .text.HAL_ADC_Init
                0x0800119c      0x1b0 ./Drivers/STM32F1xx_HAL_Driver/Src/stm32f1xx_hal_adc.o
                0x0800119c                HAL_ADC_Init
 .text.HAL_ADC_Start
                0x0800134c      0x15c ./Drivers/STM32F1xx_HAL_Driver/Src/stm32f1xx_hal_adc.o
                0x0800134c                HAL_ADC_Start
 .text.HAL_ADC_Stop
                0x080014a8       0x58 ./Drivers/STM32F1xx_HAL_Driver/Src/stm32f1xx_hal_adc.o
                0x080014a8                HAL_ADC_Stop
 .text.HAL_ADC_PollForConversion
                0x08001500      0x20c ./Drivers/STM32F1xx_HAL_Driver/Src/stm32f1xx_hal_adc.o
                0x08001500                HAL_ADC_PollForConversion
 .text.HAL_ADC_GetValue
                0x0800170c       0x18 ./Drivers/STM32F1xx_HAL_Driver/Src/stm32f1xx_hal_adc.o
                0x0800170c                HAL_ADC_GetValue
 .text.HAL_ADC_ConfigChannel
                0x08001724      0x1f0 ./Drivers/STM32F1xx_HAL_Driver/Src/stm32f1xx_hal_adc.o
                0x08001724                HAL_ADC_ConfigChannel
 .text.ADC_Enable
                0x08001914       0xb4 ./Drivers/STM32F1xx_HAL_Driver/Src/stm32f1xx_hal_adc.o
                0x08001914                ADC_Enable
 .text.ADC_ConversionStop_Disable
                0x080019c8       0x82 ./Drivers/STM32F1xx_HAL_Driver/Src/stm32f1xx_hal_adc.o
                0x080019c8                ADC_ConversionStop_Disable
 *fill*         0x08001a4a        0x2 
 .text.__NVIC_SetPriorityGrouping
                0x08001a4c       0x48 ./Drivers/STM32F1xx_HAL_Driver/Src/stm32f1xx_hal_cortex.o
 .text.__NVIC_GetPriorityGrouping
                0x08001a94       0x1c ./Drivers/STM32F1xx_HAL_Driver/Src/stm32f1xx_hal_cortex.o
 .text.__NVIC_EnableIRQ
                0x08001ab0       0x38 ./Drivers/STM32F1xx_HAL_Driver/Src/stm32f1xx_hal_cortex.o
 .text.__NVIC_SetPriority
                0x08001ae8       0x54 ./Drivers/STM32F1xx_HAL_Driver/Src/stm32f1xx_hal_cortex.o
 .text.NVIC_EncodePriority
                0x08001b3c       0x64 ./Drivers/STM32F1xx_HAL_Driver/Src/stm32f1xx_hal_cortex.o
 .text.SysTick_Config
                0x08001ba0       0x44 ./Drivers/STM32F1xx_HAL_Driver/Src/stm32f1xx_hal_cortex.o
 .text.HAL_NVIC_SetPriorityGrouping
                0x08001be4       0x16 ./Drivers/STM32F1xx_HAL_Driver/Src/stm32f1xx_hal_cortex.o
                0x08001be4                HAL_NVIC_SetPriorityGrouping
 .text.HAL_NVIC_SetPriority
                0x08001bfa       0x38 ./Drivers/STM32F1xx_HAL_Driver/Src/stm32f1xx_hal_cortex.o
                0x08001bfa                HAL_NVIC_SetPriority
 .text.HAL_NVIC_EnableIRQ
                0x08001c32       0x1c ./Drivers/STM32F1xx_HAL_Driver/Src/stm32f1xx_hal_cortex.o
                0x08001c32                HAL_NVIC_EnableIRQ
 .text.HAL_SYSTICK_Config
                0x08001c4e       0x18 ./Drivers/STM32F1xx_HAL_Driver/Src/stm32f1xx_hal_cortex.o
                0x08001c4e                HAL_SYSTICK_Config
 *fill*         0x08001c66        0x2 
 .text.HAL_GPIO_Init
                0x08001c68      0x308 ./Drivers/STM32F1xx_HAL_Driver/Src/stm32f1xx_hal_gpio.o
                0x08001c68                HAL_GPIO_Init
 .text.HAL_GPIO_ReadPin
                0x08001f70       0x2e ./Drivers/STM32F1xx_HAL_Driver/Src/stm32f1xx_hal_gpio.o
                0x08001f70                HAL_GPIO_ReadPin
 .text.HAL_PCD_Init
                0x08001f9e      0x1ec ./Drivers/STM32F1xx_HAL_Driver/Src/stm32f1xx_hal_pcd.o
                0x08001f9e                HAL_PCD_Init
 .text.HAL_PCD_Start
                0x0800218a       0x4c ./Drivers/STM32F1xx_HAL_Driver/Src/stm32f1xx_hal_pcd.o
                0x0800218a                HAL_PCD_Start
 .text.HAL_PCD_IRQHandler
                0x080021d6      0x260 ./Drivers/STM32F1xx_HAL_Driver/Src/stm32f1xx_hal_pcd.o
                0x080021d6                HAL_PCD_IRQHandler
 .text.HAL_PCD_SetAddress
                0x08002436       0x48 ./Drivers/STM32F1xx_HAL_Driver/Src/stm32f1xx_hal_pcd.o
                0x08002436                HAL_PCD_SetAddress
 .text.HAL_PCD_EP_Open
                0x0800247e       0xba ./Drivers/STM32F1xx_HAL_Driver/Src/stm32f1xx_hal_pcd.o
                0x0800247e                HAL_PCD_EP_Open
 .text.HAL_PCD_EP_Close
                0x08002538       0x90 ./Drivers/STM32F1xx_HAL_Driver/Src/stm32f1xx_hal_pcd.o
                0x08002538                HAL_PCD_EP_Close
 .text.HAL_PCD_EP_Receive
                0x080025c8       0x62 ./Drivers/STM32F1xx_HAL_Driver/Src/stm32f1xx_hal_pcd.o
                0x080025c8                HAL_PCD_EP_Receive
 .text.HAL_PCD_EP_GetRxCount
                0x0800262a       0x2e ./Drivers/STM32F1xx_HAL_Driver/Src/stm32f1xx_hal_pcd.o
                0x0800262a                HAL_PCD_EP_GetRxCount
 .text.HAL_PCD_EP_Transmit
                0x08002658       0x6e ./Drivers/STM32F1xx_HAL_Driver/Src/stm32f1xx_hal_pcd.o
                0x08002658                HAL_PCD_EP_Transmit
 .text.HAL_PCD_EP_SetStall
                0x080026c6       0xc0 ./Drivers/STM32F1xx_HAL_Driver/Src/stm32f1xx_hal_pcd.o
                0x080026c6                HAL_PCD_EP_SetStall
 .text.HAL_PCD_EP_ClrStall
                0x08002786       0xa8 ./Drivers/STM32F1xx_HAL_Driver/Src/stm32f1xx_hal_pcd.o
                0x08002786                HAL_PCD_EP_ClrStall
 .text.PCD_EP_ISR_Handler
                0x0800282e      0x79e ./Drivers/STM32F1xx_HAL_Driver/Src/stm32f1xx_hal_pcd.o
 .text.HAL_PCD_EP_DB_Receive
                0x08002fcc      0x21a ./Drivers/STM32F1xx_HAL_Driver/Src/stm32f1xx_hal_pcd.o
 .text.HAL_PCD_EP_DB_Transmit
                0x080031e6      0x7f4 ./Drivers/STM32F1xx_HAL_Driver/Src/stm32f1xx_hal_pcd.o
 .text.HAL_PCDEx_PMAConfig
                0x080039da       0x84 ./Drivers/STM32F1xx_HAL_Driver/Src/stm32f1xx_hal_pcd_ex.o
                0x080039da                HAL_PCDEx_PMAConfig
 *fill*         0x08003a5e        0x2 
 .text.HAL_RCC_OscConfig
                0x08003a60      0x504 ./Drivers/STM32F1xx_HAL_Driver/Src/stm32f1xx_hal_rcc.o
                0x08003a60                HAL_RCC_OscConfig
 .text.HAL_RCC_ClockConfig
                0x08003f64      0x1d4 ./Drivers/STM32F1xx_HAL_Driver/Src/stm32f1xx_hal_rcc.o
                0x08003f64                HAL_RCC_ClockConfig
 .text.HAL_RCC_GetSysClockFreq
                0x08004138       0xa8 ./Drivers/STM32F1xx_HAL_Driver/Src/stm32f1xx_hal_rcc.o
                0x08004138                HAL_RCC_GetSysClockFreq
 .text.HAL_RCC_GetHCLKFreq
                0x080041e0       0x14 ./Drivers/STM32F1xx_HAL_Driver/Src/stm32f1xx_hal_rcc.o
                0x080041e0                HAL_RCC_GetHCLKFreq
 .text.HAL_RCC_GetPCLK2Freq
                0x080041f4       0x28 ./Drivers/STM32F1xx_HAL_Driver/Src/stm32f1xx_hal_rcc.o
                0x080041f4                HAL_RCC_GetPCLK2Freq
 .text.RCC_Delay
                0x0800421c       0x3c ./Drivers/STM32F1xx_HAL_Driver/Src/stm32f1xx_hal_rcc.o
 .text.HAL_RCCEx_PeriphCLKConfig
                0x08004258      0x16c ./Drivers/STM32F1xx_HAL_Driver/Src/stm32f1xx_hal_rcc_ex.o
                0x08004258                HAL_RCCEx_PeriphCLKConfig
 .text.HAL_RCCEx_GetPeriphCLKFreq
                0x080043c4      0x16c ./Drivers/STM32F1xx_HAL_Driver/Src/stm32f1xx_hal_rcc_ex.o
                0x080043c4                HAL_RCCEx_GetPeriphCLKFreq
 .text.HAL_TIM_Base_Init
                0x08004530       0x9e ./Drivers/STM32F1xx_HAL_Driver/Src/stm32f1xx_hal_tim.o
                0x08004530                HAL_TIM_Base_Init
 *fill*         0x080045ce        0x2 
 .text.HAL_TIM_Base_Start_IT
                0x080045d0       0xa4 ./Drivers/STM32F1xx_HAL_Driver/Src/stm32f1xx_hal_tim.o
                0x080045d0                HAL_TIM_Base_Start_IT
 .text.HAL_TIM_IRQHandler
                0x08004674      0x1e0 ./Drivers/STM32F1xx_HAL_Driver/Src/stm32f1xx_hal_tim.o
                0x08004674                HAL_TIM_IRQHandler
 .text.HAL_TIM_ConfigClockSource
                0x08004854      0x18e ./Drivers/STM32F1xx_HAL_Driver/Src/stm32f1xx_hal_tim.o
                0x08004854                HAL_TIM_ConfigClockSource
 .text.HAL_TIM_PeriodElapsedCallback
                0x080049e2       0x12 ./Drivers/STM32F1xx_HAL_Driver/Src/stm32f1xx_hal_tim.o
                0x080049e2                HAL_TIM_PeriodElapsedCallback
 .text.HAL_TIM_OC_DelayElapsedCallback
                0x080049f4       0x12 ./Drivers/STM32F1xx_HAL_Driver/Src/stm32f1xx_hal_tim.o
                0x080049f4                HAL_TIM_OC_DelayElapsedCallback
 .text.HAL_TIM_IC_CaptureCallback
                0x08004a06       0x12 ./Drivers/STM32F1xx_HAL_Driver/Src/stm32f1xx_hal_tim.o
                0x08004a06                HAL_TIM_IC_CaptureCallback
 .text.HAL_TIM_PWM_PulseFinishedCallback
                0x08004a18       0x12 ./Drivers/STM32F1xx_HAL_Driver/Src/stm32f1xx_hal_tim.o
                0x08004a18                HAL_TIM_PWM_PulseFinishedCallback
 .text.HAL_TIM_TriggerCallback
                0x08004a2a       0x12 ./Drivers/STM32F1xx_HAL_Driver/Src/stm32f1xx_hal_tim.o
                0x08004a2a                HAL_TIM_TriggerCallback
 .text.TIM_Base_SetConfig
                0x08004a3c       0xdc ./Drivers/STM32F1xx_HAL_Driver/Src/stm32f1xx_hal_tim.o
                0x08004a3c                TIM_Base_SetConfig
 .text.TIM_TI1_ConfigInputStage
                0x08004b18       0x5c ./Drivers/STM32F1xx_HAL_Driver/Src/stm32f1xx_hal_tim.o
 .text.TIM_TI2_ConfigInputStage
                0x08004b74       0x5e ./Drivers/STM32F1xx_HAL_Driver/Src/stm32f1xx_hal_tim.o
 .text.TIM_ITRx_SetConfig
                0x08004bd2       0x34 ./Drivers/STM32F1xx_HAL_Driver/Src/stm32f1xx_hal_tim.o
 .text.TIM_ETR_SetConfig
                0x08004c06       0x3e ./Drivers/STM32F1xx_HAL_Driver/Src/stm32f1xx_hal_tim.o
                0x08004c06                TIM_ETR_SetConfig
 .text.HAL_TIMEx_MasterConfigSynchronization
                0x08004c44       0xbc ./Drivers/STM32F1xx_HAL_Driver/Src/stm32f1xx_hal_tim_ex.o
                0x08004c44                HAL_TIMEx_MasterConfigSynchronization
 .text.HAL_TIMEx_CommutCallback
                0x08004d00       0x12 ./Drivers/STM32F1xx_HAL_Driver/Src/stm32f1xx_hal_tim_ex.o
                0x08004d00                HAL_TIMEx_CommutCallback
 .text.HAL_TIMEx_BreakCallback
                0x08004d12       0x12 ./Drivers/STM32F1xx_HAL_Driver/Src/stm32f1xx_hal_tim_ex.o
                0x08004d12                HAL_TIMEx_BreakCallback
 .text.USB_CoreInit
                0x08004d24       0x1a ./Drivers/STM32F1xx_HAL_Driver/Src/stm32f1xx_ll_usb.o
                0x08004d24                USB_CoreInit
 .text.USB_EnableGlobalInt
                0x08004d3e       0x2c ./Drivers/STM32F1xx_HAL_Driver/Src/stm32f1xx_ll_usb.o
                0x08004d3e                USB_EnableGlobalInt
 .text.USB_DisableGlobalInt
                0x08004d6a       0x34 ./Drivers/STM32F1xx_HAL_Driver/Src/stm32f1xx_ll_usb.o
                0x08004d6a                USB_DisableGlobalInt
 .text.USB_SetCurrentMode
                0x08004d9e       0x18 ./Drivers/STM32F1xx_HAL_Driver/Src/stm32f1xx_ll_usb.o
                0x08004d9e                USB_SetCurrentMode
 .text.USB_DevInit
                0x08004db6       0x3a ./Drivers/STM32F1xx_HAL_Driver/Src/stm32f1xx_ll_usb.o
                0x08004db6                USB_DevInit
 .text.USB_ActivateEndpoint
                0x08004df0      0x780 ./Drivers/STM32F1xx_HAL_Driver/Src/stm32f1xx_ll_usb.o
                0x08004df0                USB_ActivateEndpoint
 .text.USB_DeactivateEndpoint
                0x08005570      0x3d8 ./Drivers/STM32F1xx_HAL_Driver/Src/stm32f1xx_ll_usb.o
                0x08005570                USB_DeactivateEndpoint
 .text.USB_EPStartXfer
                0x08005948     0x1762 ./Drivers/STM32F1xx_HAL_Driver/Src/stm32f1xx_ll_usb.o
                0x08005948                USB_EPStartXfer
 .text.USB_EPSetStall
                0x080070aa       0xa0 ./Drivers/STM32F1xx_HAL_Driver/Src/stm32f1xx_ll_usb.o
                0x080070aa                USB_EPSetStall
 .text.USB_EPClearStall
                0x0800714a      0x15a ./Drivers/STM32F1xx_HAL_Driver/Src/stm32f1xx_ll_usb.o
                0x0800714a                USB_EPClearStall
 .text.USB_SetDevAddress
                0x080072a4       0x26 ./Drivers/STM32F1xx_HAL_Driver/Src/stm32f1xx_ll_usb.o
                0x080072a4                USB_SetDevAddress
 .text.USB_DevConnect
                0x080072ca       0x14 ./Drivers/STM32F1xx_HAL_Driver/Src/stm32f1xx_ll_usb.o
                0x080072ca                USB_DevConnect
 .text.USB_DevDisconnect
                0x080072de       0x14 ./Drivers/STM32F1xx_HAL_Driver/Src/stm32f1xx_ll_usb.o
                0x080072de                USB_DevDisconnect
 .text.USB_ReadInterrupts
                0x080072f2       0x1e ./Drivers/STM32F1xx_HAL_Driver/Src/stm32f1xx_ll_usb.o
                0x080072f2                USB_ReadInterrupts
 .text.USB_EP0_OutStart
                0x08007310       0x16 ./Drivers/STM32F1xx_HAL_Driver/Src/stm32f1xx_ll_usb.o
                0x08007310                USB_EP0_OutStart
 .text.USB_WritePMA
                0x08007326       0x8a ./Drivers/STM32F1xx_HAL_Driver/Src/stm32f1xx_ll_usb.o
                0x08007326                USB_WritePMA
 .text.USB_ReadPMA
                0x080073b0       0x9e ./Drivers/STM32F1xx_HAL_Driver/Src/stm32f1xx_ll_usb.o
                0x080073b0                USB_ReadPMA
 *fill*         0x0800744e        0x2 
 .text.USBD_MIDI_Init
                0x08007450       0x6c ./Middlewares/ST/STM32_USB_Device_Library/Class/MIDI/Src/usbd_midi.o
 .text.USBD_MIDI_DeInit
                0x080074bc       0x3c ./Middlewares/ST/STM32_USB_Device_Library/Class/MIDI/Src/usbd_midi.o
 .text.USBD_MIDI_Setup
                0x080074f8      0x11c ./Middlewares/ST/STM32_USB_Device_Library/Class/MIDI/Src/usbd_midi.o
 .text.USBD_MIDI_GetState
                0x08007614       0x1a ./Middlewares/ST/STM32_USB_Device_Library/Class/MIDI/Src/usbd_midi.o
                0x08007614                USBD_MIDI_GetState
 .text.USBD_MIDI_SendPackets
                0x0800762e       0x44 ./Middlewares/ST/STM32_USB_Device_Library/Class/MIDI/Src/usbd_midi.o
                0x0800762e                USBD_MIDI_SendPackets
 *fill*         0x08007672        0x2 
 .text.USBD_MIDI_GetCfgDesc
                0x08007674       0x20 ./Middlewares/ST/STM32_USB_Device_Library/Class/MIDI/Src/usbd_midi.o
 .text.USBD_MIDI_DataIn
                0x08007694       0x24 ./Middlewares/ST/STM32_USB_Device_Library/Class/MIDI/Src/usbd_midi.o
 .text.USBD_MIDI_OnPacketsSent
                0x080076b8        0xc ./Middlewares/ST/STM32_USB_Device_Library/Class/MIDI/Src/usbd_midi.o
                0x080076b8                USBD_MIDI_OnPacketsSent
 .text.USBD_MIDI_DataOut
                0x080076c4       0x50 ./Middlewares/ST/STM32_USB_Device_Library/Class/MIDI/Src/usbd_midi.o
 .text.USBD_MIDI_OnPacketsReceived
                0x08007714       0x16 ./Middlewares/ST/STM32_USB_Device_Library/Class/MIDI/Src/usbd_midi.o
                0x08007714                USBD_MIDI_OnPacketsReceived
 *fill*         0x0800772a        0x2 
 .text.USBD_MIDI_GetDeviceQualifierDesc
                0x0800772c       0x20 ./Middlewares/ST/STM32_USB_Device_Library/Class/MIDI/Src/usbd_midi.o
 .text.USBD_Init
                0x0800774c       0x56 ./Middlewares/ST/STM32_USB_Device_Library/Core/Src/usbd_core.o
                0x0800774c                USBD_Init
 .text.USBD_RegisterClass
                0x080077a2       0x32 ./Middlewares/ST/STM32_USB_Device_Library/Core/Src/usbd_core.o
                0x080077a2                USBD_RegisterClass
 .text.USBD_Start
                0x080077d4       0x18 ./Middlewares/ST/STM32_USB_Device_Library/Core/Src/usbd_core.o
                0x080077d4                USBD_Start
 .text.USBD_RunTestMode
                0x080077ec       0x14 ./Middlewares/ST/STM32_USB_Device_Library/Core/Src/usbd_core.o
                0x080077ec                USBD_RunTestMode
 .text.USBD_SetClassConfig
                0x08007800       0x3e ./Middlewares/ST/STM32_USB_Device_Library/Core/Src/usbd_core.o
                0x08007800                USBD_SetClassConfig
 .text.USBD_ClrClassConfig
                0x0800783e       0x26 ./Middlewares/ST/STM32_USB_Device_Library/Core/Src/usbd_core.o
                0x0800783e                USBD_ClrClassConfig
 .text.USBD_LL_SetupStage
                0x08007864       0x9a ./Middlewares/ST/STM32_USB_Device_Library/Core/Src/usbd_core.o
                0x08007864                USBD_LL_SetupStage
 .text.USBD_LL_DataOutStage
                0x080078fe       0xe2 ./Middlewares/ST/STM32_USB_Device_Library/Core/Src/usbd_core.o
                0x080078fe                USBD_LL_DataOutStage
 .text.USBD_LL_DataInStage
                0x080079e0      0x14a ./Middlewares/ST/STM32_USB_Device_Library/Core/Src/usbd_core.o
                0x080079e0                USBD_LL_DataInStage
 .text.USBD_LL_Reset
                0x08007b2a       0x82 ./Middlewares/ST/STM32_USB_Device_Library/Core/Src/usbd_core.o
                0x08007b2a                USBD_LL_Reset
 .text.USBD_LL_SetSpeed
                0x08007bac       0x1e ./Middlewares/ST/STM32_USB_Device_Library/Core/Src/usbd_core.o
                0x08007bac                USBD_LL_SetSpeed
 .text.USBD_LL_Suspend
                0x08007bca       0x28 ./Middlewares/ST/STM32_USB_Device_Library/Core/Src/usbd_core.o
                0x08007bca                USBD_LL_Suspend
 .text.USBD_LL_Resume
                0x08007bf2       0x2a ./Middlewares/ST/STM32_USB_Device_Library/Core/Src/usbd_core.o
                0x08007bf2                USBD_LL_Resume
 .text.USBD_LL_SOF
                0x08007c1c       0x34 ./Middlewares/ST/STM32_USB_Device_Library/Core/Src/usbd_core.o
                0x08007c1c                USBD_LL_SOF
 .text.USBD_StdDevReq
                0x08007c50       0xd4 ./Middlewares/ST/STM32_USB_Device_Library/Core/Src/usbd_ctlreq.o
                0x08007c50                USBD_StdDevReq
 .text.USBD_StdItfReq
                0x08007d24       0x90 ./Middlewares/ST/STM32_USB_Device_Library/Core/Src/usbd_ctlreq.o
                0x08007d24                USBD_StdItfReq
 .text.USBD_StdEPReq
                0x08007db4      0x2c6 ./Middlewares/ST/STM32_USB_Device_Library/Core/Src/usbd_ctlreq.o
                0x08007db4                USBD_StdEPReq
 *fill*         0x0800807a        0x2 
 .text.USBD_GetDescriptor
                0x0800807c      0x2d0 ./Middlewares/ST/STM32_USB_Device_Library/Core/Src/usbd_ctlreq.o
 .text.USBD_SetAddress
                0x0800834c       0x86 ./Middlewares/ST/STM32_USB_Device_Library/Core/Src/usbd_ctlreq.o
 *fill*         0x080083d2        0x2 
 .text.USBD_SetConfig
                0x080083d4      0x11c ./Middlewares/ST/STM32_USB_Device_Library/Core/Src/usbd_ctlreq.o
 .text.USBD_GetConfig
                0x080084f0       0x6a ./Middlewares/ST/STM32_USB_Device_Library/Core/Src/usbd_ctlreq.o
 .text.USBD_GetStatus
                0x0800855a       0x66 ./Middlewares/ST/STM32_USB_Device_Library/Core/Src/usbd_ctlreq.o
 .text.USBD_SetFeature
                0x080085c0       0x28 ./Middlewares/ST/STM32_USB_Device_Library/Core/Src/usbd_ctlreq.o
 .text.USBD_ClrFeature
                0x080085e8       0x42 ./Middlewares/ST/STM32_USB_Device_Library/Core/Src/usbd_ctlreq.o
 .text.USBD_ParseSetupRequest
                0x0800862a       0x72 ./Middlewares/ST/STM32_USB_Device_Library/Core/Src/usbd_ctlreq.o
                0x0800862a                USBD_ParseSetupRequest
 .text.USBD_CtlError
                0x0800869c       0x22 ./Middlewares/ST/STM32_USB_Device_Library/Core/Src/usbd_ctlreq.o
                0x0800869c                USBD_CtlError
 .text.USBD_GetString
                0x080086be       0x84 ./Middlewares/ST/STM32_USB_Device_Library/Core/Src/usbd_ctlreq.o
                0x080086be                USBD_GetString
 .text.USBD_GetLen
                0x08008742       0x2e ./Middlewares/ST/STM32_USB_Device_Library/Core/Src/usbd_ctlreq.o
 .text.USBD_CtlSendData
                0x08008770       0x38 ./Middlewares/ST/STM32_USB_Device_Library/Core/Src/usbd_ioreq.o
                0x08008770                USBD_CtlSendData
 .text.USBD_CtlContinueSendData
                0x080087a8       0x24 ./Middlewares/ST/STM32_USB_Device_Library/Core/Src/usbd_ioreq.o
                0x080087a8                USBD_CtlContinueSendData
 .text.USBD_CtlContinueRx
                0x080087cc       0x24 ./Middlewares/ST/STM32_USB_Device_Library/Core/Src/usbd_ioreq.o
                0x080087cc                USBD_CtlContinueRx
 .text.USBD_CtlSendStatus
                0x080087f0       0x26 ./Middlewares/ST/STM32_USB_Device_Library/Core/Src/usbd_ioreq.o
                0x080087f0                USBD_CtlSendStatus
 .text.USBD_CtlReceiveStatus
                0x08008816       0x26 ./Middlewares/ST/STM32_USB_Device_Library/Core/Src/usbd_ioreq.o
                0x08008816                USBD_CtlReceiveStatus
 .text.MX_USB_DEVICE_Init
                0x0800883c       0x4c ./USB_DEVICE/App/usb_device.o
                0x0800883c                MX_USB_DEVICE_Init
 .text.USBD_FS_DeviceDescriptor
                0x08008888       0x24 ./USB_DEVICE/App/usbd_desc.o
                0x08008888                USBD_FS_DeviceDescriptor
 .text.USBD_FS_LangIDStrDescriptor
                0x080088ac       0x24 ./USB_DEVICE/App/usbd_desc.o
                0x080088ac                USBD_FS_LangIDStrDescriptor
 .text.USBD_FS_ProductStrDescriptor
                0x080088d0       0x3c ./USB_DEVICE/App/usbd_desc.o
                0x080088d0                USBD_FS_ProductStrDescriptor
 .text.USBD_FS_ManufacturerStrDescriptor
                0x0800890c       0x28 ./USB_DEVICE/App/usbd_desc.o
                0x0800890c                USBD_FS_ManufacturerStrDescriptor
 .text.USBD_FS_SerialStrDescriptor
                0x08008934       0x24 ./USB_DEVICE/App/usbd_desc.o
                0x08008934                USBD_FS_SerialStrDescriptor
 .text.USBD_FS_ConfigStrDescriptor
                0x08008958       0x3c ./USB_DEVICE/App/usbd_desc.o
                0x08008958                USBD_FS_ConfigStrDescriptor
 .text.USBD_FS_InterfaceStrDescriptor
                0x08008994       0x3c ./USB_DEVICE/App/usbd_desc.o
                0x08008994                USBD_FS_InterfaceStrDescriptor
 .text.Get_SerialNum
                0x080089d0       0x58 ./USB_DEVICE/App/usbd_desc.o
 .text.IntToUnicode
                0x08008a28       0x7c ./USB_DEVICE/App/usbd_desc.o
 .text.HAL_PCD_MspInit
                0x08008aa4       0x4c ./USB_DEVICE/Target/usbd_conf.o
                0x08008aa4                HAL_PCD_MspInit
 .text.HAL_PCD_SetupStageCallback
                0x08008af0       0x24 ./USB_DEVICE/Target/usbd_conf.o
                0x08008af0                HAL_PCD_SetupStageCallback
 .text.HAL_PCD_DataOutStageCallback
                0x08008b14       0x36 ./USB_DEVICE/Target/usbd_conf.o
                0x08008b14                HAL_PCD_DataOutStageCallback
 .text.HAL_PCD_DataInStageCallback
                0x08008b4a       0x34 ./USB_DEVICE/Target/usbd_conf.o
                0x08008b4a                HAL_PCD_DataInStageCallback
 .text.HAL_PCD_SOFCallback
                0x08008b7e       0x1c ./USB_DEVICE/Target/usbd_conf.o
                0x08008b7e                HAL_PCD_SOFCallback
 .text.HAL_PCD_ResetCallback
                0x08008b9a       0x3c ./USB_DEVICE/Target/usbd_conf.o
                0x08008b9a                HAL_PCD_ResetCallback
 *fill*         0x08008bd6        0x2 
 .text.HAL_PCD_SuspendCallback
                0x08008bd8       0x34 ./USB_DEVICE/Target/usbd_conf.o
                0x08008bd8                HAL_PCD_SuspendCallback
 .text.HAL_PCD_ResumeCallback
                0x08008c0c       0x1c ./USB_DEVICE/Target/usbd_conf.o
                0x08008c0c                HAL_PCD_ResumeCallback
 .text.USBD_LL_Init
                0x08008c28       0xa0 ./USB_DEVICE/Target/usbd_conf.o
                0x08008c28                USBD_LL_Init
 .text.USBD_LL_Start
                0x08008cc8       0x36 ./USB_DEVICE/Target/usbd_conf.o
                0x08008cc8                USBD_LL_Start
 .text.USBD_LL_OpenEP
                0x08008cfe       0x4c ./USB_DEVICE/Target/usbd_conf.o
                0x08008cfe                USBD_LL_OpenEP
 .text.USBD_LL_CloseEP
                0x08008d4a       0x3e ./USB_DEVICE/Target/usbd_conf.o
                0x08008d4a                USBD_LL_CloseEP
 .text.USBD_LL_StallEP
                0x08008d88       0x3e ./USB_DEVICE/Target/usbd_conf.o
                0x08008d88                USBD_LL_StallEP
 .text.USBD_LL_ClearStallEP
                0x08008dc6       0x3e ./USB_DEVICE/Target/usbd_conf.o
                0x08008dc6                USBD_LL_ClearStallEP
 .text.USBD_LL_IsStallEP
                0x08008e04       0x56 ./USB_DEVICE/Target/usbd_conf.o
                0x08008e04                USBD_LL_IsStallEP
 .text.USBD_LL_SetUSBAddress
                0x08008e5a       0x3e ./USB_DEVICE/Target/usbd_conf.o
                0x08008e5a                USBD_LL_SetUSBAddress
 .text.USBD_LL_Transmit
                0x08008e98       0x46 ./USB_DEVICE/Target/usbd_conf.o
                0x08008e98                USBD_LL_Transmit
 .text.USBD_LL_PrepareReceive
                0x08008ede       0x46 ./USB_DEVICE/Target/usbd_conf.o
                0x08008ede                USBD_LL_PrepareReceive
 .text.USBD_static_malloc
                0x08008f24       0x18 ./USB_DEVICE/Target/usbd_conf.o
                0x08008f24                USBD_static_malloc
 .text.USBD_static_free
                0x08008f3c       0x12 ./USB_DEVICE/Target/usbd_conf.o
                0x08008f3c                USBD_static_free
 .text.HAL_PCDEx_SetConnectionState
                0x08008f4e       0x16 ./USB_DEVICE/Target/usbd_conf.o
                0x08008f4e                HAL_PCDEx_SetConnectionState
 .text.USBD_Get_USB_Status
                0x08008f64       0x58 ./USB_DEVICE/Target/usbd_conf.o
 .text.malloc   0x08008fbc       0x10 C:/ST/STM32CubeIDE_1.16.0/STM32CubeIDE/plugins/com.st.stm32cube.ide.mcu.externaltools.gnu-tools-for-stm32.12.3.rel1.win32_1.0.200.202406191623/tools/bin/../lib/gcc/arm-none-eabi/12.3.1/../../../../arm-none-eabi/lib/thumb/v7-m/nofp\libc_nano.a(libc_a-malloc.o)
                0x08008fbc                malloc
 .text.free     0x08008fcc       0x10 C:/ST/STM32CubeIDE_1.16.0/STM32CubeIDE/plugins/com.st.stm32cube.ide.mcu.externaltools.gnu-tools-for-stm32.12.3.rel1.win32_1.0.200.202406191623/tools/bin/../lib/gcc/arm-none-eabi/12.3.1/../../../../arm-none-eabi/lib/thumb/v7-m/nofp\libc_nano.a(libc_a-malloc.o)
                0x08008fcc                free
 .text.sbrk_aligned
                0x08008fdc       0x44 C:/ST/STM32CubeIDE_1.16.0/STM32CubeIDE/plugins/com.st.stm32cube.ide.mcu.externaltools.gnu-tools-for-stm32.12.3.rel1.win32_1.0.200.202406191623/tools/bin/../lib/gcc/arm-none-eabi/12.3.1/../../../../arm-none-eabi/lib/thumb/v7-m/nofp\libc_nano.a(libc_a-mallocr.o)
 .text._malloc_r
                0x08009020      0x100 C:/ST/STM32CubeIDE_1.16.0/STM32CubeIDE/plugins/com.st.stm32cube.ide.mcu.externaltools.gnu-tools-for-stm32.12.3.rel1.win32_1.0.200.202406191623/tools/bin/../lib/gcc/arm-none-eabi/12.3.1/../../../../arm-none-eabi/lib/thumb/v7-m/nofp\libc_nano.a(libc_a-mallocr.o)
                0x08009020                _malloc_r
 .text.__malloc_lock
                0x08009120        0xc C:/ST/STM32CubeIDE_1.16.0/STM32CubeIDE/plugins/com.st.stm32cube.ide.mcu.externaltools.gnu-tools-for-stm32.12.3.rel1.win32_1.0.200.202406191623/tools/bin/../lib/gcc/arm-none-eabi/12.3.1/../../../../arm-none-eabi/lib/thumb/v7-m/nofp\libc_nano.a(libc_a-mlock.o)
                0x08009120                __malloc_lock
 .text.__malloc_unlock
                0x0800912c        0xc C:/ST/STM32CubeIDE_1.16.0/STM32CubeIDE/plugins/com.st.stm32cube.ide.mcu.externaltools.gnu-tools-for-stm32.12.3.rel1.win32_1.0.200.202406191623/tools/bin/../lib/gcc/arm-none-eabi/12.3.1/../../../../arm-none-eabi/lib/thumb/v7-m/nofp\libc_nano.a(libc_a-mlock.o)
                0x0800912c                __malloc_unlock
 .text.memset   0x08009138       0x10 C:/ST/STM32CubeIDE_1.16.0/STM32CubeIDE/plugins/com.st.stm32cube.ide.mcu.externaltools.gnu-tools-for-stm32.12.3.rel1.win32_1.0.200.202406191623/tools/bin/../lib/gcc/arm-none-eabi/12.3.1/../../../../arm-none-eabi/lib/thumb/v7-m/nofp\libc_nano.a(libc_a-memset.o)
                0x08009138                memset
 .text._sbrk_r  0x08009148       0x20 C:/ST/STM32CubeIDE_1.16.0/STM32CubeIDE/plugins/com.st.stm32cube.ide.mcu.externaltools.gnu-tools-for-stm32.12.3.rel1.win32_1.0.200.202406191623/tools/bin/../lib/gcc/arm-none-eabi/12.3.1/../../../../arm-none-eabi/lib/thumb/v7-m/nofp\libc_nano.a(libc_a-sbrkr.o)
                0x08009148                _sbrk_r
 .text.__errno  0x08009168        0xc C:/ST/STM32CubeIDE_1.16.0/STM32CubeIDE/plugins/com.st.stm32cube.ide.mcu.externaltools.gnu-tools-for-stm32.12.3.rel1.win32_1.0.200.202406191623/tools/bin/../lib/gcc/arm-none-eabi/12.3.1/../../../../arm-none-eabi/lib/thumb/v7-m/nofp\libc_nano.a(libc_a-errno.o)
                0x08009168                __errno
 .text.__libc_init_array
                0x08009174       0x48 C:/ST/STM32CubeIDE_1.16.0/STM32CubeIDE/plugins/com.st.stm32cube.ide.mcu.externaltools.gnu-tools-for-stm32.12.3.rel1.win32_1.0.200.202406191623/tools/bin/../lib/gcc/arm-none-eabi/12.3.1/../../../../arm-none-eabi/lib/thumb/v7-m/nofp\libc_nano.a(libc_a-init.o)
                0x08009174                __libc_init_array
 .text.__retarget_lock_acquire_recursive
                0x080091bc        0x2 C:/ST/STM32CubeIDE_1.16.0/STM32CubeIDE/plugins/com.st.stm32cube.ide.mcu.externaltools.gnu-tools-for-stm32.12.3.rel1.win32_1.0.200.202406191623/tools/bin/../lib/gcc/arm-none-eabi/12.3.1/../../../../arm-none-eabi/lib/thumb/v7-m/nofp\libc_nano.a(libc_a-lock.o)
                0x080091bc                __retarget_lock_acquire_recursive
 .text.__retarget_lock_release_recursive
                0x080091be        0x2 C:/ST/STM32CubeIDE_1.16.0/STM32CubeIDE/plugins/com.st.stm32cube.ide.mcu.externaltools.gnu-tools-for-stm32.12.3.rel1.win32_1.0.200.202406191623/tools/bin/../lib/gcc/arm-none-eabi/12.3.1/../../../../arm-none-eabi/lib/thumb/v7-m/nofp\libc_nano.a(libc_a-lock.o)
                0x080091be                __retarget_lock_release_recursive
 .text._free_r  0x080091c0       0x90 C:/ST/STM32CubeIDE_1.16.0/STM32CubeIDE/plugins/com.st.stm32cube.ide.mcu.externaltools.gnu-tools-for-stm32.12.3.rel1.win32_1.0.200.202406191623/tools/bin/../lib/gcc/arm-none-eabi/12.3.1/../../../../arm-none-eabi/lib/thumb/v7-m/nofp\libc_nano.a(libc_a-freer.o)
                0x080091c0                _free_r
 *(.glue_7)
 .glue_7        0x08009250        0x0 linker stubs
 *(.glue_7t)
 .glue_7t       0x08009250        0x0 linker stubs
 *(.eh_frame)
 .eh_frame      0x08009250        0x0 C:/ST/STM32CubeIDE_1.16.0/STM32CubeIDE/plugins/com.st.stm32cube.ide.mcu.externaltools.gnu-tools-for-stm32.12.3.rel1.win32_1.0.200.202406191623/tools/bin/../lib/gcc/arm-none-eabi/12.3.1/thumb/v7-m/nofp/crtbegin.o
 *(.init)
 .init          0x08009250        0x4 C:/ST/STM32CubeIDE_1.16.0/STM32CubeIDE/plugins/com.st.stm32cube.ide.mcu.externaltools.gnu-tools-for-stm32.12.3.rel1.win32_1.0.200.202406191623/tools/bin/../lib/gcc/arm-none-eabi/12.3.1/thumb/v7-m/nofp/crti.o
                0x08009250                _init
 .init          0x08009254        0x8 C:/ST/STM32CubeIDE_1.16.0/STM32CubeIDE/plugins/com.st.stm32cube.ide.mcu.externaltools.gnu-tools-for-stm32.12.3.rel1.win32_1.0.200.202406191623/tools/bin/../lib/gcc/arm-none-eabi/12.3.1/thumb/v7-m/nofp/crtn.o
 *(.fini)
 .fini          0x0800925c        0x4 C:/ST/STM32CubeIDE_1.16.0/STM32CubeIDE/plugins/com.st.stm32cube.ide.mcu.externaltools.gnu-tools-for-stm32.12.3.rel1.win32_1.0.200.202406191623/tools/bin/../lib/gcc/arm-none-eabi/12.3.1/thumb/v7-m/nofp/crti.o
                0x0800925c                _fini
 .fini          0x08009260        0x8 C:/ST/STM32CubeIDE_1.16.0/STM32CubeIDE/plugins/com.st.stm32cube.ide.mcu.externaltools.gnu-tools-for-stm32.12.3.rel1.win32_1.0.200.202406191623/tools/bin/../lib/gcc/arm-none-eabi/12.3.1/thumb/v7-m/nofp/crtn.o
                0x08009268                        . = ALIGN (0x4)
                0x08009268                        _etext = .

.vfp11_veneer   0x08009268        0x0
 .vfp11_veneer  0x08009268        0x0 linker stubs

.v4_bx          0x08009268        0x0
 .v4_bx         0x08009268        0x0 linker stubs

.iplt           0x08009268        0x0
 .iplt          0x08009268        0x0 C:/ST/STM32CubeIDE_1.16.0/STM32CubeIDE/plugins/com.st.stm32cube.ide.mcu.externaltools.gnu-tools-for-stm32.12.3.rel1.win32_1.0.200.202406191623/tools/bin/../lib/gcc/arm-none-eabi/12.3.1/thumb/v7-m/nofp/crtbegin.o

.rodata         0x08009268       0x84
                0x08009268                        . = ALIGN (0x4)
 *(.rodata)
 .rodata        0x08009268       0x42 ./USB_DEVICE/App/usbd_desc.o
 *(.rodata*)
 *fill*         0x080092aa        0x2 
 .rodata.AHBPrescTable
                0x080092ac       0x10 ./Core/Src/system_stm32f1xx.o
                0x080092ac                AHBPrescTable
 .rodata.APBPrescTable
                0x080092bc        0x8 ./Core/Src/system_stm32f1xx.o
                0x080092bc                APBPrescTable
 .rodata.aPLLMULFactorTable.1
                0x080092c4       0x10 ./Drivers/STM32F1xx_HAL_Driver/Src/stm32f1xx_hal_rcc.o
 .rodata.aPredivFactorTable.0
                0x080092d4        0x2 ./Drivers/STM32F1xx_HAL_Driver/Src/stm32f1xx_hal_rcc.o
 *fill*         0x080092d6        0x2 
 .rodata.aPLLMULFactorTable.1
                0x080092d8       0x10 ./Drivers/STM32F1xx_HAL_Driver/Src/stm32f1xx_hal_rcc_ex.o
 .rodata.aPredivFactorTable.0
                0x080092e8        0x2 ./Drivers/STM32F1xx_HAL_Driver/Src/stm32f1xx_hal_rcc_ex.o
                0x080092ec                        . = ALIGN (0x4)
 *fill*         0x080092ea        0x2 

.ARM.extab      0x080092ec        0x0
                0x080092ec                        . = ALIGN (0x4)
 *(.ARM.extab* .gnu.linkonce.armextab.*)
                0x080092ec                        . = ALIGN (0x4)

.ARM            0x080092ec        0x0
                0x080092ec                        . = ALIGN (0x4)
                0x080092ec                        __exidx_start = .
 *(.ARM.exidx*)
                0x080092ec                        __exidx_end = .
                0x080092ec                        . = ALIGN (0x4)

.preinit_array  0x080092ec        0x0
                0x080092ec                        . = ALIGN (0x4)
                0x080092ec                        PROVIDE (__preinit_array_start = .)
 *(.preinit_array*)
                0x080092ec                        PROVIDE (__preinit_array_end = .)
                0x080092ec                        . = ALIGN (0x4)

.init_array     0x080092ec        0x4
                0x080092ec                        . = ALIGN (0x4)
                0x080092ec                        PROVIDE (__init_array_start = .)
 *(SORT_BY_NAME(.init_array.*))
 *(.init_array*)
 .init_array    0x080092ec        0x4 C:/ST/STM32CubeIDE_1.16.0/STM32CubeIDE/plugins/com.st.stm32cube.ide.mcu.externaltools.gnu-tools-for-stm32.12.3.rel1.win32_1.0.200.202406191623/tools/bin/../lib/gcc/arm-none-eabi/12.3.1/thumb/v7-m/nofp/crtbegin.o
                0x080092f0                        PROVIDE (__init_array_end = .)
                0x080092f0                        . = ALIGN (0x4)

.fini_array     0x080092f0        0x4
                0x080092f0                        . = ALIGN (0x4)
                [!provide]                        PROVIDE (__fini_array_start = .)
 *(SORT_BY_NAME(.fini_array.*))
 *(.fini_array*)
 .fini_array    0x080092f0        0x4 C:/ST/STM32CubeIDE_1.16.0/STM32CubeIDE/plugins/com.st.stm32cube.ide.mcu.externaltools.gnu-tools-for-stm32.12.3.rel1.win32_1.0.200.202406191623/tools/bin/../lib/gcc/arm-none-eabi/12.3.1/thumb/v7-m/nofp/crtbegin.o
                [!provide]                        PROVIDE (__fini_array_end = .)
                0x080092f4                        . = ALIGN (0x4)
                0x080092f4                        _sidata = LOADADDR (.data)

.rel.dyn        0x080092f4        0x0
 .rel.iplt      0x080092f4        0x0 C:/ST/STM32CubeIDE_1.16.0/STM32CubeIDE/plugins/com.st.stm32cube.ide.mcu.externaltools.gnu-tools-for-stm32.12.3.rel1.win32_1.0.200.202406191623/tools/bin/../lib/gcc/arm-none-eabi/12.3.1/thumb/v7-m/nofp/crtbegin.o

.data           0x20000000      0x158 load address 0x080092f4
                0x20000000                        . = ALIGN (0x4)
                0x20000000                        _sdata = .
 *(.data)
 *(.data*)
 .data.on_message
                0x20000000        0x4 ./Core/Src/stm32f1xx_it.o
                0x20000000                on_message
 .data.off_message
                0x20000004        0x4 ./Core/Src/stm32f1xx_it.o
                0x20000004                off_message
 .data.PS_message
                0x20000008        0x4 ./Core/Src/stm32f1xx_it.o
                0x20000008                PS_message
 .data.D_vol_message
                0x2000000c        0x4 ./Core/Src/stm32f1xx_it.o
                0x2000000c                D_vol_message
 .data.P_vol_message
                0x20000010        0x4 ./Core/Src/stm32f1xx_it.o
                0x20000010                P_vol_message
 .data.SystemCoreClock
                0x20000014        0x4 ./Core/Src/system_stm32f1xx.o
                0x20000014                SystemCoreClock
 .data.uwTickPrio
                0x20000018        0x4 ./Drivers/STM32F1xx_HAL_Driver/Src/stm32f1xx_hal.o
                0x20000018                uwTickPrio
 .data.uwTickFreq
                0x2000001c        0x1 ./Drivers/STM32F1xx_HAL_Driver/Src/stm32f1xx_hal.o
                0x2000001c                uwTickFreq
 *fill*         0x2000001d        0x3 
 .data.USBD_MIDI
                0x20000020       0x38 ./Middlewares/ST/STM32_USB_Device_Library/Class/MIDI/Src/usbd_midi.o
                0x20000020                USBD_MIDI
 .data.USBD_MIDI_CfgDesc
                0x20000058       0x53 ./Middlewares/ST/STM32_USB_Device_Library/Class/MIDI/Src/usbd_midi.o
 *fill*         0x200000ab        0x1 
 .data.USBD_MIDI_DeviceQualifierDesc
                0x200000ac        0xa ./Middlewares/ST/STM32_USB_Device_Library/Class/MIDI/Src/usbd_midi.o
 *fill*         0x200000b6        0x2 
 .data.FS_Desc  0x200000b8       0x1c ./USB_DEVICE/App/usbd_desc.o
                0x200000b8                FS_Desc
 .data.USBD_FS_DeviceDesc
                0x200000d4       0x12 ./USB_DEVICE/App/usbd_desc.o
                0x200000d4                USBD_FS_DeviceDesc
 *fill*         0x200000e6        0x2 
 .data.USBD_LangIDDesc
                0x200000e8        0x4 ./USB_DEVICE/App/usbd_desc.o
                0x200000e8                USBD_LangIDDesc
 .data.USBD_StringSerial
                0x200000ec       0x1a ./USB_DEVICE/App/usbd_desc.o
                0x200000ec                USBD_StringSerial
 *fill*         0x20000106        0x2 
 .data._impure_ptr
                0x20000108        0x4 C:/ST/STM32CubeIDE_1.16.0/STM32CubeIDE/plugins/com.st.stm32cube.ide.mcu.externaltools.gnu-tools-for-stm32.12.3.rel1.win32_1.0.200.202406191623/tools/bin/../lib/gcc/arm-none-eabi/12.3.1/../../../../arm-none-eabi/lib/thumb/v7-m/nofp\libc_nano.a(libc_a-impure.o)
                0x20000108                _impure_ptr
 .data._impure_data
                0x2000010c       0x4c C:/ST/STM32CubeIDE_1.16.0/STM32CubeIDE/plugins/com.st.stm32cube.ide.mcu.externaltools.gnu-tools-for-stm32.12.3.rel1.win32_1.0.200.202406191623/tools/bin/../lib/gcc/arm-none-eabi/12.3.1/../../../../arm-none-eabi/lib/thumb/v7-m/nofp\libc_nano.a(libc_a-impure.o)
                0x2000010c                _impure_data
 *(.RamFunc)
 *(.RamFunc*)
                0x20000158                        . = ALIGN (0x4)
                0x20000158                        _edata = .

.igot.plt       0x20000158        0x0 load address 0x0800944c
 .igot.plt      0x20000158        0x0 C:/ST/STM32CubeIDE_1.16.0/STM32CubeIDE/plugins/com.st.stm32cube.ide.mcu.externaltools.gnu-tools-for-stm32.12.3.rel1.win32_1.0.200.202406191623/tools/bin/../lib/gcc/arm-none-eabi/12.3.1/thumb/v7-m/nofp/crtbegin.o
                0x20000158                        . = ALIGN (0x4)

.bss            0x20000158      0xa6c load address 0x0800944c
                0x20000158                        _sbss = .
                0x20000158                        __bss_start__ = _sbss
 *(.bss)
 .bss           0x20000158       0x1c C:/ST/STM32CubeIDE_1.16.0/STM32CubeIDE/plugins/com.st.stm32cube.ide.mcu.externaltools.gnu-tools-for-stm32.12.3.rel1.win32_1.0.200.202406191623/tools/bin/../lib/gcc/arm-none-eabi/12.3.1/thumb/v7-m/nofp/crtbegin.o
 *(.bss*)
 .bss.hadc1     0x20000174       0x30 ./Core/Src/main.o
                0x20000174                hadc1
 .bss.hadc2     0x200001a4       0x30 ./Core/Src/main.o
                0x200001a4                hadc2
 .bss.htim2     0x200001d4       0x48 ./Core/Src/main.o
                0x200001d4                htim2
 .bss.htim3     0x2000021c       0x48 ./Core/Src/main.o
                0x2000021c                htim3
 .bss.head      0x20000264        0x4 ./Core/Src/queue.o
 .bss.tail      0x20000268        0x4 ./Core/Src/queue.o
 .bss.max_size  0x2000026c        0x2 ./Core/Src/queue.o
 .bss.curr_size
                0x2000026e        0x2 ./Core/Src/queue.o
 .bss.control_toggled
                0x20000270        0x1 ./Core/Src/stm32f1xx_it.o
                0x20000270                control_toggled
 .bss.play_toggled
                0x20000271        0x1 ./Core/Src/stm32f1xx_it.o
                0x20000271                play_toggled
 .bss.pressed   0x20000272        0x1 ./Core/Src/stm32f1xx_it.o
                0x20000272                pressed
 *fill*         0x20000273        0x1 
 .bss.D_previous
                0x20000274        0x2 ./Core/Src/stm32f1xx_it.o
                0x20000274                D_previous
 .bss.D_current
                0x20000276        0x2 ./Core/Src/stm32f1xx_it.o
                0x20000276                D_current
 .bss.D_sum     0x20000278        0x2 ./Core/Src/stm32f1xx_it.o
                0x20000278                D_sum
 .bss.P_previous
                0x2000027a        0x2 ./Core/Src/stm32f1xx_it.o
                0x2000027a                P_previous
 .bss.P_current
                0x2000027c        0x2 ./Core/Src/stm32f1xx_it.o
                0x2000027c                P_current
 .bss.P_sum     0x2000027e        0x2 ./Core/Src/stm32f1xx_it.o
                0x2000027e                P_sum
 .bss.__sbrk_heap_end
                0x20000280        0x4 ./Core/Src/sysmem.o
 .bss.uwTick    0x20000284        0x4 ./Drivers/STM32F1xx_HAL_Driver/Src/stm32f1xx_hal.o
                0x20000284                uwTick
 .bss.usb_rx_buffer
                0x20000288       0x40 ./Middlewares/ST/STM32_USB_Device_Library/Class/MIDI/Src/usbd_midi.o
 .bss.cfgidx.0  0x200002c8        0x1 ./Middlewares/ST/STM32_USB_Device_Library/Core/Src/usbd_ctlreq.o
 *fill*         0x200002c9        0x3 
 .bss.hUsbDeviceFS
                0x200002cc      0x2c4 ./USB_DEVICE/App/usb_device.o
                0x200002cc                hUsbDeviceFS
 .bss.USBD_StrDesc
                0x20000590      0x200 ./USB_DEVICE/App/usbd_desc.o
                0x20000590                USBD_StrDesc
 .bss.hpcd_USB_FS
                0x20000790      0x2d8 ./USB_DEVICE/Target/usbd_conf.o
                0x20000790                hpcd_USB_FS
 .bss.mem.0     0x20000a68       0x14 ./USB_DEVICE/Target/usbd_conf.o
 .bss.__malloc_sbrk_start
                0x20000a7c        0x4 C:/ST/STM32CubeIDE_1.16.0/STM32CubeIDE/plugins/com.st.stm32cube.ide.mcu.externaltools.gnu-tools-for-stm32.12.3.rel1.win32_1.0.200.202406191623/tools/bin/../lib/gcc/arm-none-eabi/12.3.1/../../../../arm-none-eabi/lib/thumb/v7-m/nofp\libc_nano.a(libc_a-mallocr.o)
                0x20000a7c                __malloc_sbrk_start
 .bss.__malloc_free_list
                0x20000a80        0x4 C:/ST/STM32CubeIDE_1.16.0/STM32CubeIDE/plugins/com.st.stm32cube.ide.mcu.externaltools.gnu-tools-for-stm32.12.3.rel1.win32_1.0.200.202406191623/tools/bin/../lib/gcc/arm-none-eabi/12.3.1/../../../../arm-none-eabi/lib/thumb/v7-m/nofp\libc_nano.a(libc_a-mallocr.o)
                0x20000a80                __malloc_free_list
 .bss.__sf      0x20000a84      0x138 C:/ST/STM32CubeIDE_1.16.0/STM32CubeIDE/plugins/com.st.stm32cube.ide.mcu.externaltools.gnu-tools-for-stm32.12.3.rel1.win32_1.0.200.202406191623/tools/bin/../lib/gcc/arm-none-eabi/12.3.1/../../../../arm-none-eabi/lib/thumb/v7-m/nofp\libc_nano.a(libc_a-findfp.o)
                0x20000a84                __sf
 .bss.errno     0x20000bbc        0x4 C:/ST/STM32CubeIDE_1.16.0/STM32CubeIDE/plugins/com.st.stm32cube.ide.mcu.externaltools.gnu-tools-for-stm32.12.3.rel1.win32_1.0.200.202406191623/tools/bin/../lib/gcc/arm-none-eabi/12.3.1/../../../../arm-none-eabi/lib/thumb/v7-m/nofp\libc_nano.a(libc_a-reent.o)
                0x20000bbc                errno
 .bss.__lock___malloc_recursive_mutex
                0x20000bc0        0x1 C:/ST/STM32CubeIDE_1.16.0/STM32CubeIDE/plugins/com.st.stm32cube.ide.mcu.externaltools.gnu-tools-for-stm32.12.3.rel1.win32_1.0.200.202406191623/tools/bin/../lib/gcc/arm-none-eabi/12.3.1/../../../../arm-none-eabi/lib/thumb/v7-m/nofp\libc_nano.a(libc_a-lock.o)
                0x20000bc0                __lock___malloc_recursive_mutex
 *(COMMON)
                0x20000bc4                        . = ALIGN (0x4)
 *fill*         0x20000bc1        0x3 
                0x20000bc4                        _ebss = .
                0x20000bc4                        __bss_end__ = _ebss

._user_heap_stack
                0x20000bc4      0x604 load address 0x0800944c
                0x20000bc8                        . = ALIGN (0x8)
 *fill*         0x20000bc4        0x4 
                [!provide]                        PROVIDE (end = .)
                0x20000bc8                        PROVIDE (_end = .)
                0x20000dc8                        . = (. + _Min_Heap_Size)
 *fill*         0x20000bc8      0x200 
                0x200011c8                        . = (. + _Min_Stack_Size)
 *fill*         0x20000dc8      0x400 
                0x200011c8                        . = ALIGN (0x8)

/DISCARD/
 libc.a(*)
 libm.a(*)
 libgcc.a(*)

.ARM.attributes
                0x00000000       0x29
 *(.ARM.attributes)
 .ARM.attributes
                0x00000000       0x1d C:/ST/STM32CubeIDE_1.16.0/STM32CubeIDE/plugins/com.st.stm32cube.ide.mcu.externaltools.gnu-tools-for-stm32.12.3.rel1.win32_1.0.200.202406191623/tools/bin/../lib/gcc/arm-none-eabi/12.3.1/thumb/v7-m/nofp/crti.o
 .ARM.attributes
                0x0000001d       0x2d C:/ST/STM32CubeIDE_1.16.0/STM32CubeIDE/plugins/com.st.stm32cube.ide.mcu.externaltools.gnu-tools-for-stm32.12.3.rel1.win32_1.0.200.202406191623/tools/bin/../lib/gcc/arm-none-eabi/12.3.1/thumb/v7-m/nofp/crtbegin.o
 .ARM.attributes
                0x0000004a       0x2d ./Core/Src/main.o
 .ARM.attributes
                0x00000077       0x2d ./Core/Src/queue.o
 .ARM.attributes
                0x000000a4       0x2d ./Core/Src/stm32f1xx_hal_msp.o
 .ARM.attributes
                0x000000d1       0x2d ./Core/Src/stm32f1xx_it.o
 .ARM.attributes
                0x000000fe       0x2d ./Core/Src/sysmem.o
 .ARM.attributes
                0x0000012b       0x2d ./Core/Src/system_stm32f1xx.o
 .ARM.attributes
                0x00000158       0x21 ./Core/Startup/startup_stm32f103c8tx.o
 .ARM.attributes
                0x00000179       0x2d ./Drivers/STM32F1xx_HAL_Driver/Src/stm32f1xx_hal.o
 .ARM.attributes
                0x000001a6       0x2d ./Drivers/STM32F1xx_HAL_Driver/Src/stm32f1xx_hal_adc.o
 .ARM.attributes
                0x000001d3       0x2d ./Drivers/STM32F1xx_HAL_Driver/Src/stm32f1xx_hal_cortex.o
 .ARM.attributes
                0x00000200       0x2d ./Drivers/STM32F1xx_HAL_Driver/Src/stm32f1xx_hal_gpio.o
 .ARM.attributes
                0x0000022d       0x2d ./Drivers/STM32F1xx_HAL_Driver/Src/stm32f1xx_hal_pcd.o
 .ARM.attributes
                0x0000025a       0x2d ./Drivers/STM32F1xx_HAL_Driver/Src/stm32f1xx_hal_pcd_ex.o
 .ARM.attributes
                0x00000287       0x2d ./Drivers/STM32F1xx_HAL_Driver/Src/stm32f1xx_hal_rcc.o
 .ARM.attributes
                0x000002b4       0x2d ./Drivers/STM32F1xx_HAL_Driver/Src/stm32f1xx_hal_rcc_ex.o
 .ARM.attributes
                0x000002e1       0x2d ./Drivers/STM32F1xx_HAL_Driver/Src/stm32f1xx_hal_tim.o
 .ARM.attributes
                0x0000030e       0x2d ./Drivers/STM32F1xx_HAL_Driver/Src/stm32f1xx_hal_tim_ex.o
 .ARM.attributes
                0x0000033b       0x2d ./Drivers/STM32F1xx_HAL_Driver/Src/stm32f1xx_ll_usb.o
 .ARM.attributes
                0x00000368       0x2d ./Middlewares/ST/STM32_USB_Device_Library/Class/MIDI/Src/usbd_midi.o
 .ARM.attributes
                0x00000395       0x2d ./Middlewares/ST/STM32_USB_Device_Library/Core/Src/usbd_core.o
 .ARM.attributes
                0x000003c2       0x2d ./Middlewares/ST/STM32_USB_Device_Library/Core/Src/usbd_ctlreq.o
 .ARM.attributes
                0x000003ef       0x2d ./Middlewares/ST/STM32_USB_Device_Library/Core/Src/usbd_ioreq.o
 .ARM.attributes
                0x0000041c       0x2d ./USB_DEVICE/App/usb_device.o
 .ARM.attributes
                0x00000449       0x2d ./USB_DEVICE/App/usbd_desc.o
 .ARM.attributes
                0x00000476       0x2d ./USB_DEVICE/Target/usbd_conf.o
 .ARM.attributes
                0x000004a3       0x2d C:/ST/STM32CubeIDE_1.16.0/STM32CubeIDE/plugins/com.st.stm32cube.ide.mcu.externaltools.gnu-tools-for-stm32.12.3.rel1.win32_1.0.200.202406191623/tools/bin/../lib/gcc/arm-none-eabi/12.3.1/../../../../arm-none-eabi/lib/thumb/v7-m/nofp\libc_nano.a(libc_a-malloc.o)
 .ARM.attributes
                0x000004d0       0x2d C:/ST/STM32CubeIDE_1.16.0/STM32CubeIDE/plugins/com.st.stm32cube.ide.mcu.externaltools.gnu-tools-for-stm32.12.3.rel1.win32_1.0.200.202406191623/tools/bin/../lib/gcc/arm-none-eabi/12.3.1/../../../../arm-none-eabi/lib/thumb/v7-m/nofp\libc_nano.a(libc_a-mallocr.o)
 .ARM.attributes
                0x000004fd       0x2d C:/ST/STM32CubeIDE_1.16.0/STM32CubeIDE/plugins/com.st.stm32cube.ide.mcu.externaltools.gnu-tools-for-stm32.12.3.rel1.win32_1.0.200.202406191623/tools/bin/../lib/gcc/arm-none-eabi/12.3.1/../../../../arm-none-eabi/lib/thumb/v7-m/nofp\libc_nano.a(libc_a-mlock.o)
 .ARM.attributes
                0x0000052a       0x2d C:/ST/STM32CubeIDE_1.16.0/STM32CubeIDE/plugins/com.st.stm32cube.ide.mcu.externaltools.gnu-tools-for-stm32.12.3.rel1.win32_1.0.200.202406191623/tools/bin/../lib/gcc/arm-none-eabi/12.3.1/../../../../arm-none-eabi/lib/thumb/v7-m/nofp\libc_nano.a(libc_a-findfp.o)
 .ARM.attributes
                0x00000557       0x2d C:/ST/STM32CubeIDE_1.16.0/STM32CubeIDE/plugins/com.st.stm32cube.ide.mcu.externaltools.gnu-tools-for-stm32.12.3.rel1.win32_1.0.200.202406191623/tools/bin/../lib/gcc/arm-none-eabi/12.3.1/../../../../arm-none-eabi/lib/thumb/v7-m/nofp\libc_nano.a(libc_a-memset.o)
 .ARM.attributes
                0x00000584       0x2d C:/ST/STM32CubeIDE_1.16.0/STM32CubeIDE/plugins/com.st.stm32cube.ide.mcu.externaltools.gnu-tools-for-stm32.12.3.rel1.win32_1.0.200.202406191623/tools/bin/../lib/gcc/arm-none-eabi/12.3.1/../../../../arm-none-eabi/lib/thumb/v7-m/nofp\libc_nano.a(libc_a-reent.o)
 .ARM.attributes
                0x000005b1       0x2d C:/ST/STM32CubeIDE_1.16.0/STM32CubeIDE/plugins/com.st.stm32cube.ide.mcu.externaltools.gnu-tools-for-stm32.12.3.rel1.win32_1.0.200.202406191623/tools/bin/../lib/gcc/arm-none-eabi/12.3.1/../../../../arm-none-eabi/lib/thumb/v7-m/nofp\libc_nano.a(libc_a-impure.o)
 .ARM.attributes
                0x000005de       0x2d C:/ST/STM32CubeIDE_1.16.0/STM32CubeIDE/plugins/com.st.stm32cube.ide.mcu.externaltools.gnu-tools-for-stm32.12.3.rel1.win32_1.0.200.202406191623/tools/bin/../lib/gcc/arm-none-eabi/12.3.1/../../../../arm-none-eabi/lib/thumb/v7-m/nofp\libc_nano.a(libc_a-sbrkr.o)
 .ARM.attributes
                0x0000060b       0x2d C:/ST/STM32CubeIDE_1.16.0/STM32CubeIDE/plugins/com.st.stm32cube.ide.mcu.externaltools.gnu-tools-for-stm32.12.3.rel1.win32_1.0.200.202406191623/tools/bin/../lib/gcc/arm-none-eabi/12.3.1/../../../../arm-none-eabi/lib/thumb/v7-m/nofp\libc_nano.a(libc_a-errno.o)
 .ARM.attributes
                0x00000638       0x2d C:/ST/STM32CubeIDE_1.16.0/STM32CubeIDE/plugins/com.st.stm32cube.ide.mcu.externaltools.gnu-tools-for-stm32.12.3.rel1.win32_1.0.200.202406191623/tools/bin/../lib/gcc/arm-none-eabi/12.3.1/../../../../arm-none-eabi/lib/thumb/v7-m/nofp\libc_nano.a(libc_a-init.o)
 .ARM.attributes
                0x00000665       0x2d C:/ST/STM32CubeIDE_1.16.0/STM32CubeIDE/plugins/com.st.stm32cube.ide.mcu.externaltools.gnu-tools-for-stm32.12.3.rel1.win32_1.0.200.202406191623/tools/bin/../lib/gcc/arm-none-eabi/12.3.1/../../../../arm-none-eabi/lib/thumb/v7-m/nofp\libc_nano.a(libc_a-lock.o)
 .ARM.attributes
                0x00000692       0x2d C:/ST/STM32CubeIDE_1.16.0/STM32CubeIDE/plugins/com.st.stm32cube.ide.mcu.externaltools.gnu-tools-for-stm32.12.3.rel1.win32_1.0.200.202406191623/tools/bin/../lib/gcc/arm-none-eabi/12.3.1/../../../../arm-none-eabi/lib/thumb/v7-m/nofp\libc_nano.a(libc_a-freer.o)
 .ARM.attributes
                0x000006bf       0x1d C:/ST/STM32CubeIDE_1.16.0/STM32CubeIDE/plugins/com.st.stm32cube.ide.mcu.externaltools.gnu-tools-for-stm32.12.3.rel1.win32_1.0.200.202406191623/tools/bin/../lib/gcc/arm-none-eabi/12.3.1/thumb/v7-m/nofp/crtn.o
OUTPUT(Blue Pill Midi Controller.elf elf32-littlearm)
LOAD linker stubs
LOAD C:/ST/STM32CubeIDE_1.16.0/STM32CubeIDE/plugins/com.st.stm32cube.ide.mcu.externaltools.gnu-tools-for-stm32.12.3.rel1.win32_1.0.200.202406191623/tools/bin/../lib/gcc/arm-none-eabi/12.3.1/../../../../arm-none-eabi/lib/thumb/v7-m/nofp\libc.a
LOAD C:/ST/STM32CubeIDE_1.16.0/STM32CubeIDE/plugins/com.st.stm32cube.ide.mcu.externaltools.gnu-tools-for-stm32.12.3.rel1.win32_1.0.200.202406191623/tools/bin/../lib/gcc/arm-none-eabi/12.3.1/../../../../arm-none-eabi/lib/thumb/v7-m/nofp\libm.a
LOAD C:/ST/STM32CubeIDE_1.16.0/STM32CubeIDE/plugins/com.st.stm32cube.ide.mcu.externaltools.gnu-tools-for-stm32.12.3.rel1.win32_1.0.200.202406191623/tools/bin/../lib/gcc/arm-none-eabi/12.3.1/thumb/v7-m/nofp\libgcc.a

.debug_info     0x00000000    0x1290d
 .debug_info    0x00000000     0x1618 ./Core/Src/main.o
 .debug_info    0x00001618      0x2f7 ./Core/Src/queue.o
 .debug_info    0x0000190f      0xd50 ./Core/Src/stm32f1xx_hal_msp.o
 .debug_info    0x0000265f     0x127f ./Core/Src/stm32f1xx_it.o
 .debug_info    0x000038de      0x168 ./Core/Src/sysmem.o
 .debug_info    0x00003a46      0x222 ./Core/Src/system_stm32f1xx.o
 .debug_info    0x00003c68       0x30 ./Core/Startup/startup_stm32f103c8tx.o
 .debug_info    0x00003c98      0x704 ./Drivers/STM32F1xx_HAL_Driver/Src/stm32f1xx_hal.o
 .debug_info    0x0000439c      0xc50 ./Drivers/STM32F1xx_HAL_Driver/Src/stm32f1xx_hal_adc.o
 .debug_info    0x00004fec      0xa87 ./Drivers/STM32F1xx_HAL_Driver/Src/stm32f1xx_hal_cortex.o
 .debug_info    0x00005a73      0x5ab ./Drivers/STM32F1xx_HAL_Driver/Src/stm32f1xx_hal_gpio.o
 .debug_info    0x0000601e     0x16dc ./Drivers/STM32F1xx_HAL_Driver/Src/stm32f1xx_hal_pcd.o
 .debug_info    0x000076fa      0x6c3 ./Drivers/STM32F1xx_HAL_Driver/Src/stm32f1xx_hal_pcd_ex.o
 .debug_info    0x00007dbd      0x7d5 ./Drivers/STM32F1xx_HAL_Driver/Src/stm32f1xx_hal_rcc.o
 .debug_info    0x00008592      0x3c0 ./Drivers/STM32F1xx_HAL_Driver/Src/stm32f1xx_hal_rcc_ex.o
 .debug_info    0x00008952     0x2959 ./Drivers/STM32F1xx_HAL_Driver/Src/stm32f1xx_hal_tim.o
 .debug_info    0x0000b2ab     0x149b ./Drivers/STM32F1xx_HAL_Driver/Src/stm32f1xx_hal_tim_ex.o
 .debug_info    0x0000c746     0x17ae ./Drivers/STM32F1xx_HAL_Driver/Src/stm32f1xx_ll_usb.o
 .debug_info    0x0000def4      0xe33 ./Middlewares/ST/STM32_USB_Device_Library/Class/MIDI/Src/usbd_midi.o
 .debug_info    0x0000ed27      0xa52 ./Middlewares/ST/STM32_USB_Device_Library/Core/Src/usbd_core.o
 .debug_info    0x0000f779      0x91c ./Middlewares/ST/STM32_USB_Device_Library/Core/Src/usbd_ctlreq.o
 .debug_info    0x00010095      0x6a0 ./Middlewares/ST/STM32_USB_Device_Library/Core/Src/usbd_ioreq.o
 .debug_info    0x00010735      0x53a ./USB_DEVICE/App/usb_device.o
 .debug_info    0x00010c6f      0x44a ./USB_DEVICE/App/usbd_desc.o
 .debug_info    0x000110b9     0x1854 ./USB_DEVICE/Target/usbd_conf.o

.debug_abbrev   0x00000000     0x33c6
 .debug_abbrev  0x00000000      0x307 ./Core/Src/main.o
 .debug_abbrev  0x00000307      0x1a7 ./Core/Src/queue.o
 .debug_abbrev  0x000004ae      0x1d6 ./Core/Src/stm32f1xx_hal_msp.o
 .debug_abbrev  0x00000684      0x2d5 ./Core/Src/stm32f1xx_it.o
 .debug_abbrev  0x00000959       0xbc ./Core/Src/sysmem.o
 .debug_abbrev  0x00000a15      0x13f ./Core/Src/system_stm32f1xx.o
 .debug_abbrev  0x00000b54       0x24 ./Core/Startup/startup_stm32f103c8tx.o
 .debug_abbrev  0x00000b78      0x201 ./Drivers/STM32F1xx_HAL_Driver/Src/stm32f1xx_hal.o
 .debug_abbrev  0x00000d79      0x225 ./Drivers/STM32F1xx_HAL_Driver/Src/stm32f1xx_hal_adc.o
 .debug_abbrev  0x00000f9e      0x2f8 ./Drivers/STM32F1xx_HAL_Driver/Src/stm32f1xx_hal_cortex.o
 .debug_abbrev  0x00001296      0x1ca ./Drivers/STM32F1xx_HAL_Driver/Src/stm32f1xx_hal_gpio.o
 .debug_abbrev  0x00001460      0x2d6 ./Drivers/STM32F1xx_HAL_Driver/Src/stm32f1xx_hal_pcd.o
 .debug_abbrev  0x00001736      0x189 ./Drivers/STM32F1xx_HAL_Driver/Src/stm32f1xx_hal_pcd_ex.o
 .debug_abbrev  0x000018bf      0x2b3 ./Drivers/STM32F1xx_HAL_Driver/Src/stm32f1xx_hal_rcc.o
 .debug_abbrev  0x00001b72      0x188 ./Drivers/STM32F1xx_HAL_Driver/Src/stm32f1xx_hal_rcc_ex.o
 .debug_abbrev  0x00001cfa      0x277 ./Drivers/STM32F1xx_HAL_Driver/Src/stm32f1xx_hal_tim.o
 .debug_abbrev  0x00001f71      0x282 ./Drivers/STM32F1xx_HAL_Driver/Src/stm32f1xx_hal_tim_ex.o
 .debug_abbrev  0x000021f3      0x1de ./Drivers/STM32F1xx_HAL_Driver/Src/stm32f1xx_ll_usb.o
 .debug_abbrev  0x000023d1      0x311 ./Middlewares/ST/STM32_USB_Device_Library/Class/MIDI/Src/usbd_midi.o
 .debug_abbrev  0x000026e2      0x24a ./Middlewares/ST/STM32_USB_Device_Library/Core/Src/usbd_core.o
 .debug_abbrev  0x0000292c      0x26b ./Middlewares/ST/STM32_USB_Device_Library/Core/Src/usbd_ctlreq.o
 .debug_abbrev  0x00002b97      0x192 ./Middlewares/ST/STM32_USB_Device_Library/Core/Src/usbd_ioreq.o
 .debug_abbrev  0x00002d29      0x188 ./USB_DEVICE/App/usb_device.o
 .debug_abbrev  0x00002eb1      0x1ff ./USB_DEVICE/App/usbd_desc.o
 .debug_abbrev  0x000030b0      0x316 ./USB_DEVICE/Target/usbd_conf.o

.debug_aranges  0x00000000     0x1120
 .debug_aranges
                0x00000000       0x68 ./Core/Src/main.o
 .debug_aranges
                0x00000068       0x48 ./Core/Src/queue.o
 .debug_aranges
                0x000000b0       0x40 ./Core/Src/stm32f1xx_hal_msp.o
 .debug_aranges
                0x000000f0       0x88 ./Core/Src/stm32f1xx_it.o
 .debug_aranges
                0x00000178       0x20 ./Core/Src/sysmem.o
 .debug_aranges
                0x00000198       0x28 ./Core/Src/system_stm32f1xx.o
 .debug_aranges
                0x000001c0       0x28 ./Core/Startup/startup_stm32f103c8tx.o
 .debug_aranges
                0x000001e8       0xe0 ./Drivers/STM32F1xx_HAL_Driver/Src/stm32f1xx_hal.o
 .debug_aranges
                0x000002c8       0xf0 ./Drivers/STM32F1xx_HAL_Driver/Src/stm32f1xx_hal_adc.o
 .debug_aranges
                0x000003b8      0x100 ./Drivers/STM32F1xx_HAL_Driver/Src/stm32f1xx_hal_cortex.o
 .debug_aranges
                0x000004b8       0x58 ./Drivers/STM32F1xx_HAL_Driver/Src/stm32f1xx_hal_gpio.o
 .debug_aranges
                0x00000510      0x140 ./Drivers/STM32F1xx_HAL_Driver/Src/stm32f1xx_hal_pcd.o
 .debug_aranges
                0x00000650       0x38 ./Drivers/STM32F1xx_HAL_Driver/Src/stm32f1xx_hal_pcd_ex.o
 .debug_aranges
                0x00000688       0x90 ./Drivers/STM32F1xx_HAL_Driver/Src/stm32f1xx_hal_rcc.o
 .debug_aranges
                0x00000718       0x30 ./Drivers/STM32F1xx_HAL_Driver/Src/stm32f1xx_hal_rcc_ex.o
 .debug_aranges
                0x00000748      0x3d0 ./Drivers/STM32F1xx_HAL_Driver/Src/stm32f1xx_hal_tim.o
 .debug_aranges
                0x00000b18      0x168 ./Drivers/STM32F1xx_HAL_Driver/Src/stm32f1xx_hal_tim_ex.o
 .debug_aranges
                0x00000c80       0xf8 ./Drivers/STM32F1xx_HAL_Driver/Src/stm32f1xx_ll_usb.o
 .debug_aranges
                0x00000d78       0x80 ./Middlewares/ST/STM32_USB_Device_Library/Class/MIDI/Src/usbd_midi.o
 .debug_aranges
                0x00000df8       0xb8 ./Middlewares/ST/STM32_USB_Device_Library/Core/Src/usbd_core.o
 .debug_aranges
                0x00000eb0       0x88 ./Middlewares/ST/STM32_USB_Device_Library/Core/Src/usbd_ctlreq.o
 .debug_aranges
                0x00000f38       0x50 ./Middlewares/ST/STM32_USB_Device_Library/Core/Src/usbd_ioreq.o
 .debug_aranges
                0x00000f88       0x20 ./USB_DEVICE/App/usb_device.o
 .debug_aranges
                0x00000fa8       0x60 ./USB_DEVICE/App/usbd_desc.o
 .debug_aranges
                0x00001008      0x118 ./USB_DEVICE/Target/usbd_conf.o

.debug_rnglists
                0x00000000      0xcfb
 .debug_rnglists
                0x00000000       0x4f ./Core/Src/main.o
 .debug_rnglists
                0x0000004f       0x32 ./Core/Src/queue.o
 .debug_rnglists
                0x00000081       0x2d ./Core/Src/stm32f1xx_hal_msp.o
 .debug_rnglists
                0x000000ae       0x63 ./Core/Src/stm32f1xx_it.o
 .debug_rnglists
                0x00000111       0x13 ./Core/Src/sysmem.o
 .debug_rnglists
                0x00000124       0x1a ./Core/Src/system_stm32f1xx.o
 .debug_rnglists
                0x0000013e       0x19 ./Core/Startup/startup_stm32f103c8tx.o
 .debug_rnglists
                0x00000157       0xa3 ./Drivers/STM32F1xx_HAL_Driver/Src/stm32f1xx_hal.o
 .debug_rnglists
                0x000001fa       0xbc ./Drivers/STM32F1xx_HAL_Driver/Src/stm32f1xx_hal_adc.o
 .debug_rnglists
                0x000002b6       0xbb ./Drivers/STM32F1xx_HAL_Driver/Src/stm32f1xx_hal_cortex.o
 .debug_rnglists
                0x00000371       0x3f ./Drivers/STM32F1xx_HAL_Driver/Src/stm32f1xx_hal_gpio.o
 .debug_rnglists
                0x000003b0       0xf4 ./Drivers/STM32F1xx_HAL_Driver/Src/stm32f1xx_hal_pcd.o
 .debug_rnglists
                0x000004a4       0x26 ./Drivers/STM32F1xx_HAL_Driver/Src/stm32f1xx_hal_pcd_ex.o
 .debug_rnglists
                0x000004ca       0x6c ./Drivers/STM32F1xx_HAL_Driver/Src/stm32f1xx_hal_rcc.o
 .debug_rnglists
                0x00000536       0x21 ./Drivers/STM32F1xx_HAL_Driver/Src/stm32f1xx_hal_rcc_ex.o
 .debug_rnglists
                0x00000557      0x31a ./Drivers/STM32F1xx_HAL_Driver/Src/stm32f1xx_hal_tim.o
 .debug_rnglists
                0x00000871      0x125 ./Drivers/STM32F1xx_HAL_Driver/Src/stm32f1xx_hal_tim_ex.o
 .debug_rnglists
                0x00000996       0xbd ./Drivers/STM32F1xx_HAL_Driver/Src/stm32f1xx_ll_usb.o
 .debug_rnglists
                0x00000a53       0x5c ./Middlewares/ST/STM32_USB_Device_Library/Class/MIDI/Src/usbd_midi.o
 .debug_rnglists
                0x00000aaf       0x89 ./Middlewares/ST/STM32_USB_Device_Library/Core/Src/usbd_core.o
 .debug_rnglists
                0x00000b38       0x68 ./Middlewares/ST/STM32_USB_Device_Library/Core/Src/usbd_ctlreq.o
 .debug_rnglists
                0x00000ba0       0x37 ./Middlewares/ST/STM32_USB_Device_Library/Core/Src/usbd_ioreq.o
 .debug_rnglists
                0x00000bd7       0x13 ./USB_DEVICE/App/usb_device.o
 .debug_rnglists
                0x00000bea       0x43 ./USB_DEVICE/App/usbd_desc.o
 .debug_rnglists
                0x00000c2d       0xce ./USB_DEVICE/Target/usbd_conf.o

.debug_macro    0x00000000    0x1af51
 .debug_macro   0x00000000      0x398 ./Core/Src/main.o
 .debug_macro   0x00000398      0xaa8 ./Core/Src/main.o
 .debug_macro   0x00000e40      0x221 ./Core/Src/main.o
 .debug_macro   0x00001061       0x2e ./Core/Src/main.o
 .debug_macro   0x0000108f       0x22 ./Core/Src/main.o
 .debug_macro   0x000010b1       0x22 ./Core/Src/main.o
 .debug_macro   0x000010d3       0x8e ./Core/Src/main.o
 .debug_macro   0x00001161       0x51 ./Core/Src/main.o
 .debug_macro   0x000011b2      0x103 ./Core/Src/main.o
 .debug_macro   0x000012b5       0x6a ./Core/Src/main.o
 .debug_macro   0x0000131f      0x1df ./Core/Src/main.o
 .debug_macro   0x000014fe       0x1c ./Core/Src/main.o
 .debug_macro   0x0000151a       0x22 ./Core/Src/main.o
 .debug_macro   0x0000153c       0xbd ./Core/Src/main.o
 .debug_macro   0x000015f9      0xd23 ./Core/Src/main.o
 .debug_macro   0x0000231c     0xe09e ./Core/Src/main.o
 .debug_macro   0x000103ba       0x6d ./Core/Src/main.o
 .debug_macro   0x00010427     0x34a2 ./Core/Src/main.o
 .debug_macro   0x000138c9      0x189 ./Core/Src/main.o
 .debug_macro   0x00013a52       0x5c ./Core/Src/main.o
 .debug_macro   0x00013aae      0x5bc ./Core/Src/main.o
 .debug_macro   0x0001406a      0x289 ./Core/Src/main.o
 .debug_macro   0x000142f3      0x1cb ./Core/Src/main.o
 .debug_macro   0x000144be      0x114 ./Core/Src/main.o
 .debug_macro   0x000145d2      0x1b2 ./Core/Src/main.o
 .debug_macro   0x00014784       0x27 ./Core/Src/main.o
 .debug_macro   0x000147ab      0x136 ./Core/Src/main.o
 .debug_macro   0x000148e1      0x1bc ./Core/Src/main.o
 .debug_macro   0x00014a9d       0x34 ./Core/Src/main.o
 .debug_macro   0x00014ad1       0x3c ./Core/Src/main.o
 .debug_macro   0x00014b0d       0x57 ./Core/Src/main.o
 .debug_macro   0x00014b64      0x46a ./Core/Src/main.o
 .debug_macro   0x00014fce      0x1b5 ./Core/Src/main.o
 .debug_macro   0x00015183       0x87 ./Core/Src/main.o
 .debug_macro   0x0001520a      0x240 ./Core/Src/main.o
 .debug_macro   0x0001544a      0x140 ./Core/Src/main.o
 .debug_macro   0x0001558a      0x8ed ./Core/Src/main.o
 .debug_macro   0x00015e77       0xb7 ./Core/Src/main.o
 .debug_macro   0x00015f2e      0x242 ./Core/Src/main.o
 .debug_macro   0x00016170       0x83 ./Core/Src/main.o
 .debug_macro   0x000161f3       0xc4 ./Core/Src/main.o
 .debug_macro   0x000162b7       0x61 ./Core/Src/main.o
 .debug_macro   0x00016318       0x24 ./Core/Src/main.o
 .debug_macro   0x0001633c       0x43 ./Core/Src/main.o
 .debug_macro   0x0001637f       0x34 ./Core/Src/main.o
 .debug_macro   0x000163b3       0x16 ./Core/Src/main.o
 .debug_macro   0x000163c9       0x35 ./Core/Src/main.o
 .debug_macro   0x000163fe      0x369 ./Core/Src/main.o
 .debug_macro   0x00016767       0x10 ./Core/Src/main.o
 .debug_macro   0x00016777       0x16 ./Core/Src/main.o
 .debug_macro   0x0001678d       0x43 ./Core/Src/main.o
 .debug_macro   0x000167d0       0x34 ./Core/Src/main.o
 .debug_macro   0x00016804       0x10 ./Core/Src/main.o
 .debug_macro   0x00016814       0x58 ./Core/Src/main.o
 .debug_macro   0x0001686c       0x8e ./Core/Src/main.o
 .debug_macro   0x000168fa       0x1c ./Core/Src/main.o
 .debug_macro   0x00016916      0x177 ./Core/Src/main.o
 .debug_macro   0x00016a8d       0x16 ./Core/Src/main.o
 .debug_macro   0x00016aa3       0x16 ./Core/Src/main.o
 .debug_macro   0x00016ab9      0x146 ./Core/Src/main.o
 .debug_macro   0x00016bff       0x16 ./Core/Src/main.o
 .debug_macro   0x00016c15       0x16 ./Core/Src/main.o
 .debug_macro   0x00016c2b       0x29 ./Core/Src/main.o
 .debug_macro   0x00016c54       0x16 ./Core/Src/main.o
 .debug_macro   0x00016c6a       0x20 ./Core/Src/main.o
 .debug_macro   0x00016c8a       0x5f ./Core/Src/main.o
 .debug_macro   0x00016ce9      0x1c8 ./Core/Src/main.o
 .debug_macro   0x00016eb1      0x112 ./Core/Src/main.o
 .debug_macro   0x00016fc3       0x22 ./Core/Src/main.o
 .debug_macro   0x00016fe5      0x1ab ./Core/Src/queue.o
 .debug_macro   0x00017190       0x5b ./Core/Src/queue.o
 .debug_macro   0x000171eb       0x94 ./Core/Src/queue.o
 .debug_macro   0x0001727f      0x11c ./Core/Src/queue.o
 .debug_macro   0x0001739b       0x94 ./Core/Src/queue.o
 .debug_macro   0x0001742f       0x57 ./Core/Src/queue.o
 .debug_macro   0x00017486       0x1c ./Core/Src/queue.o
 .debug_macro   0x000174a2       0x1c ./Core/Src/queue.o
 .debug_macro   0x000174be      0x1e0 ./Core/Src/stm32f1xx_hal_msp.o
 .debug_macro   0x0001769e      0x3db ./Core/Src/stm32f1xx_it.o
 .debug_macro   0x00017a79       0x10 ./Core/Src/stm32f1xx_it.o
 .debug_macro   0x00017a89       0xff ./Core/Src/sysmem.o
 .debug_macro   0x00017b88      0x23c ./Core/Src/sysmem.o
 .debug_macro   0x00017dc4      0x1d1 ./Core/Src/system_stm32f1xx.o
 .debug_macro   0x00017f95      0x1f5 ./Drivers/STM32F1xx_HAL_Driver/Src/stm32f1xx_hal.o
 .debug_macro   0x0001818a      0x1ee ./Drivers/STM32F1xx_HAL_Driver/Src/stm32f1xx_hal_adc.o
 .debug_macro   0x00018378      0x1d1 ./Drivers/STM32F1xx_HAL_Driver/Src/stm32f1xx_hal_cortex.o
 .debug_macro   0x00018549      0x23c ./Drivers/STM32F1xx_HAL_Driver/Src/stm32f1xx_hal_gpio.o
 .debug_macro   0x00018785      0x1dd ./Drivers/STM32F1xx_HAL_Driver/Src/stm32f1xx_hal_pcd.o
 .debug_macro   0x00018962      0x1d1 ./Drivers/STM32F1xx_HAL_Driver/Src/stm32f1xx_hal_pcd_ex.o
 .debug_macro   0x00018b33      0x1e3 ./Drivers/STM32F1xx_HAL_Driver/Src/stm32f1xx_hal_rcc.o
 .debug_macro   0x00018d16      0x1d1 ./Drivers/STM32F1xx_HAL_Driver/Src/stm32f1xx_hal_rcc_ex.o
 .debug_macro   0x00018ee7      0x1d2 ./Drivers/STM32F1xx_HAL_Driver/Src/stm32f1xx_hal_tim.o
 .debug_macro   0x000190b9      0x1d1 ./Drivers/STM32F1xx_HAL_Driver/Src/stm32f1xx_hal_tim_ex.o
 .debug_macro   0x0001928a      0x1d1 ./Drivers/STM32F1xx_HAL_Driver/Src/stm32f1xx_ll_usb.o
 .debug_macro   0x0001945b      0x382 ./Middlewares/ST/STM32_USB_Device_Library/Class/MIDI/Src/usbd_midi.o
 .debug_macro   0x000197dd       0x1c ./Middlewares/ST/STM32_USB_Device_Library/Class/MIDI/Src/usbd_midi.o
 .debug_macro   0x000197f9      0x356 ./Middlewares/ST/STM32_USB_Device_Library/Core/Src/usbd_core.o
 .debug_macro   0x00019b4f      0x1ce ./Middlewares/ST/STM32_USB_Device_Library/Core/Src/usbd_core.o
 .debug_macro   0x00019d1d      0x360 ./Middlewares/ST/STM32_USB_Device_Library/Core/Src/usbd_ctlreq.o
 .debug_macro   0x0001a07d      0x35c ./Middlewares/ST/STM32_USB_Device_Library/Core/Src/usbd_ioreq.o
 .debug_macro   0x0001a3d9      0x386 ./USB_DEVICE/App/usb_device.o
 .debug_macro   0x0001a75f       0xca ./USB_DEVICE/App/usb_device.o
 .debug_macro   0x0001a829       0x22 ./USB_DEVICE/App/usb_device.o
 .debug_macro   0x0001a84b      0x393 ./USB_DEVICE/App/usbd_desc.o
 .debug_macro   0x0001abde      0x373 ./USB_DEVICE/Target/usbd_conf.o

.debug_line     0x00000000    0x155b2
 .debug_line    0x00000000      0xd5f ./Core/Src/main.o
 .debug_line    0x00000d5f      0x79c ./Core/Src/queue.o
 .debug_line    0x000014fb      0x840 ./Core/Src/stm32f1xx_hal_msp.o
 .debug_line    0x00001d3b      0xd90 ./Core/Src/stm32f1xx_it.o
 .debug_line    0x00002acb      0x583 ./Core/Src/sysmem.o
 .debug_line    0x0000304e      0x7e3 ./Core/Src/system_stm32f1xx.o
 .debug_line    0x00003831       0x78 ./Core/Startup/startup_stm32f103c8tx.o
 .debug_line    0x000038a9      0xa10 ./Drivers/STM32F1xx_HAL_Driver/Src/stm32f1xx_hal.o
 .debug_line    0x000042b9     0x108d ./Drivers/STM32F1xx_HAL_Driver/Src/stm32f1xx_hal_adc.o
 .debug_line    0x00005346      0xbfc ./Drivers/STM32F1xx_HAL_Driver/Src/stm32f1xx_hal_cortex.o
 .debug_line    0x00005f42      0xaa9 ./Drivers/STM32F1xx_HAL_Driver/Src/stm32f1xx_hal_gpio.o
 .debug_line    0x000069eb     0x1465 ./Drivers/STM32F1xx_HAL_Driver/Src/stm32f1xx_hal_pcd.o
 .debug_line    0x00007e50      0x7de ./Drivers/STM32F1xx_HAL_Driver/Src/stm32f1xx_hal_pcd_ex.o
 .debug_line    0x0000862e      0xe19 ./Drivers/STM32F1xx_HAL_Driver/Src/stm32f1xx_hal_rcc.o
 .debug_line    0x00009447      0x95a ./Drivers/STM32F1xx_HAL_Driver/Src/stm32f1xx_hal_rcc_ex.o
 .debug_line    0x00009da1     0x3535 ./Drivers/STM32F1xx_HAL_Driver/Src/stm32f1xx_hal_tim.o
 .debug_line    0x0000d2d6     0x195f ./Drivers/STM32F1xx_HAL_Driver/Src/stm32f1xx_hal_tim_ex.o
 .debug_line    0x0000ec35     0x10e1 ./Drivers/STM32F1xx_HAL_Driver/Src/stm32f1xx_ll_usb.o
 .debug_line    0x0000fd16      0xc5e ./Middlewares/ST/STM32_USB_Device_Library/Class/MIDI/Src/usbd_midi.o
 .debug_line    0x00010974      0xde4 ./Middlewares/ST/STM32_USB_Device_Library/Core/Src/usbd_core.o
 .debug_line    0x00011758     0x1024 ./Middlewares/ST/STM32_USB_Device_Library/Core/Src/usbd_ctlreq.o
 .debug_line    0x0001277c      0xa7a ./Middlewares/ST/STM32_USB_Device_Library/Core/Src/usbd_ioreq.o
 .debug_line    0x000131f6      0xa5e ./USB_DEVICE/App/usb_device.o
 .debug_line    0x00013c54      0xb03 ./USB_DEVICE/App/usbd_desc.o
 .debug_line    0x00014757      0xe5b ./USB_DEVICE/Target/usbd_conf.o

.debug_str      0x00000000    0x9257b
 .debug_str     0x00000000    0x8e578 ./Core/Src/main.o
                              0x8ead7 (size before relaxing)
 .debug_str     0x0008e578       0xa3 ./Core/Src/queue.o
                               0x79ed (size before relaxing)
 .debug_str     0x0008e61b       0xdb ./Core/Src/stm32f1xx_hal_msp.o
                              0x89ae8 (size before relaxing)
 .debug_str     0x0008e6f6      0x561 ./Core/Src/stm32f1xx_it.o
                              0x8e753 (size before relaxing)
 .debug_str     0x0008ec57      0x4dc ./Core/Src/sysmem.o
                               0x607f (size before relaxing)
 .debug_str     0x0008f133       0x7e ./Core/Src/system_stm32f1xx.o
                              0x88ec0 (size before relaxing)
 .debug_str     0x0008f1b1       0x44 ./Core/Startup/startup_stm32f103c8tx.o
                                 0x8a (size before relaxing)
 .debug_str     0x0008f1f5      0x384 ./Drivers/STM32F1xx_HAL_Driver/Src/stm32f1xx_hal.o
                              0x895f3 (size before relaxing)
 .debug_str     0x0008f579      0x354 ./Drivers/STM32F1xx_HAL_Driver/Src/stm32f1xx_hal_adc.o
                              0x895a4 (size before relaxing)
 .debug_str     0x0008f8cd      0x26c ./Drivers/STM32F1xx_HAL_Driver/Src/stm32f1xx_hal_cortex.o
                              0x8953f (size before relaxing)
 .debug_str     0x0008fb39      0x2e2 ./Drivers/STM32F1xx_HAL_Driver/Src/stm32f1xx_hal_gpio.o
                              0x89246 (size before relaxing)
 .debug_str     0x0008fe1b      0x5bd ./Drivers/STM32F1xx_HAL_Driver/Src/stm32f1xx_hal_pcd.o
                              0x897dd (size before relaxing)
 .debug_str     0x000903d8      0x170 ./Drivers/STM32F1xx_HAL_Driver/Src/stm32f1xx_hal_pcd_ex.o
                              0x8933f (size before relaxing)
 .debug_str     0x00090548      0x229 ./Drivers/STM32F1xx_HAL_Driver/Src/stm32f1xx_hal_rcc.o
                              0x892ef (size before relaxing)
 .debug_str     0x00090771       0x84 ./Drivers/STM32F1xx_HAL_Driver/Src/stm32f1xx_hal_rcc_ex.o
                              0x8903f (size before relaxing)
 .debug_str     0x000907f5      0xde4 ./Drivers/STM32F1xx_HAL_Driver/Src/stm32f1xx_hal_tim.o
                              0x8a2f1 (size before relaxing)
 .debug_str     0x000915d9      0x493 ./Drivers/STM32F1xx_HAL_Driver/Src/stm32f1xx_hal_tim_ex.o
                              0x89afd (size before relaxing)
 .debug_str     0x00091a6c      0x129 ./Drivers/STM32F1xx_HAL_Driver/Src/stm32f1xx_ll_usb.o
                              0x89391 (size before relaxing)
 .debug_str     0x00091b95      0x2ed ./Middlewares/ST/STM32_USB_Device_Library/Class/MIDI/Src/usbd_midi.o
                              0x8e28a (size before relaxing)
 .debug_str     0x00091e82      0x281 ./Middlewares/ST/STM32_USB_Device_Library/Core/Src/usbd_core.o
                              0x8d939 (size before relaxing)
 .debug_str     0x00092103      0x11b ./Middlewares/ST/STM32_USB_Device_Library/Core/Src/usbd_ctlreq.o
                              0x8d853 (size before relaxing)
 .debug_str     0x0009221e       0x79 ./Middlewares/ST/STM32_USB_Device_Library/Core/Src/usbd_ioreq.o
                              0x8d780 (size before relaxing)
 .debug_str     0x00092297       0x27 ./USB_DEVICE/App/usb_device.o
                              0x8dd0d (size before relaxing)
 .debug_str     0x000922be      0x255 ./USB_DEVICE/App/usbd_desc.o
                              0x8d6b9 (size before relaxing)
 .debug_str     0x00092513       0x68 ./USB_DEVICE/Target/usbd_conf.o
                              0x8e84a (size before relaxing)

.comment        0x00000000       0x43
 .comment       0x00000000       0x43 ./Core/Src/main.o
                                 0x44 (size before relaxing)
 .comment       0x00000043       0x44 ./Core/Src/queue.o
 .comment       0x00000043       0x44 ./Core/Src/stm32f1xx_hal_msp.o
 .comment       0x00000043       0x44 ./Core/Src/stm32f1xx_it.o
 .comment       0x00000043       0x44 ./Core/Src/sysmem.o
 .comment       0x00000043       0x44 ./Core/Src/system_stm32f1xx.o
 .comment       0x00000043       0x44 ./Drivers/STM32F1xx_HAL_Driver/Src/stm32f1xx_hal.o
 .comment       0x00000043       0x44 ./Drivers/STM32F1xx_HAL_Driver/Src/stm32f1xx_hal_adc.o
 .comment       0x00000043       0x44 ./Drivers/STM32F1xx_HAL_Driver/Src/stm32f1xx_hal_cortex.o
 .comment       0x00000043       0x44 ./Drivers/STM32F1xx_HAL_Driver/Src/stm32f1xx_hal_gpio.o
 .comment       0x00000043       0x44 ./Drivers/STM32F1xx_HAL_Driver/Src/stm32f1xx_hal_pcd.o
 .comment       0x00000043       0x44 ./Drivers/STM32F1xx_HAL_Driver/Src/stm32f1xx_hal_pcd_ex.o
 .comment       0x00000043       0x44 ./Drivers/STM32F1xx_HAL_Driver/Src/stm32f1xx_hal_rcc.o
 .comment       0x00000043       0x44 ./Drivers/STM32F1xx_HAL_Driver/Src/stm32f1xx_hal_rcc_ex.o
 .comment       0x00000043       0x44 ./Drivers/STM32F1xx_HAL_Driver/Src/stm32f1xx_hal_tim.o
 .comment       0x00000043       0x44 ./Drivers/STM32F1xx_HAL_Driver/Src/stm32f1xx_hal_tim_ex.o
 .comment       0x00000043       0x44 ./Drivers/STM32F1xx_HAL_Driver/Src/stm32f1xx_ll_usb.o
 .comment       0x00000043       0x44 ./Middlewares/ST/STM32_USB_Device_Library/Class/MIDI/Src/usbd_midi.o
 .comment       0x00000043       0x44 ./Middlewares/ST/STM32_USB_Device_Library/Core/Src/usbd_core.o
 .comment       0x00000043       0x44 ./Middlewares/ST/STM32_USB_Device_Library/Core/Src/usbd_ctlreq.o
 .comment       0x00000043       0x44 ./Middlewares/ST/STM32_USB_Device_Library/Core/Src/usbd_ioreq.o
 .comment       0x00000043       0x44 ./USB_DEVICE/App/usb_device.o
 .comment       0x00000043       0x44 ./USB_DEVICE/App/usbd_desc.o
 .comment       0x00000043       0x44 ./USB_DEVICE/Target/usbd_conf.o

.debug_frame    0x00000000     0x493c
 .debug_frame   0x00000000      0x168 ./Core/Src/main.o
 .debug_frame   0x00000168       0xe4 ./Core/Src/queue.o
 .debug_frame   0x0000024c       0xc8 ./Core/Src/stm32f1xx_hal_msp.o
 .debug_frame   0x00000314      0x1b4 ./Core/Src/stm32f1xx_it.o
 .debug_frame   0x000004c8       0x34 ./Core/Src/sysmem.o
 .debug_frame   0x000004fc       0x58 ./Core/Src/system_stm32f1xx.o
 .debug_frame   0x00000554      0x334 ./Drivers/STM32F1xx_HAL_Driver/Src/stm32f1xx_hal.o
 .debug_frame   0x00000888      0x40c ./Drivers/STM32F1xx_HAL_Driver/Src/stm32f1xx_hal_adc.o
 .debug_frame   0x00000c94      0x428 ./Drivers/STM32F1xx_HAL_Driver/Src/stm32f1xx_hal_cortex.o
 .debug_frame   0x000010bc      0x14c ./Drivers/STM32F1xx_HAL_Driver/Src/stm32f1xx_hal_gpio.o
 .debug_frame   0x00001208      0x594 ./Drivers/STM32F1xx_HAL_Driver/Src/stm32f1xx_hal_pcd.o
 .debug_frame   0x0000179c       0xb0 ./Drivers/STM32F1xx_HAL_Driver/Src/stm32f1xx_hal_pcd_ex.o
 .debug_frame   0x0000184c      0x218 ./Drivers/STM32F1xx_HAL_Driver/Src/stm32f1xx_hal_rcc.o
 .debug_frame   0x00001a64       0x80 ./Drivers/STM32F1xx_HAL_Driver/Src/stm32f1xx_hal_rcc_ex.o
 .debug_frame   0x00001ae4     0x11b8 ./Drivers/STM32F1xx_HAL_Driver/Src/stm32f1xx_hal_tim.o
 .debug_frame   0x00002c9c      0x638 ./Drivers/STM32F1xx_HAL_Driver/Src/stm32f1xx_hal_tim_ex.o
 .debug_frame   0x000032d4      0x470 ./Drivers/STM32F1xx_HAL_Driver/Src/stm32f1xx_ll_usb.o
 .debug_frame   0x00003744      0x1f8 ./Middlewares/ST/STM32_USB_Device_Library/Class/MIDI/Src/usbd_midi.o
 .debug_frame   0x0000393c      0x300 ./Middlewares/ST/STM32_USB_Device_Library/Core/Src/usbd_core.o
 .debug_frame   0x00003c3c      0x218 ./Middlewares/ST/STM32_USB_Device_Library/Core/Src/usbd_ctlreq.o
 .debug_frame   0x00003e54      0x10c ./Middlewares/ST/STM32_USB_Device_Library/Core/Src/usbd_ioreq.o
 .debug_frame   0x00003f60       0x2c ./USB_DEVICE/App/usb_device.o
 .debug_frame   0x00003f8c      0x160 ./USB_DEVICE/App/usbd_desc.o
 .debug_frame   0x000040ec      0x4a4 ./USB_DEVICE/Target/usbd_conf.o