Archive member included to satisfy reference by file (symbol)

C:/ST/STM32CubeIDE_1.16.0/STM32CubeIDE/plugins/com.st.stm32cube.ide.mcu.externaltools.gnu-tools-for-stm32.12.3.rel1.win32_1.0.200.202406191623/tools/bin/../lib/gcc/arm-none-eabi/12.3.1/../../../../arm-none-eabi/lib/thumb/v7-m/nofp\libc_nano.a(libc_a-exit.o)
                              C:/ST/STM32CubeIDE_1.16.0/STM32CubeIDE/plugins/com.st.stm32cube.ide.mcu.externaltools.gnu-tools-for-stm32.12.3.rel1.win32_1.0.200.202406191623/tools/bin/../lib/gcc/arm-none-eabi/12.3.1/../../../../arm-none-eabi/lib/thumb/v7-m/nofp/crt0.o (exit)
C:/ST/STM32CubeIDE_1.16.0/STM32CubeIDE/plugins/com.st.stm32cube.ide.mcu.externaltools.gnu-tools-for-stm32.12.3.rel1.win32_1.0.200.202406191623/tools/bin/../lib/gcc/arm-none-eabi/12.3.1/../../../../arm-none-eabi/lib/thumb/v7-m/nofp\libc_nano.a(libc_a-malloc.o)
                              ./Core/Src/queue.o (malloc)
C:/ST/STM32CubeIDE_1.16.0/STM32CubeIDE/plugins/com.st.stm32cube.ide.mcu.externaltools.gnu-tools-for-stm32.12.3.rel1.win32_1.0.200.202406191623/tools/bin/../lib/gcc/arm-none-eabi/12.3.1/../../../../arm-none-eabi/lib/thumb/v7-m/nofp\libc_nano.a(libc_a-mallocr.o)
                              C:/ST/STM32CubeIDE_1.16.0/STM32CubeIDE/plugins/com.st.stm32cube.ide.mcu.externaltools.gnu-tools-for-stm32.12.3.rel1.win32_1.0.200.202406191623/tools/bin/../lib/gcc/arm-none-eabi/12.3.1/../../../../arm-none-eabi/lib/thumb/v7-m/nofp\libc_nano.a(libc_a-malloc.o) (_malloc_r)
C:/ST/STM32CubeIDE_1.16.0/STM32CubeIDE/plugins/com.st.stm32cube.ide.mcu.externaltools.gnu-tools-for-stm32.12.3.rel1.win32_1.0.200.202406191623/tools/bin/../lib/gcc/arm-none-eabi/12.3.1/../../../../arm-none-eabi/lib/thumb/v7-m/nofp\libc_nano.a(libc_a-mlock.o)
                              C:/ST/STM32CubeIDE_1.16.0/STM32CubeIDE/plugins/com.st.stm32cube.ide.mcu.externaltools.gnu-tools-for-stm32.12.3.rel1.win32_1.0.200.202406191623/tools/bin/../lib/gcc/arm-none-eabi/12.3.1/../../../../arm-none-eabi/lib/thumb/v7-m/nofp\libc_nano.a(libc_a-mallocr.o) (__malloc_lock)
C:/ST/STM32CubeIDE_1.16.0/STM32CubeIDE/plugins/com.st.stm32cube.ide.mcu.externaltools.gnu-tools-for-stm32.12.3.rel1.win32_1.0.200.202406191623/tools/bin/../lib/gcc/arm-none-eabi/12.3.1/../../../../arm-none-eabi/lib/thumb/v7-m/nofp\libc_nano.a(libc_a-findfp.o)
                              C:/ST/STM32CubeIDE_1.16.0/STM32CubeIDE/plugins/com.st.stm32cube.ide.mcu.externaltools.gnu-tools-for-stm32.12.3.rel1.win32_1.0.200.202406191623/tools/bin/../lib/gcc/arm-none-eabi/12.3.1/../../../../arm-none-eabi/lib/thumb/v7-m/nofp\libc_nano.a(libc_a-exit.o) (__stdio_exit_handler)
C:/ST/STM32CubeIDE_1.16.0/STM32CubeIDE/plugins/com.st.stm32cube.ide.mcu.externaltools.gnu-tools-for-stm32.12.3.rel1.win32_1.0.200.202406191623/tools/bin/../lib/gcc/arm-none-eabi/12.3.1/../../../../arm-none-eabi/lib/thumb/v7-m/nofp\libc_nano.a(libc_a-fwalk.o)
                              C:/ST/STM32CubeIDE_1.16.0/STM32CubeIDE/plugins/com.st.stm32cube.ide.mcu.externaltools.gnu-tools-for-stm32.12.3.rel1.win32_1.0.200.202406191623/tools/bin/../lib/gcc/arm-none-eabi/12.3.1/../../../../arm-none-eabi/lib/thumb/v7-m/nofp\libc_nano.a(libc_a-findfp.o) (_fwalk_sglue)
C:/ST/STM32CubeIDE_1.16.0/STM32CubeIDE/plugins/com.st.stm32cube.ide.mcu.externaltools.gnu-tools-for-stm32.12.3.rel1.win32_1.0.200.202406191623/tools/bin/../lib/gcc/arm-none-eabi/12.3.1/../../../../arm-none-eabi/lib/thumb/v7-m/nofp\libc_nano.a(libc_a-printf.o)
                              ./Core/Src/queue.o (printf)
C:/ST/STM32CubeIDE_1.16.0/STM32CubeIDE/plugins/com.st.stm32cube.ide.mcu.externaltools.gnu-tools-for-stm32.12.3.rel1.win32_1.0.200.202406191623/tools/bin/../lib/gcc/arm-none-eabi/12.3.1/../../../../arm-none-eabi/lib/thumb/v7-m/nofp\libc_nano.a(libc_a-stdio.o)
                              C:/ST/STM32CubeIDE_1.16.0/STM32CubeIDE/plugins/com.st.stm32cube.ide.mcu.externaltools.gnu-tools-for-stm32.12.3.rel1.win32_1.0.200.202406191623/tools/bin/../lib/gcc/arm-none-eabi/12.3.1/../../../../arm-none-eabi/lib/thumb/v7-m/nofp\libc_nano.a(libc_a-findfp.o) (__sread)
C:/ST/STM32CubeIDE_1.16.0/STM32CubeIDE/plugins/com.st.stm32cube.ide.mcu.externaltools.gnu-tools-for-stm32.12.3.rel1.win32_1.0.200.202406191623/tools/bin/../lib/gcc/arm-none-eabi/12.3.1/../../../../arm-none-eabi/lib/thumb/v7-m/nofp\libc_nano.a(libc_a-memset.o)
                              C:/ST/STM32CubeIDE_1.16.0/STM32CubeIDE/plugins/com.st.stm32cube.ide.mcu.externaltools.gnu-tools-for-stm32.12.3.rel1.win32_1.0.200.202406191623/tools/bin/../lib/gcc/arm-none-eabi/12.3.1/../../../../arm-none-eabi/lib/thumb/v7-m/nofp/crt0.o (memset)
C:/ST/STM32CubeIDE_1.16.0/STM32CubeIDE/plugins/com.st.stm32cube.ide.mcu.externaltools.gnu-tools-for-stm32.12.3.rel1.win32_1.0.200.202406191623/tools/bin/../lib/gcc/arm-none-eabi/12.3.1/../../../../arm-none-eabi/lib/thumb/v7-m/nofp\libc_nano.a(libc_a-closer.o)
[...]
Memory Configuration

Name             Origin             Length             Attributes
RAM              0x20000000         0x00005000         xrw
FLASH            0x08000000         0x00010000         xr
*default*        0x00000000         0xffffffff

Linker script and memory map

LOAD C:/ST/STM32CubeIDE_1.16.0/STM32CubeIDE/plugins/com.st.stm32cube.ide.mcu.externaltools.gnu-tools-for-stm32.12.3.rel1.win32_1.0.200.202406191623/tools/bin/../lib/gcc/arm-none-eabi/12.3.1/thumb/v7-m/nofp/crti.o
LOAD C:/ST/STM32CubeIDE_1.16.0/STM32CubeIDE/plugins/com.st.stm32cube.ide.mcu.externaltools.gnu-tools-for-stm32.12.3.rel1.win32_1.0.200.202406191623/tools/bin/../lib/gcc/arm-none-eabi/12.3.1/thumb/v7-m/nofp/crtbegin.o
LOAD C:/ST/STM32CubeIDE_1.16.0/STM32CubeIDE/plugins/com.st.stm32cube.ide.mcu.externaltools.gnu-tools-for-stm32.12.3.rel1.win32_1.0.200.202406191623/tools/bin/../lib/gcc/arm-none-eabi/12.3.1/../../../../arm-none-eabi/lib/thumb/v7-m/nofp/crt0.o
LOAD ./Core/Src/main.o
LOAD ./Core/Src/queue.o
LOAD ./Core/Src/stm32f1xx_hal_msp.o
LOAD ./Core/Src/stm32f1xx_it.o
LOAD ./Core/Src/syscalls.o
LOAD ./Core/Src/sysmem.o
LOAD ./Core/Src/system_stm32f1xx.o
LOAD ./Core/Startup/startup_stm32f103c8tx.o
LOAD ./Drivers/STM32F1xx_HAL_Driver/Src/stm32f1xx_hal.o
LOAD ./Drivers/STM32F1xx_HAL_Driver/Src/stm32f1xx_hal_adc.o
LOAD ./Drivers/STM32F1xx_HAL_Driver/Src/stm32f1xx_hal_adc_ex.o
LOAD ./Drivers/STM32F1xx_HAL_Driver/Src/stm32f1xx_hal_cortex.o
LOAD ./Drivers/STM32F1xx_HAL_Driver/Src/stm32f1xx_hal_dma.o
LOAD ./Drivers/STM32F1xx_HAL_Driver/Src/stm32f1xx_hal_exti.o
LOAD ./Drivers/STM32F1xx_HAL_Driver/Src/stm32f1xx_hal_flash.o
LOAD ./Drivers/STM32F1xx_HAL_Driver/Src/stm32f1xx_hal_flash_ex.o
LOAD ./Drivers/STM32F1xx_HAL_Driver/Src/stm32f1xx_hal_gpio.o
LOAD ./Drivers/STM32F1xx_HAL_Driver/Src/stm32f1xx_hal_gpio_ex.o
LOAD ./Drivers/STM32F1xx_HAL_Driver/Src/stm32f1xx_hal_pcd.o
LOAD ./Drivers/STM32F1xx_HAL_Driver/Src/stm32f1xx_hal_pcd_ex.o
LOAD ./Drivers/STM32F1xx_HAL_Driver/Src/stm32f1xx_hal_pwr.o
LOAD ./Drivers/STM32F1xx_HAL_Driver/Src/stm32f1xx_hal_rcc.o
LOAD ./Drivers/STM32F1xx_HAL_Driver/Src/stm32f1xx_hal_rcc_ex.o
LOAD ./Drivers/STM32F1xx_HAL_Driver/Src/stm32f1xx_hal_tim.o
LOAD ./Drivers/STM32F1xx_HAL_Driver/Src/stm32f1xx_hal_tim_ex.o
LOAD ./Drivers/STM32F1xx_HAL_Driver/Src/stm32f1xx_ll_usb.o
LOAD ./Middlewares/ST/STM32_USB_Device_Library/Class/HID/Src/usbd_hid.o
LOAD ./Middlewares/ST/STM32_USB_Device_Library/Class/MIDI/Src/usbd_midi.o
LOAD ./Middlewares/ST/STM32_USB_Device_Library/Core/Src/usbd_core.o
LOAD ./Middlewares/ST/STM32_USB_Device_Library/Core/Src/usbd_ctlreq.o
LOAD ./Middlewares/ST/STM32_USB_Device_Library/Core/Src/usbd_ioreq.o
LOAD ./USB_DEVICE/App/usb_device.o
LOAD ./USB_DEVICE/App/usbd_desc.o
LOAD ./USB_DEVICE/Target/usbd_conf.o
START GROUP
LOAD C:/ST/STM32CubeIDE_1.16.0/STM32CubeIDE/plugins/com.st.stm32cube.ide.mcu.externaltools.gnu-tools-for-stm32.12.3.rel1.win32_1.0.200.202406191623/tools/bin/../lib/gcc/arm-none-eabi/12.3.1/../../../../arm-none-eabi/lib/thumb/v7-m/nofp\libc_nano.a
LOAD C:/ST/STM32CubeIDE_1.16.0/STM32CubeIDE/plugins/com.st.stm32cube.ide.mcu.externaltools.gnu-tools-for-stm32.12.3.rel1.win32_1.0.200.202406191623/tools/bin/../lib/gcc/arm-none-eabi/12.3.1/../../../../arm-none-eabi/lib/thumb/v7-m/nofp\libm.a
END GROUP
START GROUP
LOAD C:/ST/STM32CubeIDE_1.16.0/STM32CubeIDE/plugins/com.st.stm32cube.ide.mcu.externaltools.gnu-tools-for-stm32.12.3.rel1.win32_1.0.200.202406191623/tools/bin/../lib/gcc/arm-none-eabi/12.3.1/thumb/v7-m/nofp\libgcc.a
LOAD C:/ST/STM32CubeIDE_1.16.0/STM32CubeIDE/plugins/com.st.stm32cube.ide.mcu.externaltools.gnu-tools-for-stm32.12.3.rel1.win32_1.0.200.202406191623/tools/bin/../lib/gcc/arm-none-eabi/12.3.1/../../../../arm-none-eabi/lib/thumb/v7-m/nofp\libc_nano.a
END GROUP
START GROUP
LOAD C:/ST/STM32CubeIDE_1.16.0/STM32CubeIDE/plugins/com.st.stm32cube.ide.mcu.externaltools.gnu-tools-for-stm32.12.3.rel1.win32_1.0.200.202406191623/tools/bin/../lib/gcc/arm-none-eabi/12.3.1/thumb/v7-m/nofp\libgcc.a
LOAD C:/ST/STM32CubeIDE_1.16.0/STM32CubeIDE/plugins/com.st.stm32cube.ide.mcu.externaltools.gnu-tools-for-stm32.12.3.rel1.win32_1.0.200.202406191623/tools/bin/../lib/gcc/arm-none-eabi/12.3.1/../../../../arm-none-eabi/lib/thumb/v7-m/nofp\libc_nano.a
LOAD C:/ST/STM32CubeIDE_1.16.0/STM32CubeIDE/plugins/com.st.stm32cube.ide.mcu.externaltools.gnu-tools-for-stm32.12.3.rel1.win32_1.0.200.202406191623/tools/bin/../lib/gcc/arm-none-eabi/12.3.1/../../../../arm-none-eabi/lib/thumb/v7-m/nofp\libnosys.a
END GROUP
START GROUP
LOAD C:/ST/STM32CubeIDE_1.16.0/STM32CubeIDE/plugins/com.st.stm32cube.ide.mcu.externaltools.gnu-tools-for-stm32.12.3.rel1.win32_1.0.200.202406191623/tools/bin/../lib/gcc/arm-none-eabi/12.3.1/thumb/v7-m/nofp\libgcc.a
LOAD C:/ST/STM32CubeIDE_1.16.0/STM32CubeIDE/plugins/com.st.stm32cube.ide.mcu.externaltools.gnu-tools-for-stm32.12.3.rel1.win32_1.0.200.202406191623/tools/bin/../lib/gcc/arm-none-eabi/12.3.1/../../../../arm-none-eabi/lib/thumb/v7-m/nofp\libc_nano.a
LOAD C:/ST/STM32CubeIDE_1.16.0/STM32CubeIDE/plugins/com.st.stm32cube.ide.mcu.externaltools.gnu-tools-for-stm32.12.3.rel1.win32_1.0.200.202406191623/tools/bin/../lib/gcc/arm-none-eabi/12.3.1/../../../../arm-none-eabi/lib/thumb/v7-m/nofp\libnosys.a
END GROUP
LOAD C:/ST/STM32CubeIDE_1.16.0/STM32CubeIDE/plugins/com.st.stm32cube.ide.mcu.externaltools.gnu-tools-for-stm32.12.3.rel1.win32_1.0.200.202406191623/tools/bin/../lib/gcc/arm-none-eabi/12.3.1/thumb/v7-m/nofp/crtend.o
LOAD C:/ST/STM32CubeIDE_1.16.0/STM32CubeIDE/plugins/com.st.stm32cube.ide.mcu.externaltools.gnu-tools-for-stm32.12.3.rel1.win32_1.0.200.202406191623/tools/bin/../lib/gcc/arm-none-eabi/12.3.1/thumb/v7-m/nofp/crtn.o
                0x20005000                        _estack = (ORIGIN (RAM) + LENGTH (RAM))
                0x00000200                        _Min_Heap_Size = 0x200
                0x00000400                        _Min_Stack_Size = 0x400

.isr_vector     0x08000000      0x10c
                0x08000000                        . = ALIGN (0x4)
 *(.isr_vector)
 .isr_vector    0x08000000      0x10c ./Core/Startup/startup_stm32f103c8tx.o
                0x08000000                g_pfnVectors
                0x0800010c                        . = ALIGN (0x4)

.text           0x0800010c     0x8c10
                0x0800010c                        . = ALIGN (0x4)
 *(.text)
 .text          0x0800010c       0x40 C:/ST/STM32CubeIDE_1.16.0/STM32CubeIDE/plugins/com.st.stm32cube.ide.mcu.externaltools.gnu-tools-for-stm32.12.3.rel1.win32_1.0.200.202406191623/tools/bin/../lib/gcc/arm-none-eabi/12.3.1/thumb/v7-m/nofp/crtbegin.o
 *(.text*)
 .text.ADC_Convert_Rank1
                0x0800014c       0x5c ./Core/Src/main.o
                0x0800014c                ADC_Convert_Rank1
 .text.ADC_Convert_Rank2
                0x080001a8       0x5c ./Core/Src/main.o
                0x080001a8                ADC_Convert_Rank2
 .text.main     0x08000204      0x19c ./Core/Src/main.o
                0x08000204                main
 .text.SystemClock_Config
                0x080003a0       0xbc ./Core/Src/main.o
                0x080003a0                SystemClock_Config
 .text.MX_ADC1_Init
                0x0800045c       0x5c ./Core/Src/main.o
 .text.MX_ADC2_Init
                0x080004b8       0x5c ./Core/Src/main.o
 .text.MX_TIM2_Init
                0x08000514       0x9c ./Core/Src/main.o
 .text.MX_GPIO_Init
                0x080005b0       0xa4 ./Core/Src/main.o
 .text.Error_Handler
                0x08000654        0xc ./Core/Src/main.o
                0x08000654                Error_Handler
 .text.HAL_MspInit
                0x08000660       0x64 ./Core/Src/stm32f1xx_hal_msp.o
                0x08000660                HAL_MspInit
 .text.HAL_ADC_MspInit
                0x080006c4       0xcc ./Core/Src/stm32f1xx_hal_msp.o
                0x080006c4                HAL_ADC_MspInit
 .text.HAL_TIM_Base_MspInit
                0x08000790       0x48 ./Core/Src/stm32f1xx_hal_msp.o
                0x08000790                HAL_TIM_Base_MspInit
 .text.NMI_Handler
                0x080007d8        0x8 ./Core/Src/stm32f1xx_it.o
                0x080007d8                NMI_Handler
 .text.HardFault_Handler
                0x080007e0        0x8 ./Core/Src/stm32f1xx_it.o
                0x080007e0                HardFault_Handler
 .text.MemManage_Handler
                0x080007e8        0x8 ./Core/Src/stm32f1xx_it.o
                0x080007e8                MemManage_Handler
 .text.BusFault_Handler
                0x080007f0        0x8 ./Core/Src/stm32f1xx_it.o
                0x080007f0                BusFault_Handler
 .text.UsageFault_Handler
                0x080007f8        0x8 ./Core/Src/stm32f1xx_it.o
                0x080007f8                UsageFault_Handler
 .text.SVC_Handler
                0x08000800        0xc ./Core/Src/stm32f1xx_it.o
                0x08000800                SVC_Handler
 .text.DebugMon_Handler
                0x0800080c        0xc ./Core/Src/stm32f1xx_it.o
                0x0800080c                DebugMon_Handler
 .text.PendSV_Handler
                0x08000818        0xc ./Core/Src/stm32f1xx_it.o
                0x08000818                PendSV_Handler
 .text.SysTick_Handler
                0x08000824        0xc ./Core/Src/stm32f1xx_it.o
                0x08000824                SysTick_Handler
 .text.USB_LP_CAN1_RX0_IRQHandler
                0x08000830       0x14 ./Core/Src/stm32f1xx_it.o
                0x08000830                USB_LP_CAN1_RX0_IRQHandler
 .text.TIM2_IRQHandler
                0x08000844      0x420 ./Core/Src/stm32f1xx_it.o
                0x08000844                TIM2_IRQHandler
 .text.Note_Change
                0x08000c64       0x94 ./Core/Src/stm32f1xx_it.o
                0x08000c64                Note_Change
 .text.Toggle_Control
                0x08000cf8       0x78 ./Core/Src/stm32f1xx_it.o
                0x08000cf8                Toggle_Control
 .text.SystemInit
                0x08000d70        0xc ./Core/Src/system_stm32f1xx.o
                0x08000d70                SystemInit
 .text.Reset_Handler
                0x08000d7c       0x48 ./Core/Startup/startup_stm32f103c8tx.o
                0x08000d7c                Reset_Handler
 .text.Default_Handler
                0x08000dc4        0x2 ./Core/Startup/startup_stm32f103c8tx.o
                0x08000dc4                RTC_Alarm_IRQHandler
                0x08000dc4                EXTI2_IRQHandler
                0x08000dc4                TIM1_CC_IRQHandler
                0x08000dc4                PVD_IRQHandler
                0x08000dc4                EXTI3_IRQHandler
                0x08000dc4                EXTI0_IRQHandler
                0x08000dc4                I2C2_EV_IRQHandler
                0x08000dc4                ADC1_2_IRQHandler
                0x08000dc4                SPI1_IRQHandler
                0x08000dc4                TAMPER_IRQHandler
                0x08000dc4                DMA1_Channel4_IRQHandler
                0x08000dc4                USART3_IRQHandler
                0x08000dc4                RTC_IRQHandler
                0x08000dc4                DMA1_Channel7_IRQHandler
                0x08000dc4                CAN1_RX1_IRQHandler
                0x08000dc4                TIM4_IRQHandler
                0x08000dc4                I2C1_EV_IRQHandler
                0x08000dc4                DMA1_Channel6_IRQHandler
                0x08000dc4                TIM3_IRQHandler
                0x08000dc4                RCC_IRQHandler
                0x08000dc4                TIM1_TRG_COM_IRQHandler
                0x08000dc4                DMA1_Channel1_IRQHandler
                0x08000dc4                Default_Handler
                0x08000dc4                EXTI15_10_IRQHandler
                0x08000dc4                EXTI9_5_IRQHandler
                0x08000dc4                SPI2_IRQHandler
                0x08000dc4                DMA1_Channel5_IRQHandler
                0x08000dc4                EXTI4_IRQHandler
                0x08000dc4                USB_HP_CAN1_TX_IRQHandler
                0x08000dc4                DMA1_Channel3_IRQHandler
                0x08000dc4                TIM1_UP_IRQHandler
                0x08000dc4                WWDG_IRQHandler
                0x08000dc4                TIM1_BRK_IRQHandler
                0x08000dc4                EXTI1_IRQHandler
                0x08000dc4                USART2_IRQHandler
                0x08000dc4                I2C2_ER_IRQHandler
                0x08000dc4                DMA1_Channel2_IRQHandler
                0x08000dc4                CAN1_SCE_IRQHandler
                0x08000dc4                FLASH_IRQHandler
                0x08000dc4                USART1_IRQHandler
                0x08000dc4                I2C1_ER_IRQHandler
                0x08000dc4                USBWakeUp_IRQHandler
 *fill*         0x08000dc6        0x2 
 .text.HAL_Init
                0x08000dc8       0x2c ./Drivers/STM32F1xx_HAL_Driver/Src/stm32f1xx_hal.o
                0x08000dc8                HAL_Init
 .text.HAL_InitTick
                0x08000df4       0x60 ./Drivers/STM32F1xx_HAL_Driver/Src/stm32f1xx_hal.o
                0x08000df4                HAL_InitTick
 .text.HAL_IncTick
                0x08000e54       0x24 ./Drivers/STM32F1xx_HAL_Driver/Src/stm32f1xx_hal.o
                0x08000e54                HAL_IncTick
 .text.HAL_GetTick
                0x08000e78       0x14 ./Drivers/STM32F1xx_HAL_Driver/Src/stm32f1xx_hal.o
                0x08000e78                HAL_GetTick
 .text.HAL_ADC_Init
                0x08000e8c      0x1b0 ./Drivers/STM32F1xx_HAL_Driver/Src/stm32f1xx_hal_adc.o
                0x08000e8c                HAL_ADC_Init
 .text.HAL_ADC_Start
                0x0800103c      0x15c ./Drivers/STM32F1xx_HAL_Driver/Src/stm32f1xx_hal_adc.o
                0x0800103c                HAL_ADC_Start
 .text.HAL_ADC_Stop
                0x08001198       0x58 ./Drivers/STM32F1xx_HAL_Driver/Src/stm32f1xx_hal_adc.o
                0x08001198                HAL_ADC_Stop
 .text.HAL_ADC_PollForConversion
                0x080011f0      0x20c ./Drivers/STM32F1xx_HAL_Driver/Src/stm32f1xx_hal_adc.o
                0x080011f0                HAL_ADC_PollForConversion
 .text.HAL_ADC_GetValue
                0x080013fc       0x18 ./Drivers/STM32F1xx_HAL_Driver/Src/stm32f1xx_hal_adc.o
                0x080013fc                HAL_ADC_GetValue
 .text.HAL_ADC_ConfigChannel
                0x08001414      0x1f0 ./Drivers/STM32F1xx_HAL_Driver/Src/stm32f1xx_hal_adc.o
                0x08001414                HAL_ADC_ConfigChannel
 .text.ADC_Enable
                0x08001604       0xb4 ./Drivers/STM32F1xx_HAL_Driver/Src/stm32f1xx_hal_adc.o
                0x08001604                ADC_Enable
 .text.ADC_ConversionStop_Disable
                0x080016b8       0x82 ./Drivers/STM32F1xx_HAL_Driver/Src/stm32f1xx_hal_adc.o
                0x080016b8                ADC_ConversionStop_Disable
 *fill*         0x0800173a        0x2 
 .text.__NVIC_SetPriorityGrouping
                0x0800173c       0x48 ./Drivers/STM32F1xx_HAL_Driver/Src/stm32f1xx_hal_cortex.o
 .text.__NVIC_GetPriorityGrouping
                0x08001784       0x1c ./Drivers/STM32F1xx_HAL_Driver/Src/stm32f1xx_hal_cortex.o
 .text.__NVIC_EnableIRQ
                0x080017a0       0x38 ./Drivers/STM32F1xx_HAL_Driver/Src/stm32f1xx_hal_cortex.o
 .text.__NVIC_SetPriority
                0x080017d8       0x54 ./Drivers/STM32F1xx_HAL_Driver/Src/stm32f1xx_hal_cortex.o
 .text.NVIC_EncodePriority
                0x0800182c       0x64 ./Drivers/STM32F1xx_HAL_Driver/Src/stm32f1xx_hal_cortex.o
 .text.SysTick_Config
                0x08001890       0x44 ./Drivers/STM32F1xx_HAL_Driver/Src/stm32f1xx_hal_cortex.o
 .text.HAL_NVIC_SetPriorityGrouping
                0x080018d4       0x16 ./Drivers/STM32F1xx_HAL_Driver/Src/stm32f1xx_hal_cortex.o
                0x080018d4                HAL_NVIC_SetPriorityGrouping
 .text.HAL_NVIC_SetPriority
                0x080018ea       0x38 ./Drivers/STM32F1xx_HAL_Driver/Src/stm32f1xx_hal_cortex.o
                0x080018ea                HAL_NVIC_SetPriority
 .text.HAL_NVIC_EnableIRQ
                0x08001922       0x1c ./Drivers/STM32F1xx_HAL_Driver/Src/stm32f1xx_hal_cortex.o
                0x08001922                HAL_NVIC_EnableIRQ
 .text.HAL_SYSTICK_Config
                0x0800193e       0x18 ./Drivers/STM32F1xx_HAL_Driver/Src/stm32f1xx_hal_cortex.o
                0x0800193e                HAL_SYSTICK_Config
 *fill*         0x08001956        0x2 
 .text.HAL_GPIO_Init
                0x08001958      0x308 ./Drivers/STM32F1xx_HAL_Driver/Src/stm32f1xx_hal_gpio.o
                0x08001958                HAL_GPIO_Init
 .text.HAL_GPIO_ReadPin
                0x08001c60       0x2e ./Drivers/STM32F1xx_HAL_Driver/Src/stm32f1xx_hal_gpio.o
                0x08001c60                HAL_GPIO_ReadPin
 .text.HAL_PCD_Init
                0x08001c8e      0x1ec ./Drivers/STM32F1xx_HAL_Driver/Src/stm32f1xx_hal_pcd.o
                0x08001c8e                HAL_PCD_Init
 .text.HAL_PCD_Start
                0x08001e7a       0x4c ./Drivers/STM32F1xx_HAL_Driver/Src/stm32f1xx_hal_pcd.o
                0x08001e7a                HAL_PCD_Start
 .text.HAL_PCD_IRQHandler
                0x08001ec6      0x260 ./Drivers/STM32F1xx_HAL_Driver/Src/stm32f1xx_hal_pcd.o
                0x08001ec6                HAL_PCD_IRQHandler
 .text.HAL_PCD_SetAddress
                0x08002126       0x48 ./Drivers/STM32F1xx_HAL_Driver/Src/stm32f1xx_hal_pcd.o
                0x08002126                HAL_PCD_SetAddress
 .text.HAL_PCD_EP_Open
                0x0800216e       0xba ./Drivers/STM32F1xx_HAL_Driver/Src/stm32f1xx_hal_pcd.o
                0x0800216e                HAL_PCD_EP_Open
 .text.HAL_PCD_EP_Close
                0x08002228       0x90 ./Drivers/STM32F1xx_HAL_Driver/Src/stm32f1xx_hal_pcd.o
                0x08002228                HAL_PCD_EP_Close
 .text.HAL_PCD_EP_Receive
                0x080022b8       0x62 ./Drivers/STM32F1xx_HAL_Driver/Src/stm32f1xx_hal_pcd.o
                0x080022b8                HAL_PCD_EP_Receive
 .text.HAL_PCD_EP_GetRxCount
                0x0800231a       0x2e ./Drivers/STM32F1xx_HAL_Driver/Src/stm32f1xx_hal_pcd.o
                0x0800231a                HAL_PCD_EP_GetRxCount
 .text.HAL_PCD_EP_Transmit
                0x08002348       0x6e ./Drivers/STM32F1xx_HAL_Driver/Src/stm32f1xx_hal_pcd.o
                0x08002348                HAL_PCD_EP_Transmit
 .text.HAL_PCD_EP_SetStall
                0x080023b6       0xc0 ./Drivers/STM32F1xx_HAL_Driver/Src/stm32f1xx_hal_pcd.o
                0x080023b6                HAL_PCD_EP_SetStall
 .text.HAL_PCD_EP_ClrStall
                0x08002476       0xa8 ./Drivers/STM32F1xx_HAL_Driver/Src/stm32f1xx_hal_pcd.o
                0x08002476                HAL_PCD_EP_ClrStall
 .text.PCD_EP_ISR_Handler
                0x0800251e      0x79e ./Drivers/STM32F1xx_HAL_Driver/Src/stm32f1xx_hal_pcd.o
 .text.HAL_PCD_EP_DB_Receive
                0x08002cbc      0x21a ./Drivers/STM32F1xx_HAL_Driver/Src/stm32f1xx_hal_pcd.o
 .text.HAL_PCD_EP_DB_Transmit
                0x08002ed6      0x7f4 ./Drivers/STM32F1xx_HAL_Driver/Src/stm32f1xx_hal_pcd.o
 .text.HAL_PCDEx_PMAConfig
                0x080036ca       0x84 ./Drivers/STM32F1xx_HAL_Driver/Src/stm32f1xx_hal_pcd_ex.o
                0x080036ca                HAL_PCDEx_PMAConfig
 *fill*         0x0800374e        0x2 
 .text.HAL_RCC_OscConfig
                0x08003750      0x504 ./Drivers/STM32F1xx_HAL_Driver/Src/stm32f1xx_hal_rcc.o
                0x08003750                HAL_RCC_OscConfig
 .text.HAL_RCC_ClockConfig
                0x08003c54      0x1d4 ./Drivers/STM32F1xx_HAL_Driver/Src/stm32f1xx_hal_rcc.o
                0x08003c54                HAL_RCC_ClockConfig
 .text.HAL_RCC_GetSysClockFreq
                0x08003e28       0xa8 ./Drivers/STM32F1xx_HAL_Driver/Src/stm32f1xx_hal_rcc.o
                0x08003e28                HAL_RCC_GetSysClockFreq
 .text.HAL_RCC_GetHCLKFreq
                0x08003ed0       0x14 ./Drivers/STM32F1xx_HAL_Driver/Src/stm32f1xx_hal_rcc.o
                0x08003ed0                HAL_RCC_GetHCLKFreq
 .text.HAL_RCC_GetPCLK2Freq
                0x08003ee4       0x28 ./Drivers/STM32F1xx_HAL_Driver/Src/stm32f1xx_hal_rcc.o
                0x08003ee4                HAL_RCC_GetPCLK2Freq
 .text.RCC_Delay
                0x08003f0c       0x3c ./Drivers/STM32F1xx_HAL_Driver/Src/stm32f1xx_hal_rcc.o
 .text.HAL_RCCEx_PeriphCLKConfig
                0x08003f48      0x16c ./Drivers/STM32F1xx_HAL_Driver/Src/stm32f1xx_hal_rcc_ex.o
                0x08003f48                HAL_RCCEx_PeriphCLKConfig
 .text.HAL_RCCEx_GetPeriphCLKFreq
                0x080040b4      0x16c ./Drivers/STM32F1xx_HAL_Driver/Src/stm32f1xx_hal_rcc_ex.o
                0x080040b4                HAL_RCCEx_GetPeriphCLKFreq
 .text.HAL_TIM_Base_Init
                0x08004220       0x9e ./Drivers/STM32F1xx_HAL_Driver/Src/stm32f1xx_hal_tim.o
                0x08004220                HAL_TIM_Base_Init
 *fill*         0x080042be        0x2 
 .text.HAL_TIM_Base_Start_IT
                0x080042c0       0xa4 ./Drivers/STM32F1xx_HAL_Driver/Src/stm32f1xx_hal_tim.o
                0x080042c0                HAL_TIM_Base_Start_IT
 .text.HAL_TIM_IRQHandler
                0x08004364      0x1e0 ./Drivers/STM32F1xx_HAL_Driver/Src/stm32f1xx_hal_tim.o
                0x08004364                HAL_TIM_IRQHandler
 .text.HAL_TIM_ConfigClockSource
                0x08004544      0x18e ./Drivers/STM32F1xx_HAL_Driver/Src/stm32f1xx_hal_tim.o
                0x08004544                HAL_TIM_ConfigClockSource
 .text.HAL_TIM_PeriodElapsedCallback
                0x080046d2       0x12 ./Drivers/STM32F1xx_HAL_Driver/Src/stm32f1xx_hal_tim.o
                0x080046d2                HAL_TIM_PeriodElapsedCallback
 .text.HAL_TIM_OC_DelayElapsedCallback
                0x080046e4       0x12 ./Drivers/STM32F1xx_HAL_Driver/Src/stm32f1xx_hal_tim.o
                0x080046e4                HAL_TIM_OC_DelayElapsedCallback
 .text.HAL_TIM_IC_CaptureCallback
                0x080046f6       0x12 ./Drivers/STM32F1xx_HAL_Driver/Src/stm32f1xx_hal_tim.o
                0x080046f6                HAL_TIM_IC_CaptureCallback
 .text.HAL_TIM_PWM_PulseFinishedCallback
                0x08004708       0x12 ./Drivers/STM32F1xx_HAL_Driver/Src/stm32f1xx_hal_tim.o
                0x08004708                HAL_TIM_PWM_PulseFinishedCallback
 .text.HAL_TIM_TriggerCallback
                0x0800471a       0x12 ./Drivers/STM32F1xx_HAL_Driver/Src/stm32f1xx_hal_tim.o
                0x0800471a                HAL_TIM_TriggerCallback
 .text.TIM_Base_SetConfig
                0x0800472c       0xdc ./Drivers/STM32F1xx_HAL_Driver/Src/stm32f1xx_hal_tim.o
                0x0800472c                TIM_Base_SetConfig
 .text.TIM_TI1_ConfigInputStage
                0x08004808       0x5c ./Drivers/STM32F1xx_HAL_Driver/Src/stm32f1xx_hal_tim.o
 .text.TIM_TI2_ConfigInputStage
                0x08004864       0x5e ./Drivers/STM32F1xx_HAL_Driver/Src/stm32f1xx_hal_tim.o
 .text.TIM_ITRx_SetConfig
                0x080048c2       0x34 ./Drivers/STM32F1xx_HAL_Driver/Src/stm32f1xx_hal_tim.o
 .text.TIM_ETR_SetConfig
                0x080048f6       0x3e ./Drivers/STM32F1xx_HAL_Driver/Src/stm32f1xx_hal_tim.o
                0x080048f6                TIM_ETR_SetConfig
 .text.HAL_TIMEx_MasterConfigSynchronization
                0x08004934       0xbc ./Drivers/STM32F1xx_HAL_Driver/Src/stm32f1xx_hal_tim_ex.o
                0x08004934                HAL_TIMEx_MasterConfigSynchronization
 .text.HAL_TIMEx_CommutCallback
                0x080049f0       0x12 ./Drivers/STM32F1xx_HAL_Driver/Src/stm32f1xx_hal_tim_ex.o
                0x080049f0                HAL_TIMEx_CommutCallback
 .text.HAL_TIMEx_BreakCallback
                0x08004a02       0x12 ./Drivers/STM32F1xx_HAL_Driver/Src/stm32f1xx_hal_tim_ex.o
                0x08004a02                HAL_TIMEx_BreakCallback
 .text.USB_CoreInit
                0x08004a14       0x1a ./Drivers/STM32F1xx_HAL_Driver/Src/stm32f1xx_ll_usb.o
                0x08004a14                USB_CoreInit
 .text.USB_EnableGlobalInt
                0x08004a2e       0x2c ./Drivers/STM32F1xx_HAL_Driver/Src/stm32f1xx_ll_usb.o
                0x08004a2e                USB_EnableGlobalInt
 .text.USB_DisableGlobalInt
                0x08004a5a       0x34 ./Drivers/STM32F1xx_HAL_Driver/Src/stm32f1xx_ll_usb.o
                0x08004a5a                USB_DisableGlobalInt
 .text.USB_SetCurrentMode
                0x08004a8e       0x18 ./Drivers/STM32F1xx_HAL_Driver/Src/stm32f1xx_ll_usb.o
                0x08004a8e                USB_SetCurrentMode
 .text.USB_DevInit
                0x08004aa6       0x3a ./Drivers/STM32F1xx_HAL_Driver/Src/stm32f1xx_ll_usb.o
                0x08004aa6                USB_DevInit
 .text.USB_ActivateEndpoint
                0x08004ae0      0x780 ./Drivers/STM32F1xx_HAL_Driver/Src/stm32f1xx_ll_usb.o
                0x08004ae0                USB_ActivateEndpoint
 .text.USB_DeactivateEndpoint
                0x08005260      0x3d8 ./Drivers/STM32F1xx_HAL_Driver/Src/stm32f1xx_ll_usb.o
                0x08005260                USB_DeactivateEndpoint
 .text.USB_EPStartXfer
                0x08005638     0x1762 ./Drivers/STM32F1xx_HAL_Driver/Src/stm32f1xx_ll_usb.o
                0x08005638                USB_EPStartXfer
 .text.USB_EPSetStall
                0x08006d9a       0xa0 ./Drivers/STM32F1xx_HAL_Driver/Src/stm32f1xx_ll_usb.o
                0x08006d9a                USB_EPSetStall
 .text.USB_EPClearStall
                0x08006e3a      0x15a ./Drivers/STM32F1xx_HAL_Driver/Src/stm32f1xx_ll_usb.o
                0x08006e3a                USB_EPClearStall
 .text.USB_SetDevAddress
                0x08006f94       0x26 ./Drivers/STM32F1xx_HAL_Driver/Src/stm32f1xx_ll_usb.o
                0x08006f94                USB_SetDevAddress
 .text.USB_DevConnect
                0x08006fba       0x14 ./Drivers/STM32F1xx_HAL_Driver/Src/stm32f1xx_ll_usb.o
                0x08006fba                USB_DevConnect
 .text.USB_DevDisconnect
                0x08006fce       0x14 ./Drivers/STM32F1xx_HAL_Driver/Src/stm32f1xx_ll_usb.o
                0x08006fce                USB_DevDisconnect
 .text.USB_ReadInterrupts
                0x08006fe2       0x1e ./Drivers/STM32F1xx_HAL_Driver/Src/stm32f1xx_ll_usb.o
                0x08006fe2                USB_ReadInterrupts
 .text.USB_EP0_OutStart
                0x08007000       0x16 ./Drivers/STM32F1xx_HAL_Driver/Src/stm32f1xx_ll_usb.o
                0x08007000                USB_EP0_OutStart
 .text.USB_WritePMA
                0x08007016       0x8a ./Drivers/STM32F1xx_HAL_Driver/Src/stm32f1xx_ll_usb.o
                0x08007016                USB_WritePMA
 .text.USB_ReadPMA
                0x080070a0       0x9e ./Drivers/STM32F1xx_HAL_Driver/Src/stm32f1xx_ll_usb.o
                0x080070a0                USB_ReadPMA
 *fill*         0x0800713e        0x2 
 .text.USBD_MIDI_Init
                0x08007140       0x6c ./Middlewares/ST/STM32_USB_Device_Library/Class/MIDI/Src/usbd_midi.o
 .text.USBD_MIDI_DeInit
                0x080071ac       0x3c ./Middlewares/ST/STM32_USB_Device_Library/Class/MIDI/Src/usbd_midi.o
 .text.USBD_MIDI_Setup
                0x080071e8      0x11c ./Middlewares/ST/STM32_USB_Device_Library/Class/MIDI/Src/usbd_midi.o
 .text.USBD_MIDI_GetState
                0x08007304       0x1a ./Middlewares/ST/STM32_USB_Device_Library/Class/MIDI/Src/usbd_midi.o
                0x08007304                USBD_MIDI_GetState
 .text.USBD_MIDI_SendPackets
                0x0800731e       0x44 ./Middlewares/ST/STM32_USB_Device_Library/Class/MIDI/Src/usbd_midi.o
                0x0800731e                USBD_MIDI_SendPackets
 *fill*         0x08007362        0x2 
 .text.USBD_MIDI_GetCfgDesc
                0x08007364       0x20 ./Middlewares/ST/STM32_USB_Device_Library/Class/MIDI/Src/usbd_midi.o
 .text.USBD_MIDI_DataIn
                0x08007384       0x24 ./Middlewares/ST/STM32_USB_Device_Library/Class/MIDI/Src/usbd_midi.o
 .text.USBD_MIDI_OnPacketsSent
                0x080073a8        0xc ./Middlewares/ST/STM32_USB_Device_Library/Class/MIDI/Src/usbd_midi.o
                0x080073a8                USBD_MIDI_OnPacketsSent
 .text.USBD_MIDI_DataOut
                0x080073b4       0x50 ./Middlewares/ST/STM32_USB_Device_Library/Class/MIDI/Src/usbd_midi.o
 .text.USBD_MIDI_OnPacketsReceived
                0x08007404       0x16 ./Middlewares/ST/STM32_USB_Device_Library/Class/MIDI/Src/usbd_midi.o
                0x08007404                USBD_MIDI_OnPacketsReceived
 *fill*         0x0800741a        0x2 
 .text.USBD_MIDI_GetDeviceQualifierDesc
                0x0800741c       0x20 ./Middlewares/ST/STM32_USB_Device_Library/Class/MIDI/Src/usbd_midi.o
 .text.USBD_Init
                0x0800743c       0x56 ./Middlewares/ST/STM32_USB_Device_Library/Core/Src/usbd_core.o
                0x0800743c                USBD_Init
 .text.USBD_RegisterClass
                0x08007492       0x32 ./Middlewares/ST/STM32_USB_Device_Library/Core/Src/usbd_core.o
                0x08007492                USBD_RegisterClass
 .text.USBD_Start
                0x080074c4       0x18 ./Middlewares/ST/STM32_USB_Device_Library/Core/Src/usbd_core.o
                0x080074c4                USBD_Start
 .text.USBD_RunTestMode
                0x080074dc       0x14 ./Middlewares/ST/STM32_USB_Device_Library/Core/Src/usbd_core.o
                0x080074dc                USBD_RunTestMode
 .text.USBD_SetClassConfig
                0x080074f0       0x3e ./Middlewares/ST/STM32_USB_Device_Library/Core/Src/usbd_core.o
                0x080074f0                USBD_SetClassConfig
 .text.USBD_ClrClassConfig
                0x0800752e       0x26 ./Middlewares/ST/STM32_USB_Device_Library/Core/Src/usbd_core.o
                0x0800752e                USBD_ClrClassConfig
 .text.USBD_LL_SetupStage
                0x08007554       0x9a ./Middlewares/ST/STM32_USB_Device_Library/Core/Src/usbd_core.o
                0x08007554                USBD_LL_SetupStage
 .text.USBD_LL_DataOutStage
                0x080075ee       0xe2 ./Middlewares/ST/STM32_USB_Device_Library/Core/Src/usbd_core.o
                0x080075ee                USBD_LL_DataOutStage
 .text.USBD_LL_DataInStage
                0x080076d0      0x14a ./Middlewares/ST/STM32_USB_Device_Library/Core/Src/usbd_core.o
                0x080076d0                USBD_LL_DataInStage
 .text.USBD_LL_Reset
                0x0800781a       0x82 ./Middlewares/ST/STM32_USB_Device_Library/Core/Src/usbd_core.o
                0x0800781a                USBD_LL_Reset
 .text.USBD_LL_SetSpeed
                0x0800789c       0x1e ./Middlewares/ST/STM32_USB_Device_Library/Core/Src/usbd_core.o
                0x0800789c                USBD_LL_SetSpeed
 .text.USBD_LL_Suspend
                0x080078ba       0x28 ./Middlewares/ST/STM32_USB_Device_Library/Core/Src/usbd_core.o
                0x080078ba                USBD_LL_Suspend
 .text.USBD_LL_Resume
                0x080078e2       0x2a ./Middlewares/ST/STM32_USB_Device_Library/Core/Src/usbd_core.o
                0x080078e2                USBD_LL_Resume
 .text.USBD_LL_SOF
                0x0800790c       0x34 ./Middlewares/ST/STM32_USB_Device_Library/Core/Src/usbd_core.o
                0x0800790c                USBD_LL_SOF
 .text.USBD_StdDevReq
                0x08007940       0xd4 ./Middlewares/ST/STM32_USB_Device_Library/Core/Src/usbd_ctlreq.o
                0x08007940                USBD_StdDevReq
 .text.USBD_StdItfReq
                0x08007a14       0x90 ./Middlewares/ST/STM32_USB_Device_Library/Core/Src/usbd_ctlreq.o
                0x08007a14                USBD_StdItfReq
 .text.USBD_StdEPReq
                0x08007aa4      0x2c6 ./Middlewares/ST/STM32_USB_Device_Library/Core/Src/usbd_ctlreq.o
                0x08007aa4                USBD_StdEPReq
 *fill*         0x08007d6a        0x2 
 .text.USBD_GetDescriptor
                0x08007d6c      0x2d0 ./Middlewares/ST/STM32_USB_Device_Library/Core/Src/usbd_ctlreq.o
 .text.USBD_SetAddress
                0x0800803c       0x86 ./Middlewares/ST/STM32_USB_Device_Library/Core/Src/usbd_ctlreq.o
 *fill*         0x080080c2        0x2 
 .text.USBD_SetConfig
                0x080080c4      0x11c ./Middlewares/ST/STM32_USB_Device_Library/Core/Src/usbd_ctlreq.o
 .text.USBD_GetConfig
                0x080081e0       0x6a ./Middlewares/ST/STM32_USB_Device_Library/Core/Src/usbd_ctlreq.o
 .text.USBD_GetStatus
                0x0800824a       0x66 ./Middlewares/ST/STM32_USB_Device_Library/Core/Src/usbd_ctlreq.o
 .text.USBD_SetFeature
                0x080082b0       0x28 ./Middlewares/ST/STM32_USB_Device_Library/Core/Src/usbd_ctlreq.o
 .text.USBD_ClrFeature
                0x080082d8       0x42 ./Middlewares/ST/STM32_USB_Device_Library/Core/Src/usbd_ctlreq.o
 .text.USBD_ParseSetupRequest
                0x0800831a       0x72 ./Middlewares/ST/STM32_USB_Device_Library/Core/Src/usbd_ctlreq.o
                0x0800831a                USBD_ParseSetupRequest
 .text.USBD_CtlError
                0x0800838c       0x22 ./Middlewares/ST/STM32_USB_Device_Library/Core/Src/usbd_ctlreq.o
                0x0800838c                USBD_CtlError
 .text.USBD_GetString
                0x080083ae       0x84 ./Middlewares/ST/STM32_USB_Device_Library/Core/Src/usbd_ctlreq.o
                0x080083ae                USBD_GetString
 .text.USBD_GetLen
                0x08008432       0x2e ./Middlewares/ST/STM32_USB_Device_Library/Core/Src/usbd_ctlreq.o
 .text.USBD_CtlSendData
                0x08008460       0x38 ./Middlewares/ST/STM32_USB_Device_Library/Core/Src/usbd_ioreq.o
                0x08008460                USBD_CtlSendData
 .text.USBD_CtlContinueSendData
                0x08008498       0x24 ./Middlewares/ST/STM32_USB_Device_Library/Core/Src/usbd_ioreq.o
                0x08008498                USBD_CtlContinueSendData
 .text.USBD_CtlContinueRx
                0x080084bc       0x24 ./Middlewares/ST/STM32_USB_Device_Library/Core/Src/usbd_ioreq.o
                0x080084bc                USBD_CtlContinueRx
 .text.USBD_CtlSendStatus
                0x080084e0       0x26 ./Middlewares/ST/STM32_USB_Device_Library/Core/Src/usbd_ioreq.o
                0x080084e0                USBD_CtlSendStatus
 .text.USBD_CtlReceiveStatus
                0x08008506       0x26 ./Middlewares/ST/STM32_USB_Device_Library/Core/Src/usbd_ioreq.o
                0x08008506                USBD_CtlReceiveStatus
 .text.MX_USB_DEVICE_Init
                0x0800852c       0x4c ./USB_DEVICE/App/usb_device.o
                0x0800852c                MX_USB_DEVICE_Init
 .text.USBD_FS_DeviceDescriptor
                0x08008578       0x24 ./USB_DEVICE/App/usbd_desc.o
                0x08008578                USBD_FS_DeviceDescriptor
 .text.USBD_FS_LangIDStrDescriptor
                0x0800859c       0x24 ./USB_DEVICE/App/usbd_desc.o
                0x0800859c                USBD_FS_LangIDStrDescriptor
 .text.USBD_FS_ProductStrDescriptor
                0x080085c0       0x3c ./USB_DEVICE/App/usbd_desc.o
                0x080085c0                USBD_FS_ProductStrDescriptor
 .text.USBD_FS_ManufacturerStrDescriptor
                0x080085fc       0x28 ./USB_DEVICE/App/usbd_desc.o
                0x080085fc                USBD_FS_ManufacturerStrDescriptor
 .text.USBD_FS_SerialStrDescriptor
                0x08008624       0x24 ./USB_DEVICE/App/usbd_desc.o
                0x08008624                USBD_FS_SerialStrDescriptor
 .text.USBD_FS_ConfigStrDescriptor
                0x08008648       0x3c ./USB_DEVICE/App/usbd_desc.o
                0x08008648                USBD_FS_ConfigStrDescriptor
 .text.USBD_FS_InterfaceStrDescriptor
                0x08008684       0x3c ./USB_DEVICE/App/usbd_desc.o
                0x08008684                USBD_FS_InterfaceStrDescriptor
 .text.Get_SerialNum
                0x080086c0       0x58 ./USB_DEVICE/App/usbd_desc.o
 .text.IntToUnicode
                0x08008718       0x7c ./USB_DEVICE/App/usbd_desc.o
 .text.HAL_PCD_MspInit
                0x08008794       0x4c ./USB_DEVICE/Target/usbd_conf.o
                0x08008794                HAL_PCD_MspInit
 .text.HAL_PCD_SetupStageCallback
                0x080087e0       0x24 ./USB_DEVICE/Target/usbd_conf.o
                0x080087e0                HAL_PCD_SetupStageCallback
 .text.HAL_PCD_DataOutStageCallback
                0x08008804       0x36 ./USB_DEVICE/Target/usbd_conf.o
                0x08008804                HAL_PCD_DataOutStageCallback
 .text.HAL_PCD_DataInStageCallback
                0x0800883a       0x34 ./USB_DEVICE/Target/usbd_conf.o
                0x0800883a                HAL_PCD_DataInStageCallback
 .text.HAL_PCD_SOFCallback
                0x0800886e       0x1c ./USB_DEVICE/Target/usbd_conf.o
                0x0800886e                HAL_PCD_SOFCallback
 .text.HAL_PCD_ResetCallback
                0x0800888a       0x3c ./USB_DEVICE/Target/usbd_conf.o
                0x0800888a                HAL_PCD_ResetCallback
 *fill*         0x080088c6        0x2 
 .text.HAL_PCD_SuspendCallback
                0x080088c8       0x34 ./USB_DEVICE/Target/usbd_conf.o
                0x080088c8                HAL_PCD_SuspendCallback
 .text.HAL_PCD_ResumeCallback
                0x080088fc       0x1c ./USB_DEVICE/Target/usbd_conf.o
                0x080088fc                HAL_PCD_ResumeCallback
 .text.USBD_LL_Init
                0x08008918       0xa0 ./USB_DEVICE/Target/usbd_conf.o
                0x08008918                USBD_LL_Init
 .text.USBD_LL_Start
                0x080089b8       0x36 ./USB_DEVICE/Target/usbd_conf.o
                0x080089b8                USBD_LL_Start
 .text.USBD_LL_OpenEP
                0x080089ee       0x4c ./USB_DEVICE/Target/usbd_conf.o
                0x080089ee                USBD_LL_OpenEP
 .text.USBD_LL_CloseEP
                0x08008a3a       0x3e ./USB_DEVICE/Target/usbd_conf.o
                0x08008a3a                USBD_LL_CloseEP
 .text.USBD_LL_StallEP
                0x08008a78       0x3e ./USB_DEVICE/Target/usbd_conf.o
                0x08008a78                USBD_LL_StallEP
 .text.USBD_LL_ClearStallEP
                0x08008ab6       0x3e ./USB_DEVICE/Target/usbd_conf.o
                0x08008ab6                USBD_LL_ClearStallEP
 .text.USBD_LL_IsStallEP
                0x08008af4       0x56 ./USB_DEVICE/Target/usbd_conf.o
                0x08008af4                USBD_LL_IsStallEP
 .text.USBD_LL_SetUSBAddress
                0x08008b4a       0x3e ./USB_DEVICE/Target/usbd_conf.o
                0x08008b4a                USBD_LL_SetUSBAddress
 .text.USBD_LL_Transmit
                0x08008b88       0x46 ./USB_DEVICE/Target/usbd_conf.o
                0x08008b88                USBD_LL_Transmit
 .text.USBD_LL_PrepareReceive
                0x08008bce       0x46 ./USB_DEVICE/Target/usbd_conf.o
                0x08008bce                USBD_LL_PrepareReceive
 .text.USBD_static_malloc
                0x08008c14       0x18 ./USB_DEVICE/Target/usbd_conf.o
                0x08008c14                USBD_static_malloc
 .text.USBD_static_free
                0x08008c2c       0x12 ./USB_DEVICE/Target/usbd_conf.o
                0x08008c2c                USBD_static_free
 .text.HAL_PCDEx_SetConnectionState
                0x08008c3e       0x16 ./USB_DEVICE/Target/usbd_conf.o
                0x08008c3e                HAL_PCDEx_SetConnectionState
 .text.USBD_Get_USB_Status
                0x08008c54       0x58 ./USB_DEVICE/Target/usbd_conf.o
 .text.memset   0x08008cac       0x10 C:/ST/STM32CubeIDE_1.16.0/STM32CubeIDE/plugins/com.st.stm32cube.ide.mcu.externaltools.gnu-tools-for-stm32.12.3.rel1.win32_1.0.200.202406191623/tools/bin/../lib/gcc/arm-none-eabi/12.3.1/../../../../arm-none-eabi/lib/thumb/v7-m/nofp\libc_nano.a(libc_a-memset.o)
                0x08008cac                memset
 .text.__libc_init_array
                0x08008cbc       0x48 C:/ST/STM32CubeIDE_1.16.0/STM32CubeIDE/plugins/com.st.stm32cube.ide.mcu.externaltools.gnu-tools-for-stm32.12.3.rel1.win32_1.0.200.202406191623/tools/bin/../lib/gcc/arm-none-eabi/12.3.1/../../../../arm-none-eabi/lib/thumb/v7-m/nofp\libc_nano.a(libc_a-init.o)
                0x08008cbc                __libc_init_array
 *(.glue_7)
 .glue_7        0x08008d04        0x0 linker stubs
 *(.glue_7t)
 .glue_7t       0x08008d04        0x0 linker stubs
 *(.eh_frame)
 .eh_frame      0x08008d04        0x0 C:/ST/STM32CubeIDE_1.16.0/STM32CubeIDE/plugins/com.st.stm32cube.ide.mcu.externaltools.gnu-tools-for-stm32.12.3.rel1.win32_1.0.200.202406191623/tools/bin/../lib/gcc/arm-none-eabi/12.3.1/thumb/v7-m/nofp/crtbegin.o
 *(.init)
 .init          0x08008d04        0x4 C:/ST/STM32CubeIDE_1.16.0/STM32CubeIDE/plugins/com.st.stm32cube.ide.mcu.externaltools.gnu-tools-for-stm32.12.3.rel1.win32_1.0.200.202406191623/tools/bin/../lib/gcc/arm-none-eabi/12.3.1/thumb/v7-m/nofp/crti.o
                0x08008d04                _init
 .init          0x08008d08        0x8 C:/ST/STM32CubeIDE_1.16.0/STM32CubeIDE/plugins/com.st.stm32cube.ide.mcu.externaltools.gnu-tools-for-stm32.12.3.rel1.win32_1.0.200.202406191623/tools/bin/../lib/gcc/arm-none-eabi/12.3.1/thumb/v7-m/nofp/crtn.o
 *(.fini)
 .fini          0x08008d10        0x4 C:/ST/STM32CubeIDE_1.16.0/STM32CubeIDE/plugins/com.st.stm32cube.ide.mcu.externaltools.gnu-tools-for-stm32.12.3.rel1.win32_1.0.200.202406191623/tools/bin/../lib/gcc/arm-none-eabi/12.3.1/thumb/v7-m/nofp/crti.o
                0x08008d10                _fini
 .fini          0x08008d14        0x8 C:/ST/STM32CubeIDE_1.16.0/STM32CubeIDE/plugins/com.st.stm32cube.ide.mcu.externaltools.gnu-tools-for-stm32.12.3.rel1.win32_1.0.200.202406191623/tools/bin/../lib/gcc/arm-none-eabi/12.3.1/thumb/v7-m/nofp/crtn.o
                0x08008d1c                        . = ALIGN (0x4)
                0x08008d1c                        _etext = .

.vfp11_veneer   0x08008d1c        0x0
 .vfp11_veneer  0x08008d1c        0x0 linker stubs

.v4_bx          0x08008d1c        0x0
 .v4_bx         0x08008d1c        0x0 linker stubs

.iplt           0x08008d1c        0x0
 .iplt          0x08008d1c        0x0 C:/ST/STM32CubeIDE_1.16.0/STM32CubeIDE/plugins/com.st.stm32cube.ide.mcu.externaltools.gnu-tools-for-stm32.12.3.rel1.win32_1.0.200.202406191623/tools/bin/../lib/gcc/arm-none-eabi/12.3.1/thumb/v7-m/nofp/crtbegin.o

.rodata         0x08008d1c       0x84
                0x08008d1c                        . = ALIGN (0x4)
 *(.rodata)
 .rodata        0x08008d1c       0x42 ./USB_DEVICE/App/usbd_desc.o
 *(.rodata*)
 *fill*         0x08008d5e        0x2 
 .rodata.AHBPrescTable
                0x08008d60       0x10 ./Core/Src/system_stm32f1xx.o
                0x08008d60                AHBPrescTable
 .rodata.APBPrescTable
                0x08008d70        0x8 ./Core/Src/system_stm32f1xx.o
                0x08008d70                APBPrescTable
 .rodata.aPLLMULFactorTable.1
                0x08008d78       0x10 ./Drivers/STM32F1xx_HAL_Driver/Src/stm32f1xx_hal_rcc.o
 .rodata.aPredivFactorTable.0
                0x08008d88        0x2 ./Drivers/STM32F1xx_HAL_Driver/Src/stm32f1xx_hal_rcc.o
 *fill*         0x08008d8a        0x2 
 .rodata.aPLLMULFactorTable.1
                0x08008d8c       0x10 ./Drivers/STM32F1xx_HAL_Driver/Src/stm32f1xx_hal_rcc_ex.o
 .rodata.aPredivFactorTable.0
                0x08008d9c        0x2 ./Drivers/STM32F1xx_HAL_Driver/Src/stm32f1xx_hal_rcc_ex.o
                0x08008da0                        . = ALIGN (0x4)
 *fill*         0x08008d9e        0x2 

.ARM.extab      0x08008da0        0x0
                0x08008da0                        . = ALIGN (0x4)
 *(.ARM.extab* .gnu.linkonce.armextab.*)
                0x08008da0                        . = ALIGN (0x4)

.ARM            0x08008da0        0x0
                0x08008da0                        . = ALIGN (0x4)
                0x08008da0                        __exidx_start = .
 *(.ARM.exidx*)
                0x08008da0                        __exidx_end = .
                0x08008da0                        . = ALIGN (0x4)

.preinit_array  0x08008da0        0x0
                0x08008da0                        . = ALIGN (0x4)
                0x08008da0                        PROVIDE (__preinit_array_start = .)
 *(.preinit_array*)
                0x08008da0                        PROVIDE (__preinit_array_end = .)
                0x08008da0                        . = ALIGN (0x4)

.init_array     0x08008da0        0x4
                0x08008da0                        . = ALIGN (0x4)
                0x08008da0                        PROVIDE (__init_array_start = .)
 *(SORT_BY_NAME(.init_array.*))
 *(.init_array*)
 .init_array    0x08008da0        0x4 C:/ST/STM32CubeIDE_1.16.0/STM32CubeIDE/plugins/com.st.stm32cube.ide.mcu.externaltools.gnu-tools-for-stm32.12.3.rel1.win32_1.0.200.202406191623/tools/bin/../lib/gcc/arm-none-eabi/12.3.1/thumb/v7-m/nofp/crtbegin.o
                0x08008da4                        PROVIDE (__init_array_end = .)
                0x08008da4                        . = ALIGN (0x4)

.fini_array     0x08008da4        0x4
                0x08008da4                        . = ALIGN (0x4)
                [!provide]                        PROVIDE (__fini_array_start = .)
 *(SORT_BY_NAME(.fini_array.*))
 *(.fini_array*)
 .fini_array    0x08008da4        0x4 C:/ST/STM32CubeIDE_1.16.0/STM32CubeIDE/plugins/com.st.stm32cube.ide.mcu.externaltools.gnu-tools-for-stm32.12.3.rel1.win32_1.0.200.202406191623/tools/bin/../lib/gcc/arm-none-eabi/12.3.1/thumb/v7-m/nofp/crtbegin.o
                [!provide]                        PROVIDE (__fini_array_end = .)
                0x08008da8                        . = ALIGN (0x4)
                0x08008da8                        _sidata = LOADADDR (.data)

.rel.dyn        0x08008da8        0x0
 .rel.iplt      0x08008da8        0x0 C:/ST/STM32CubeIDE_1.16.0/STM32CubeIDE/plugins/com.st.stm32cube.ide.mcu.externaltools.gnu-tools-for-stm32.12.3.rel1.win32_1.0.200.202406191623/tools/bin/../lib/gcc/arm-none-eabi/12.3.1/thumb/v7-m/nofp/crtbegin.o

.data           0x20000000      0x10c load address 0x08008da8
                0x20000000                        . = ALIGN (0x4)
                0x20000000                        _sdata = .
 *(.data)
 *(.data*)
 .data.on_message
                0x20000000        0x4 ./Core/Src/stm32f1xx_it.o
                0x20000000                on_message
 .data.off_message
                0x20000004        0x4 ./Core/Src/stm32f1xx_it.o
                0x20000004                off_message
 .data.PS_message
                0x20000008        0x4 ./Core/Src/stm32f1xx_it.o
                0x20000008                PS_message
 .data.D_vol_message
                0x2000000c        0x4 ./Core/Src/stm32f1xx_it.o
                0x2000000c                D_vol_message
 .data.P_vol_message
                0x20000010        0x4 ./Core/Src/stm32f1xx_it.o
                0x20000010                P_vol_message
 .data.elapsed_times
                0x20000014        0x1 ./Core/Src/stm32f1xx_it.o
                0x20000014                elapsed_times
 *fill*         0x20000015        0x3 
 .data.SystemCoreClock
                0x20000018        0x4 ./Core/Src/system_stm32f1xx.o
                0x20000018                SystemCoreClock
 .data.uwTickPrio
                0x2000001c        0x4 ./Drivers/STM32F1xx_HAL_Driver/Src/stm32f1xx_hal.o
                0x2000001c                uwTickPrio
 .data.uwTickFreq
                0x20000020        0x1 ./Drivers/STM32F1xx_HAL_Driver/Src/stm32f1xx_hal.o
                0x20000020                uwTickFreq
 *fill*         0x20000021        0x3 
 .data.USBD_MIDI
                0x20000024       0x38 ./Middlewares/ST/STM32_USB_Device_Library/Class/MIDI/Src/usbd_midi.o
                0x20000024                USBD_MIDI
 .data.USBD_MIDI_CfgDesc
                0x2000005c       0x53 ./Middlewares/ST/STM32_USB_Device_Library/Class/MIDI/Src/usbd_midi.o
 *fill*         0x200000af        0x1 
 .data.USBD_MIDI_DeviceQualifierDesc
                0x200000b0        0xa ./Middlewares/ST/STM32_USB_Device_Library/Class/MIDI/Src/usbd_midi.o
 *fill*         0x200000ba        0x2 
 .data.FS_Desc  0x200000bc       0x1c ./USB_DEVICE/App/usbd_desc.o
                0x200000bc                FS_Desc
 .data.USBD_FS_DeviceDesc
                0x200000d8       0x12 ./USB_DEVICE/App/usbd_desc.o
                0x200000d8                USBD_FS_DeviceDesc
 *fill*         0x200000ea        0x2 
 .data.USBD_LangIDDesc
                0x200000ec        0x4 ./USB_DEVICE/App/usbd_desc.o
                0x200000ec                USBD_LangIDDesc
 .data.USBD_StringSerial
                0x200000f0       0x1a ./USB_DEVICE/App/usbd_desc.o
                0x200000f0                USBD_StringSerial
 *(.RamFunc)
 *(.RamFunc*)
                0x2000010c                        . = ALIGN (0x4)
 *fill*         0x2000010a        0x2 
                0x2000010c                        _edata = .

.igot.plt       0x2000010c        0x0 load address 0x08008eb4
 .igot.plt      0x2000010c        0x0 C:/ST/STM32CubeIDE_1.16.0/STM32CubeIDE/plugins/com.st.stm32cube.ide.mcu.externaltools.gnu-tools-for-stm32.12.3.rel1.win32_1.0.200.202406191623/tools/bin/../lib/gcc/arm-none-eabi/12.3.1/thumb/v7-m/nofp/crtbegin.o
                0x2000010c                        . = ALIGN (0x4)

.bss            0x2000010c      0x8d0 load address 0x08008eb4
                0x2000010c                        _sbss = .
                0x2000010c                        __bss_start__ = _sbss
 *(.bss)
 .bss           0x2000010c       0x1c C:/ST/STM32CubeIDE_1.16.0/STM32CubeIDE/plugins/com.st.stm32cube.ide.mcu.externaltools.gnu-tools-for-stm32.12.3.rel1.win32_1.0.200.202406191623/tools/bin/../lib/gcc/arm-none-eabi/12.3.1/thumb/v7-m/nofp/crtbegin.o
 *(.bss*)
 .bss.hadc1     0x20000128       0x30 ./Core/Src/main.o
                0x20000128                hadc1
 .bss.hadc2     0x20000158       0x30 ./Core/Src/main.o
                0x20000158                hadc2
 .bss.htim2     0x20000188       0x48 ./Core/Src/main.o
                0x20000188                htim2
 .bss.control_toggled
                0x200001d0        0x1 ./Core/Src/stm32f1xx_it.o
                0x200001d0                control_toggled
 .bss.play_toggled
                0x200001d1        0x1 ./Core/Src/stm32f1xx_it.o
                0x200001d1                play_toggled
 .bss.pressed   0x200001d2        0x1 ./Core/Src/stm32f1xx_it.o
                0x200001d2                pressed
 *fill*         0x200001d3        0x1 
 .bss.D_previous
                0x200001d4        0x2 ./Core/Src/stm32f1xx_it.o
                0x200001d4                D_previous
 .bss.D_current
                0x200001d6        0x2 ./Core/Src/stm32f1xx_it.o
                0x200001d6                D_current
 .bss.D_sum     0x200001d8        0x2 ./Core/Src/stm32f1xx_it.o
                0x200001d8                D_sum
 .bss.P_previous
                0x200001da        0x2 ./Core/Src/stm32f1xx_it.o
                0x200001da                P_previous
 .bss.P_current
                0x200001dc        0x2 ./Core/Src/stm32f1xx_it.o
                0x200001dc                P_current
 .bss.P_sum     0x200001de        0x2 ./Core/Src/stm32f1xx_it.o
                0x200001de                P_sum
 .bss.locked    0x200001e0        0x1 ./Core/Src/stm32f1xx_it.o
                0x200001e0                locked
 *fill*         0x200001e1        0x3 
 .bss.uwTick    0x200001e4        0x4 ./Drivers/STM32F1xx_HAL_Driver/Src/stm32f1xx_hal.o
                0x200001e4                uwTick
 .bss.usb_rx_buffer
                0x200001e8       0x40 ./Middlewares/ST/STM32_USB_Device_Library/Class/MIDI/Src/usbd_midi.o
 .bss.cfgidx.0  0x20000228        0x1 ./Middlewares/ST/STM32_USB_Device_Library/Core/Src/usbd_ctlreq.o
 *fill*         0x20000229        0x3 
 .bss.hUsbDeviceFS
                0x2000022c      0x2c4 ./USB_DEVICE/App/usb_device.o
                0x2000022c                hUsbDeviceFS
 .bss.USBD_StrDesc
                0x200004f0      0x200 ./USB_DEVICE/App/usbd_desc.o
                0x200004f0                USBD_StrDesc
 .bss.hpcd_USB_FS
                0x200006f0      0x2d8 ./USB_DEVICE/Target/usbd_conf.o
                0x200006f0                hpcd_USB_FS
 .bss.mem.0     0x200009c8       0x14 ./USB_DEVICE/Target/usbd_conf.o
 *(COMMON)
                0x200009dc                        . = ALIGN (0x4)
                0x200009dc                        _ebss = .
                0x200009dc                        __bss_end__ = _ebss

._user_heap_stack
                0x200009dc      0x604 load address 0x08008eb4
                0x200009e0                        . = ALIGN (0x8)
 *fill*         0x200009dc        0x4 
                [!provide]                        PROVIDE (end = .)
                0x200009e0                        PROVIDE (_end = .)
                0x20000be0                        . = (. + _Min_Heap_Size)
 *fill*         0x200009e0      0x200 
                0x20000fe0                        . = (. + _Min_Stack_Size)
 *fill*         0x20000be0      0x400 
                0x20000fe0                        . = ALIGN (0x8)

/DISCARD/
 libc.a(*)
 libm.a(*)
 libgcc.a(*)

.ARM.attributes
                0x00000000       0x29
 *(.ARM.attributes)
 .ARM.attributes
                0x00000000       0x1d C:/ST/STM32CubeIDE_1.16.0/STM32CubeIDE/plugins/com.st.stm32cube.ide.mcu.externaltools.gnu-tools-for-stm32.12.3.rel1.win32_1.0.200.202406191623/tools/bin/../lib/gcc/arm-none-eabi/12.3.1/thumb/v7-m/nofp/crti.o
 .ARM.attributes
                0x0000001d       0x2d C:/ST/STM32CubeIDE_1.16.0/STM32CubeIDE/plugins/com.st.stm32cube.ide.mcu.externaltools.gnu-tools-for-stm32.12.3.rel1.win32_1.0.200.202406191623/tools/bin/../lib/gcc/arm-none-eabi/12.3.1/thumb/v7-m/nofp/crtbegin.o
 .ARM.attributes
                0x0000004a       0x2d ./Core/Src/main.o
 .ARM.attributes
                0x00000077       0x2d ./Core/Src/stm32f1xx_hal_msp.o
 .ARM.attributes
                0x000000a4       0x2d ./Core/Src/stm32f1xx_it.o
 .ARM.attributes
                0x000000d1       0x2d ./Core/Src/system_stm32f1xx.o
 .ARM.attributes
                0x000000fe       0x21 ./Core/Startup/startup_stm32f103c8tx.o
 .ARM.attributes
                0x0000011f       0x2d ./Drivers/STM32F1xx_HAL_Driver/Src/stm32f1xx_hal.o
 .ARM.attributes
                0x0000014c       0x2d ./Drivers/STM32F1xx_HAL_Driver/Src/stm32f1xx_hal_adc.o
 .ARM.attributes
                0x00000179       0x2d ./Drivers/STM32F1xx_HAL_Driver/Src/stm32f1xx_hal_cortex.o
 .ARM.attributes
                0x000001a6       0x2d ./Drivers/STM32F1xx_HAL_Driver/Src/stm32f1xx_hal_gpio.o
 .ARM.attributes
                0x000001d3       0x2d ./Drivers/STM32F1xx_HAL_Driver/Src/stm32f1xx_hal_pcd.o
 .ARM.attributes
                0x00000200       0x2d ./Drivers/STM32F1xx_HAL_Driver/Src/stm32f1xx_hal_pcd_ex.o
 .ARM.attributes
                0x0000022d       0x2d ./Drivers/STM32F1xx_HAL_Driver/Src/stm32f1xx_hal_rcc.o
 .ARM.attributes
                0x0000025a       0x2d ./Drivers/STM32F1xx_HAL_Driver/Src/stm32f1xx_hal_rcc_ex.o
 .ARM.attributes
                0x00000287       0x2d ./Drivers/STM32F1xx_HAL_Driver/Src/stm32f1xx_hal_tim.o
 .ARM.attributes
                0x000002b4       0x2d ./Drivers/STM32F1xx_HAL_Driver/Src/stm32f1xx_hal_tim_ex.o
 .ARM.attributes
                0x000002e1       0x2d ./Drivers/STM32F1xx_HAL_Driver/Src/stm32f1xx_ll_usb.o
 .ARM.attributes
                0x0000030e       0x2d ./Middlewares/ST/STM32_USB_Device_Library/Class/MIDI/Src/usbd_midi.o
 .ARM.attributes
                0x0000033b       0x2d ./Middlewares/ST/STM32_USB_Device_Library/Core/Src/usbd_core.o
 .ARM.attributes
                0x00000368       0x2d ./Middlewares/ST/STM32_USB_Device_Library/Core/Src/usbd_ctlreq.o
 .ARM.attributes
                0x00000395       0x2d ./Middlewares/ST/STM32_USB_Device_Library/Core/Src/usbd_ioreq.o
 .ARM.attributes
                0x000003c2       0x2d ./USB_DEVICE/App/usb_device.o
 .ARM.attributes
                0x000003ef       0x2d ./USB_DEVICE/App/usbd_desc.o
 .ARM.attributes
                0x0000041c       0x2d ./USB_DEVICE/Target/usbd_conf.o
 .ARM.attributes
                0x00000449       0x2d C:/ST/STM32CubeIDE_1.16.0/STM32CubeIDE/plugins/com.st.stm32cube.ide.mcu.externaltools.gnu-tools-for-stm32.12.3.rel1.win32_1.0.200.202406191623/tools/bin/../lib/gcc/arm-none-eabi/12.3.1/../../../../arm-none-eabi/lib/thumb/v7-m/nofp\libc_nano.a(libc_a-memset.o)
 .ARM.attributes
                0x00000476       0x2d C:/ST/STM32CubeIDE_1.16.0/STM32CubeIDE/plugins/com.st.stm32cube.ide.mcu.externaltools.gnu-tools-for-stm32.12.3.rel1.win32_1.0.200.202406191623/tools/bin/../lib/gcc/arm-none-eabi/12.3.1/../../../../arm-none-eabi/lib/thumb/v7-m/nofp\libc_nano.a(libc_a-init.o)
 .ARM.attributes
                0x000004a3       0x1d C:/ST/STM32CubeIDE_1.16.0/STM32CubeIDE/plugins/com.st.stm32cube.ide.mcu.externaltools.gnu-tools-for-stm32.12.3.rel1.win32_1.0.200.202406191623/tools/bin/../lib/gcc/arm-none-eabi/12.3.1/thumb/v7-m/nofp/crtn.o
OUTPUT(Blue Pill Midi Controller.elf elf32-littlearm)
LOAD linker stubs
LOAD C:/ST/STM32CubeIDE_1.16.0/STM32CubeIDE/plugins/com.st.stm32cube.ide.mcu.externaltools.gnu-tools-for-stm32.12.3.rel1.win32_1.0.200.202406191623/tools/bin/../lib/gcc/arm-none-eabi/12.3.1/../../../../arm-none-eabi/lib/thumb/v7-m/nofp\libc.a
LOAD C:/ST/STM32CubeIDE_1.16.0/STM32CubeIDE/plugins/com.st.stm32cube.ide.mcu.externaltools.gnu-tools-for-stm32.12.3.rel1.win32_1.0.200.202406191623/tools/bin/../lib/gcc/arm-none-eabi/12.3.1/../../../../arm-none-eabi/lib/thumb/v7-m/nofp\libm.a
LOAD C:/ST/STM32CubeIDE_1.16.0/STM32CubeIDE/plugins/com.st.stm32cube.ide.mcu.externaltools.gnu-tools-for-stm32.12.3.rel1.win32_1.0.200.202406191623/tools/bin/../lib/gcc/arm-none-eabi/12.3.1/thumb/v7-m/nofp\libgcc.a

.debug_info     0x00000000    0x123f2
 .debug_info    0x00000000     0x15df ./Core/Src/main.o
 .debug_info    0x000015df      0xd18 ./Core/Src/stm32f1xx_hal_msp.o
 .debug_info    0x000022f7     0x1234 ./Core/Src/stm32f1xx_it.o
 .debug_info    0x0000352b      0x222 ./Core/Src/system_stm32f1xx.o
 .debug_info    0x0000374d       0x30 ./Core/Startup/startup_stm32f103c8tx.o
 .debug_info    0x0000377d      0x704 ./Drivers/STM32F1xx_HAL_Driver/Src/stm32f1xx_hal.o
 .debug_info    0x00003e81      0xc50 ./Drivers/STM32F1xx_HAL_Driver/Src/stm32f1xx_hal_adc.o
 .debug_info    0x00004ad1      0xa87 ./Drivers/STM32F1xx_HAL_Driver/Src/stm32f1xx_hal_cortex.o
 .debug_info    0x00005558      0x5ab ./Drivers/STM32F1xx_HAL_Driver/Src/stm32f1xx_hal_gpio.o
 .debug_info    0x00005b03     0x16dc ./Drivers/STM32F1xx_HAL_Driver/Src/stm32f1xx_hal_pcd.o
 .debug_info    0x000071df      0x6c3 ./Drivers/STM32F1xx_HAL_Driver/Src/stm32f1xx_hal_pcd_ex.o
 .debug_info    0x000078a2      0x7d5 ./Drivers/STM32F1xx_HAL_Driver/Src/stm32f1xx_hal_rcc.o
 .debug_info    0x00008077      0x3c0 ./Drivers/STM32F1xx_HAL_Driver/Src/stm32f1xx_hal_rcc_ex.o
 .debug_info    0x00008437     0x2959 ./Drivers/STM32F1xx_HAL_Driver/Src/stm32f1xx_hal_tim.o
 .debug_info    0x0000ad90     0x149b ./Drivers/STM32F1xx_HAL_Driver/Src/stm32f1xx_hal_tim_ex.o
 .debug_info    0x0000c22b     0x17ae ./Drivers/STM32F1xx_HAL_Driver/Src/stm32f1xx_ll_usb.o
 .debug_info    0x0000d9d9      0xe33 ./Middlewares/ST/STM32_USB_Device_Library/Class/MIDI/Src/usbd_midi.o
 .debug_info    0x0000e80c      0xa52 ./Middlewares/ST/STM32_USB_Device_Library/Core/Src/usbd_core.o
 .debug_info    0x0000f25e      0x91c ./Middlewares/ST/STM32_USB_Device_Library/Core/Src/usbd_ctlreq.o
 .debug_info    0x0000fb7a      0x6a0 ./Middlewares/ST/STM32_USB_Device_Library/Core/Src/usbd_ioreq.o
 .debug_info    0x0001021a      0x53a ./USB_DEVICE/App/usb_device.o
 .debug_info    0x00010754      0x44a ./USB_DEVICE/App/usbd_desc.o
 .debug_info    0x00010b9e     0x1854 ./USB_DEVICE/Target/usbd_conf.o

.debug_abbrev   0x00000000     0x3131
 .debug_abbrev  0x00000000      0x309 ./Core/Src/main.o
 .debug_abbrev  0x00000309      0x1d6 ./Core/Src/stm32f1xx_hal_msp.o
 .debug_abbrev  0x000004df      0x2a1 ./Core/Src/stm32f1xx_it.o
 .debug_abbrev  0x00000780      0x13f ./Core/Src/system_stm32f1xx.o
 .debug_abbrev  0x000008bf       0x24 ./Core/Startup/startup_stm32f103c8tx.o
 .debug_abbrev  0x000008e3      0x201 ./Drivers/STM32F1xx_HAL_Driver/Src/stm32f1xx_hal.o
 .debug_abbrev  0x00000ae4      0x225 ./Drivers/STM32F1xx_HAL_Driver/Src/stm32f1xx_hal_adc.o
 .debug_abbrev  0x00000d09      0x2f8 ./Drivers/STM32F1xx_HAL_Driver/Src/stm32f1xx_hal_cortex.o
 .debug_abbrev  0x00001001      0x1ca ./Drivers/STM32F1xx_HAL_Driver/Src/stm32f1xx_hal_gpio.o
 .debug_abbrev  0x000011cb      0x2d6 ./Drivers/STM32F1xx_HAL_Driver/Src/stm32f1xx_hal_pcd.o
 .debug_abbrev  0x000014a1      0x189 ./Drivers/STM32F1xx_HAL_Driver/Src/stm32f1xx_hal_pcd_ex.o
 .debug_abbrev  0x0000162a      0x2b3 ./Drivers/STM32F1xx_HAL_Driver/Src/stm32f1xx_hal_rcc.o
 .debug_abbrev  0x000018dd      0x188 ./Drivers/STM32F1xx_HAL_Driver/Src/stm32f1xx_hal_rcc_ex.o
 .debug_abbrev  0x00001a65      0x277 ./Drivers/STM32F1xx_HAL_Driver/Src/stm32f1xx_hal_tim.o
 .debug_abbrev  0x00001cdc      0x282 ./Drivers/STM32F1xx_HAL_Driver/Src/stm32f1xx_hal_tim_ex.o
 .debug_abbrev  0x00001f5e      0x1de ./Drivers/STM32F1xx_HAL_Driver/Src/stm32f1xx_ll_usb.o
 .debug_abbrev  0x0000213c      0x311 ./Middlewares/ST/STM32_USB_Device_Library/Class/MIDI/Src/usbd_midi.o
 .debug_abbrev  0x0000244d      0x24a ./Middlewares/ST/STM32_USB_Device_Library/Core/Src/usbd_core.o
 .debug_abbrev  0x00002697      0x26b ./Middlewares/ST/STM32_USB_Device_Library/Core/Src/usbd_ctlreq.o
 .debug_abbrev  0x00002902      0x192 ./Middlewares/ST/STM32_USB_Device_Library/Core/Src/usbd_ioreq.o
 .debug_abbrev  0x00002a94      0x188 ./USB_DEVICE/App/usb_device.o
 .debug_abbrev  0x00002c1c      0x1ff ./USB_DEVICE/App/usbd_desc.o
 .debug_abbrev  0x00002e1b      0x316 ./USB_DEVICE/Target/usbd_conf.o

.debug_aranges  0x00000000     0x10a8
 .debug_aranges
                0x00000000       0x60 ./Core/Src/main.o
 .debug_aranges
                0x00000060       0x40 ./Core/Src/stm32f1xx_hal_msp.o
 .debug_aranges
                0x000000a0       0x80 ./Core/Src/stm32f1xx_it.o
 .debug_aranges
                0x00000120       0x28 ./Core/Src/system_stm32f1xx.o
 .debug_aranges
                0x00000148       0x28 ./Core/Startup/startup_stm32f103c8tx.o
 .debug_aranges
                0x00000170       0xe0 ./Drivers/STM32F1xx_HAL_Driver/Src/stm32f1xx_hal.o
 .debug_aranges
                0x00000250       0xf0 ./Drivers/STM32F1xx_HAL_Driver/Src/stm32f1xx_hal_adc.o
 .debug_aranges
                0x00000340      0x100 ./Drivers/STM32F1xx_HAL_Driver/Src/stm32f1xx_hal_cortex.o
 .debug_aranges
                0x00000440       0x58 ./Drivers/STM32F1xx_HAL_Driver/Src/stm32f1xx_hal_gpio.o
 .debug_aranges
                0x00000498      0x140 ./Drivers/STM32F1xx_HAL_Driver/Src/stm32f1xx_hal_pcd.o
 .debug_aranges
                0x000005d8       0x38 ./Drivers/STM32F1xx_HAL_Driver/Src/stm32f1xx_hal_pcd_ex.o
 .debug_aranges
                0x00000610       0x90 ./Drivers/STM32F1xx_HAL_Driver/Src/stm32f1xx_hal_rcc.o
 .debug_aranges
                0x000006a0       0x30 ./Drivers/STM32F1xx_HAL_Driver/Src/stm32f1xx_hal_rcc_ex.o
 .debug_aranges
                0x000006d0      0x3d0 ./Drivers/STM32F1xx_HAL_Driver/Src/stm32f1xx_hal_tim.o
 .debug_aranges
                0x00000aa0      0x168 ./Drivers/STM32F1xx_HAL_Driver/Src/stm32f1xx_hal_tim_ex.o
 .debug_aranges
                0x00000c08       0xf8 ./Drivers/STM32F1xx_HAL_Driver/Src/stm32f1xx_ll_usb.o
 .debug_aranges
                0x00000d00       0x80 ./Middlewares/ST/STM32_USB_Device_Library/Class/MIDI/Src/usbd_midi.o
 .debug_aranges
                0x00000d80       0xb8 ./Middlewares/ST/STM32_USB_Device_Library/Core/Src/usbd_core.o
 .debug_aranges
                0x00000e38       0x88 ./Middlewares/ST/STM32_USB_Device_Library/Core/Src/usbd_ctlreq.o
 .debug_aranges
                0x00000ec0       0x50 ./Middlewares/ST/STM32_USB_Device_Library/Core/Src/usbd_ioreq.o
 .debug_aranges
                0x00000f10       0x20 ./USB_DEVICE/App/usb_device.o
 .debug_aranges
                0x00000f30       0x60 ./USB_DEVICE/App/usbd_desc.o
 .debug_aranges
                0x00000f90      0x118 ./USB_DEVICE/Target/usbd_conf.o

.debug_rnglists
                0x00000000      0xca7
 .debug_rnglists
                0x00000000       0x47 ./Core/Src/main.o
 .debug_rnglists
                0x00000047       0x2c ./Core/Src/stm32f1xx_hal_msp.o
 .debug_rnglists
                0x00000073       0x5d ./Core/Src/stm32f1xx_it.o
 .debug_rnglists
                0x000000d0       0x1a ./Core/Src/system_stm32f1xx.o
 .debug_rnglists
                0x000000ea       0x19 ./Core/Startup/startup_stm32f103c8tx.o
 .debug_rnglists
                0x00000103       0xa3 ./Drivers/STM32F1xx_HAL_Driver/Src/stm32f1xx_hal.o
 .debug_rnglists
                0x000001a6       0xbc ./Drivers/STM32F1xx_HAL_Driver/Src/stm32f1xx_hal_adc.o
 .debug_rnglists
                0x00000262       0xbb ./Drivers/STM32F1xx_HAL_Driver/Src/stm32f1xx_hal_cortex.o
 .debug_rnglists
                0x0000031d       0x3f ./Drivers/STM32F1xx_HAL_Driver/Src/stm32f1xx_hal_gpio.o
 .debug_rnglists
                0x0000035c       0xf4 ./Drivers/STM32F1xx_HAL_Driver/Src/stm32f1xx_hal_pcd.o
 .debug_rnglists
                0x00000450       0x26 ./Drivers/STM32F1xx_HAL_Driver/Src/stm32f1xx_hal_pcd_ex.o
 .debug_rnglists
                0x00000476       0x6c ./Drivers/STM32F1xx_HAL_Driver/Src/stm32f1xx_hal_rcc.o
 .debug_rnglists
                0x000004e2       0x21 ./Drivers/STM32F1xx_HAL_Driver/Src/stm32f1xx_hal_rcc_ex.o
 .debug_rnglists
                0x00000503      0x31a ./Drivers/STM32F1xx_HAL_Driver/Src/stm32f1xx_hal_tim.o
 .debug_rnglists
                0x0000081d      0x125 ./Drivers/STM32F1xx_HAL_Driver/Src/stm32f1xx_hal_tim_ex.o
 .debug_rnglists
                0x00000942       0xbd ./Drivers/STM32F1xx_HAL_Driver/Src/stm32f1xx_ll_usb.o
 .debug_rnglists
                0x000009ff       0x5c ./Middlewares/ST/STM32_USB_Device_Library/Class/MIDI/Src/usbd_midi.o
 .debug_rnglists
                0x00000a5b       0x89 ./Middlewares/ST/STM32_USB_Device_Library/Core/Src/usbd_core.o
 .debug_rnglists
                0x00000ae4       0x68 ./Middlewares/ST/STM32_USB_Device_Library/Core/Src/usbd_ctlreq.o
 .debug_rnglists
                0x00000b4c       0x37 ./Middlewares/ST/STM32_USB_Device_Library/Core/Src/usbd_ioreq.o
 .debug_rnglists
                0x00000b83       0x13 ./USB_DEVICE/App/usb_device.o
 .debug_rnglists
                0x00000b96       0x43 ./USB_DEVICE/App/usbd_desc.o
 .debug_rnglists
                0x00000bd9       0xce ./USB_DEVICE/Target/usbd_conf.o

.debug_macro    0x00000000    0x1a6f5
 .debug_macro   0x00000000      0x37f ./Core/Src/main.o
 .debug_macro   0x0000037f      0xaa8 ./Core/Src/main.o
 .debug_macro   0x00000e27      0x221 ./Core/Src/main.o
 .debug_macro   0x00001048       0x2e ./Core/Src/main.o
 .debug_macro   0x00001076       0x22 ./Core/Src/main.o
 .debug_macro   0x00001098       0x22 ./Core/Src/main.o
 .debug_macro   0x000010ba       0x8e ./Core/Src/main.o
 .debug_macro   0x00001148       0x51 ./Core/Src/main.o
 .debug_macro   0x00001199      0x103 ./Core/Src/main.o
 .debug_macro   0x0000129c       0x6a ./Core/Src/main.o
 .debug_macro   0x00001306      0x1df ./Core/Src/main.o
 .debug_macro   0x000014e5       0x1c ./Core/Src/main.o
 .debug_macro   0x00001501       0x22 ./Core/Src/main.o
 .debug_macro   0x00001523       0xbd ./Core/Src/main.o
 .debug_macro   0x000015e0      0xd23 ./Core/Src/main.o
 .debug_macro   0x00002303     0xe09e ./Core/Src/main.o
 .debug_macro   0x000103a1       0x6d ./Core/Src/main.o
 .debug_macro   0x0001040e     0x34a2 ./Core/Src/main.o
 .debug_macro   0x000138b0      0x189 ./Core/Src/main.o
 .debug_macro   0x00013a39       0x5c ./Core/Src/main.o
 .debug_macro   0x00013a95      0x5bc ./Core/Src/main.o
 .debug_macro   0x00014051      0x289 ./Core/Src/main.o
 .debug_macro   0x000142da      0x1cb ./Core/Src/main.o
 .debug_macro   0x000144a5      0x114 ./Core/Src/main.o
 .debug_macro   0x000145b9      0x1b2 ./Core/Src/main.o
 .debug_macro   0x0001476b       0x27 ./Core/Src/main.o
 .debug_macro   0x00014792      0x136 ./Core/Src/main.o
 .debug_macro   0x000148c8      0x1bc ./Core/Src/main.o
 .debug_macro   0x00014a84       0x34 ./Core/Src/main.o
 .debug_macro   0x00014ab8       0x3c ./Core/Src/main.o
 .debug_macro   0x00014af4       0x57 ./Core/Src/main.o
 .debug_macro   0x00014b4b      0x46a ./Core/Src/main.o
 .debug_macro   0x00014fb5      0x1b5 ./Core/Src/main.o
 .debug_macro   0x0001516a       0x87 ./Core/Src/main.o
 .debug_macro   0x000151f1      0x240 ./Core/Src/main.o
 .debug_macro   0x00015431      0x140 ./Core/Src/main.o
 .debug_macro   0x00015571      0x8ed ./Core/Src/main.o
 .debug_macro   0x00015e5e       0xb7 ./Core/Src/main.o
 .debug_macro   0x00015f15      0x242 ./Core/Src/main.o
 .debug_macro   0x00016157       0x83 ./Core/Src/main.o
 .debug_macro   0x000161da       0xc4 ./Core/Src/main.o
 .debug_macro   0x0001629e       0x61 ./Core/Src/main.o
 .debug_macro   0x000162ff       0x24 ./Core/Src/main.o
 .debug_macro   0x00016323       0x43 ./Core/Src/main.o
 .debug_macro   0x00016366       0x34 ./Core/Src/main.o
 .debug_macro   0x0001639a       0x16 ./Core/Src/main.o
 .debug_macro   0x000163b0       0x35 ./Core/Src/main.o
 .debug_macro   0x000163e5      0x369 ./Core/Src/main.o
 .debug_macro   0x0001674e       0x10 ./Core/Src/main.o
 .debug_macro   0x0001675e       0x16 ./Core/Src/main.o
 .debug_macro   0x00016774       0x43 ./Core/Src/main.o
 .debug_macro   0x000167b7       0x34 ./Core/Src/main.o
 .debug_macro   0x000167eb       0x10 ./Core/Src/main.o
 .debug_macro   0x000167fb       0x58 ./Core/Src/main.o
 .debug_macro   0x00016853       0x8e ./Core/Src/main.o
 .debug_macro   0x000168e1       0x1c ./Core/Src/main.o
 .debug_macro   0x000168fd      0x177 ./Core/Src/main.o
 .debug_macro   0x00016a74       0x16 ./Core/Src/main.o
 .debug_macro   0x00016a8a       0x16 ./Core/Src/main.o
 .debug_macro   0x00016aa0      0x146 ./Core/Src/main.o
 .debug_macro   0x00016be6       0x16 ./Core/Src/main.o
 .debug_macro   0x00016bfc       0x16 ./Core/Src/main.o
 .debug_macro   0x00016c12       0x29 ./Core/Src/main.o
 .debug_macro   0x00016c3b       0x16 ./Core/Src/main.o
 .debug_macro   0x00016c51       0x20 ./Core/Src/main.o
 .debug_macro   0x00016c71       0x5f ./Core/Src/main.o
 .debug_macro   0x00016cd0      0x1c8 ./Core/Src/main.o
 .debug_macro   0x00016e98      0x112 ./Core/Src/main.o
 .debug_macro   0x00016faa      0x1e0 ./Core/Src/stm32f1xx_hal_msp.o
 .debug_macro   0x0001718a      0x3de ./Core/Src/stm32f1xx_it.o
 .debug_macro   0x00017568      0x1d1 ./Core/Src/system_stm32f1xx.o
 .debug_macro   0x00017739      0x1f5 ./Drivers/STM32F1xx_HAL_Driver/Src/stm32f1xx_hal.o
 .debug_macro   0x0001792e      0x1ee ./Drivers/STM32F1xx_HAL_Driver/Src/stm32f1xx_hal_adc.o
 .debug_macro   0x00017b1c      0x1d1 ./Drivers/STM32F1xx_HAL_Driver/Src/stm32f1xx_hal_cortex.o
 .debug_macro   0x00017ced      0x23c ./Drivers/STM32F1xx_HAL_Driver/Src/stm32f1xx_hal_gpio.o
 .debug_macro   0x00017f29      0x1dd ./Drivers/STM32F1xx_HAL_Driver/Src/stm32f1xx_hal_pcd.o
 .debug_macro   0x00018106      0x1d1 ./Drivers/STM32F1xx_HAL_Driver/Src/stm32f1xx_hal_pcd_ex.o
 .debug_macro   0x000182d7      0x1e3 ./Drivers/STM32F1xx_HAL_Driver/Src/stm32f1xx_hal_rcc.o
 .debug_macro   0x000184ba      0x1d1 ./Drivers/STM32F1xx_HAL_Driver/Src/stm32f1xx_hal_rcc_ex.o
 .debug_macro   0x0001868b      0x1d2 ./Drivers/STM32F1xx_HAL_Driver/Src/stm32f1xx_hal_tim.o
 .debug_macro   0x0001885d      0x1d1 ./Drivers/STM32F1xx_HAL_Driver/Src/stm32f1xx_hal_tim_ex.o
 .debug_macro   0x00018a2e      0x1d1 ./Drivers/STM32F1xx_HAL_Driver/Src/stm32f1xx_ll_usb.o
 .debug_macro   0x00018bff      0x382 ./Middlewares/ST/STM32_USB_Device_Library/Class/MIDI/Src/usbd_midi.o
 .debug_macro   0x00018f81       0x1c ./Middlewares/ST/STM32_USB_Device_Library/Class/MIDI/Src/usbd_midi.o
 .debug_macro   0x00018f9d      0x356 ./Middlewares/ST/STM32_USB_Device_Library/Core/Src/usbd_core.o
 .debug_macro   0x000192f3      0x1ce ./Middlewares/ST/STM32_USB_Device_Library/Core/Src/usbd_core.o
 .debug_macro   0x000194c1      0x360 ./Middlewares/ST/STM32_USB_Device_Library/Core/Src/usbd_ctlreq.o
 .debug_macro   0x00019821      0x35c ./Middlewares/ST/STM32_USB_Device_Library/Core/Src/usbd_ioreq.o
 .debug_macro   0x00019b7d      0x386 ./USB_DEVICE/App/usb_device.o
 .debug_macro   0x00019f03       0xca ./USB_DEVICE/App/usb_device.o
 .debug_macro   0x00019fcd       0x22 ./USB_DEVICE/App/usb_device.o
 .debug_macro   0x00019fef      0x393 ./USB_DEVICE/App/usbd_desc.o
 .debug_macro   0x0001a382      0x373 ./USB_DEVICE/Target/usbd_conf.o

.debug_line     0x00000000    0x14869
 .debug_line    0x00000000      0xd12 ./Core/Src/main.o
 .debug_line    0x00000d12      0x812 ./Core/Src/stm32f1xx_hal_msp.o
 .debug_line    0x00001524      0xde1 ./Core/Src/stm32f1xx_it.o
 .debug_line    0x00002305      0x7e3 ./Core/Src/system_stm32f1xx.o
 .debug_line    0x00002ae8       0x78 ./Core/Startup/startup_stm32f103c8tx.o
 .debug_line    0x00002b60      0xa10 ./Drivers/STM32F1xx_HAL_Driver/Src/stm32f1xx_hal.o
 .debug_line    0x00003570     0x108d ./Drivers/STM32F1xx_HAL_Driver/Src/stm32f1xx_hal_adc.o
 .debug_line    0x000045fd      0xbfc ./Drivers/STM32F1xx_HAL_Driver/Src/stm32f1xx_hal_cortex.o
 .debug_line    0x000051f9      0xaa9 ./Drivers/STM32F1xx_HAL_Driver/Src/stm32f1xx_hal_gpio.o
 .debug_line    0x00005ca2     0x1465 ./Drivers/STM32F1xx_HAL_Driver/Src/stm32f1xx_hal_pcd.o
 .debug_line    0x00007107      0x7de ./Drivers/STM32F1xx_HAL_Driver/Src/stm32f1xx_hal_pcd_ex.o
 .debug_line    0x000078e5      0xe19 ./Drivers/STM32F1xx_HAL_Driver/Src/stm32f1xx_hal_rcc.o
 .debug_line    0x000086fe      0x95a ./Drivers/STM32F1xx_HAL_Driver/Src/stm32f1xx_hal_rcc_ex.o
 .debug_line    0x00009058     0x3535 ./Drivers/STM32F1xx_HAL_Driver/Src/stm32f1xx_hal_tim.o
 .debug_line    0x0000c58d     0x195f ./Drivers/STM32F1xx_HAL_Driver/Src/stm32f1xx_hal_tim_ex.o
 .debug_line    0x0000deec     0x10e1 ./Drivers/STM32F1xx_HAL_Driver/Src/stm32f1xx_ll_usb.o
 .debug_line    0x0000efcd      0xc5e ./Middlewares/ST/STM32_USB_Device_Library/Class/MIDI/Src/usbd_midi.o
 .debug_line    0x0000fc2b      0xde4 ./Middlewares/ST/STM32_USB_Device_Library/Core/Src/usbd_core.o
 .debug_line    0x00010a0f     0x1024 ./Middlewares/ST/STM32_USB_Device_Library/Core/Src/usbd_ctlreq.o
 .debug_line    0x00011a33      0xa7a ./Middlewares/ST/STM32_USB_Device_Library/Core/Src/usbd_ioreq.o
 .debug_line    0x000124ad      0xa5e ./USB_DEVICE/App/usb_device.o
 .debug_line    0x00012f0b      0xb03 ./USB_DEVICE/App/usbd_desc.o
 .debug_line    0x00013a0e      0xe5b ./USB_DEVICE/Target/usbd_conf.o

.debug_str      0x00000000    0x91fb3
 .debug_str     0x00000000    0x8e50f ./Core/Src/main.o
                              0x8ea64 (size before relaxing)
 .debug_str     0x0008e50f       0xdb ./Core/Src/stm32f1xx_hal_msp.o
                              0x89ae8 (size before relaxing)
 .debug_str     0x0008e5ea      0x577 ./Core/Src/stm32f1xx_it.o
                              0x8e708 (size before relaxing)
 .debug_str     0x0008eb61       0x7e ./Core/Src/system_stm32f1xx.o
                              0x88ec0 (size before relaxing)
 .debug_str     0x0008ebdf       0x44 ./Core/Startup/startup_stm32f103c8tx.o
                                 0x8a (size before relaxing)
 .debug_str     0x0008ec23      0x384 ./Drivers/STM32F1xx_HAL_Driver/Src/stm32f1xx_hal.o
                              0x895f3 (size before relaxing)
 .debug_str     0x0008efa7      0x354 ./Drivers/STM32F1xx_HAL_Driver/Src/stm32f1xx_hal_adc.o
                              0x895a4 (size before relaxing)
 .debug_str     0x0008f2fb      0x26c ./Drivers/STM32F1xx_HAL_Driver/Src/stm32f1xx_hal_cortex.o
                              0x8953f (size before relaxing)
 .debug_str     0x0008f567      0x2e7 ./Drivers/STM32F1xx_HAL_Driver/Src/stm32f1xx_hal_gpio.o
                              0x89246 (size before relaxing)
 .debug_str     0x0008f84e      0x5bd ./Drivers/STM32F1xx_HAL_Driver/Src/stm32f1xx_hal_pcd.o
                              0x897dd (size before relaxing)
 .debug_str     0x0008fe0b      0x170 ./Drivers/STM32F1xx_HAL_Driver/Src/stm32f1xx_hal_pcd_ex.o
                              0x8933f (size before relaxing)
 .debug_str     0x0008ff7b      0x229 ./Drivers/STM32F1xx_HAL_Driver/Src/stm32f1xx_hal_rcc.o
                              0x892ef (size before relaxing)
 .debug_str     0x000901a4       0x84 ./Drivers/STM32F1xx_HAL_Driver/Src/stm32f1xx_hal_rcc_ex.o
                              0x8903f (size before relaxing)
 .debug_str     0x00090228      0xde4 ./Drivers/STM32F1xx_HAL_Driver/Src/stm32f1xx_hal_tim.o
                              0x8a2f1 (size before relaxing)
 .debug_str     0x0009100c      0x493 ./Drivers/STM32F1xx_HAL_Driver/Src/stm32f1xx_hal_tim_ex.o
                              0x89afd (size before relaxing)
 .debug_str     0x0009149f      0x129 ./Drivers/STM32F1xx_HAL_Driver/Src/stm32f1xx_ll_usb.o
                              0x89391 (size before relaxing)
 .debug_str     0x000915c8      0x2ed ./Middlewares/ST/STM32_USB_Device_Library/Class/MIDI/Src/usbd_midi.o
                              0x8e28a (size before relaxing)
 .debug_str     0x000918b5      0x281 ./Middlewares/ST/STM32_USB_Device_Library/Core/Src/usbd_core.o
                              0x8d939 (size before relaxing)
 .debug_str     0x00091b36      0x11b ./Middlewares/ST/STM32_USB_Device_Library/Core/Src/usbd_ctlreq.o
                              0x8d853 (size before relaxing)
 .debug_str     0x00091c51       0x79 ./Middlewares/ST/STM32_USB_Device_Library/Core/Src/usbd_ioreq.o
                              0x8d780 (size before relaxing)
 .debug_str     0x00091cca       0x27 ./USB_DEVICE/App/usb_device.o
                              0x8dd0d (size before relaxing)
 .debug_str     0x00091cf1      0x255 ./USB_DEVICE/App/usbd_desc.o
                              0x8d6b9 (size before relaxing)
 .debug_str     0x00091f46       0x6d ./USB_DEVICE/Target/usbd_conf.o
                              0x8e84a (size before relaxing)

.comment        0x00000000       0x43
 .comment       0x00000000       0x43 ./Core/Src/main.o
                                 0x44 (size before relaxing)
 .comment       0x00000043       0x44 ./Core/Src/stm32f1xx_hal_msp.o
 .comment       0x00000043       0x44 ./Core/Src/stm32f1xx_it.o
 .comment       0x00000043       0x44 ./Core/Src/system_stm32f1xx.o
 .comment       0x00000043       0x44 ./Drivers/STM32F1xx_HAL_Driver/Src/stm32f1xx_hal.o
 .comment       0x00000043       0x44 ./Drivers/STM32F1xx_HAL_Driver/Src/stm32f1xx_hal_adc.o
 .comment       0x00000043       0x44 ./Drivers/STM32F1xx_HAL_Driver/Src/stm32f1xx_hal_cortex.o
 .comment       0x00000043       0x44 ./Drivers/STM32F1xx_HAL_Driver/Src/stm32f1xx_hal_gpio.o
 .comment       0x00000043       0x44 ./Drivers/STM32F1xx_HAL_Driver/Src/stm32f1xx_hal_pcd.o
 .comment       0x00000043       0x44 ./Drivers/STM32F1xx_HAL_Driver/Src/stm32f1xx_hal_pcd_ex.o
 .comment       0x00000043       0x44 ./Drivers/STM32F1xx_HAL_Driver/Src/stm32f1xx_hal_rcc.o
 .comment       0x00000043       0x44 ./Drivers/STM32F1xx_HAL_Driver/Src/stm32f1xx_hal_rcc_ex.o
 .comment       0x00000043       0x44 ./Drivers/STM32F1xx_HAL_Driver/Src/stm32f1xx_hal_tim.o
 .comment       0x00000043       0x44 ./Drivers/STM32F1xx_HAL_Driver/Src/stm32f1xx_hal_tim_ex.o
 .comment       0x00000043       0x44 ./Drivers/STM32F1xx_HAL_Driver/Src/stm32f1xx_ll_usb.o
 .comment       0x00000043       0x44 ./Middlewares/ST/STM32_USB_Device_Library/Class/MIDI/Src/usbd_midi.o
 .comment       0x00000043       0x44 ./Middlewares/ST/STM32_USB_Device_Library/Core/Src/usbd_core.o
 .comment       0x00000043       0x44 ./Middlewares/ST/STM32_USB_Device_Library/Core/Src/usbd_ctlreq.o
 .comment       0x00000043       0x44 ./Middlewares/ST/STM32_USB_Device_Library/Core/Src/usbd_ioreq.o
 .comment       0x00000043       0x44 ./USB_DEVICE/App/usb_device.o
 .comment       0x00000043       0x44 ./USB_DEVICE/App/usbd_desc.o
 .comment       0x00000043       0x44 ./USB_DEVICE/Target/usbd_conf.o

.debug_frame    0x00000000     0x4474
 .debug_frame   0x00000000      0x144 ./Core/Src/main.o
 .debug_frame   0x00000144       0xc8 ./Core/Src/stm32f1xx_hal_msp.o
 .debug_frame   0x0000020c      0x188 ./Core/Src/stm32f1xx_it.o
 .debug_frame   0x00000394       0x58 ./Core/Src/system_stm32f1xx.o
 .debug_frame   0x000003ec      0x334 ./Drivers/STM32F1xx_HAL_Driver/Src/stm32f1xx_hal.o
 .debug_frame   0x00000720      0x40c ./Drivers/STM32F1xx_HAL_Driver/Src/stm32f1xx_hal_adc.o
 .debug_frame   0x00000b2c      0x428 ./Drivers/STM32F1xx_HAL_Driver/Src/stm32f1xx_hal_cortex.o
 .debug_frame   0x00000f54      0x14c ./Drivers/STM32F1xx_HAL_Driver/Src/stm32f1xx_hal_gpio.o
 .debug_frame   0x000010a0      0x594 ./Drivers/STM32F1xx_HAL_Driver/Src/stm32f1xx_hal_pcd.o
 .debug_frame   0x00001634       0xb0 ./Drivers/STM32F1xx_HAL_Driver/Src/stm32f1xx_hal_pcd_ex.o
 .debug_frame   0x000016e4      0x218 ./Drivers/STM32F1xx_HAL_Driver/Src/stm32f1xx_hal_rcc.o
 .debug_frame   0x000018fc       0x80 ./Drivers/STM32F1xx_HAL_Driver/Src/stm32f1xx_hal_rcc_ex.o
 .debug_frame   0x0000197c     0x11b8 ./Drivers/STM32F1xx_HAL_Driver/Src/stm32f1xx_hal_tim.o
 .debug_frame   0x00002b34      0x638 ./Drivers/STM32F1xx_HAL_Driver/Src/stm32f1xx_hal_tim_ex.o
 .debug_frame   0x0000316c      0x470 ./Drivers/STM32F1xx_HAL_Driver/Src/stm32f1xx_ll_usb.o
 .debug_frame   0x000035dc      0x1f8 ./Middlewares/ST/STM32_USB_Device_Library/Class/MIDI/Src/usbd_midi.o
 .debug_frame   0x000037d4      0x300 ./Middlewares/ST/STM32_USB_Device_Library/Core/Src/usbd_core.o
 .debug_frame   0x00003ad4      0x218 ./Middlewares/ST/STM32_USB_Device_Library/Core/Src/usbd_ctlreq.o
 .debug_frame   0x00003cec      0x10c ./Middlewares/ST/STM32_USB_Device_Library/Core/Src/usbd_ioreq.o
 .debug_frame   0x00003df8       0x2c ./USB_DEVICE/App/usb_device.o
 .debug_frame   0x00003e24      0x160 ./USB_DEVICE/App/usbd_desc.o
 .debug_frame   0x00003f84      0x4a4 ./USB_DEVICE/Target/usbd_conf.o
 .debug_frame   0x00004428       0x20 C:/ST/STM32CubeIDE_1.16.0/STM32CubeIDE/plugins/com.st.stm32cube.ide.mcu.externaltools.gnu-tools-for-stm32.12.3.rel1.win32_1.0.200.202406191623/tools/bin/../lib/gcc/arm-none-eabi/12.3.1/../../../../arm-none-eabi/lib/thumb/v7-m/nofp\libc_nano.a(libc_a-memset.o)
 .debug_frame   0x00004448       0x2c C:/ST/STM32CubeIDE_1.16.0/STM32CubeIDE/plugins/com.st.stm32cube.ide.mcu.externaltools.gnu-tools-for-stm32.12.3.rel1.win32_1.0.200.202406191623/tools/bin/../lib/gcc/arm-none-eabi/12.3.1/../../../../arm-none-eabi/lib/thumb/v7-m/nofp\libc_nano.a(libc_a-init.o)

.debug_line_str
                0x00000000       0x6e
 .debug_line_str
                0x00000000       0x6e ./Core/Startup/startup_stm32f103c8tx.o
