../Core/Src/main.c:80:10:ADC_Convert_Rank1	24	static
../Core/Src/main.c:99:10:ADC_Convert_Rank2	24	static
../Core/Src/main.c:123:5:main	8	static
../Core/Src/main.c:215:6:SystemClock_Config	88	static
../Core/Src/main.c:263:13:MX_ADC1_Init	24	static
../Core/Src/main.c:319:13:MX_ADC2_Init	24	static
../Core/Src/main.c:366:13:MX_TIM2_Init	32	static
../Core/Src/main.c:411:13:MX_TIM3_Init	32	static
../Core/Src/main.c:456:13:MX_GPIO_Init	40	static
../Core/Src/main.c:495:6:Error_Handler	4	static,ignoring_inline_asm
