../Core/Src/stm32f1xx_it.c:120:6:NMI_Handler	4	static
../Core/Src/stm32f1xx_it.c:135:6:HardFault_Handler	4	static
../Core/Src/stm32f1xx_it.c:150:6:MemManage_Handler	4	static
../Core/Src/stm32f1xx_it.c:165:6:BusFault_Handler	4	static
../Core/Src/stm32f1xx_it.c:180:6:UsageFault_Handler	4	static
../Core/Src/stm32f1xx_it.c:195:6:SVC_Handler	4	static
../Core/Src/stm32f1xx_it.c:208:6:DebugMon_Handler	4	static
../Core/Src/stm32f1xx_it.c:221:6:PendSV_Handler	4	static
../Core/Src/stm32f1xx_it.c:234:6:SysTick_Handler	8	static
../Core/Src/stm32f1xx_it.c:255:6:USB_LP_CAN1_RX0_IRQHandler	8	static
../Core/Src/stm32f1xx_it.c:269:6:TIM2_IRQHandler	16	static
../Core/Src/stm32f1xx_it.c:433:6:TIM3_IRQHandler	16	static
../Core/Src/stm32f1xx_it.c:471:6:Note_Change	16	static
../Core/Src/stm32f1xx_it.c:484:6:Toggle_Control	4	static
