../Core/Src/stm32f3xx_it.c:103:6:NMI_Handler	4	static
../Core/Src/stm32f3xx_it.c:118:6:HardFault_Handler	4	static
../Core/Src/stm32f3xx_it.c:133:6:MemManage_Handler	4	static
../Core/Src/stm32f3xx_it.c:148:6:BusFault_Handler	4	static
../Core/Src/stm32f3xx_it.c:163:6:UsageFault_Handler	4	static
../Core/Src/stm32f3xx_it.c:178:6:SVC_Handler	4	static
../Core/Src/stm32f3xx_it.c:191:6:DebugMon_Handler	4	static
../Core/Src/stm32f3xx_it.c:204:6:PendSV_Handler	4	static
../Core/Src/stm32f3xx_it.c:217:6:SysTick_Handler	8	static
../Core/Src/stm32f3xx_it.c:238:6:USB_LP_CAN_RX0_IRQHandler	8	static
../Core/Src/stm32f3xx_it.c:252:6:TIM2_IRQHandler	8	static
../Core/Src/stm32f3xx_it.c:415:6:Note_Change	16	static
../Core/Src/stm32f3xx_it.c:428:6:Toggle_Control	8	static
