../Core/Src/stm32f1xx_it.c:118:6:NMI_Handler	4	static
../Core/Src/stm32f1xx_it.c:133:6:HardFault_Handler	4	static
../Core/Src/stm32f1xx_it.c:148:6:MemManage_Handler	4	static
../Core/Src/stm32f1xx_it.c:163:6:BusFault_Handler	4	static
../Core/Src/stm32f1xx_it.c:178:6:UsageFault_Handler	4	static
../Core/Src/stm32f1xx_it.c:193:6:SVC_Handler	4	static
../Core/Src/stm32f1xx_it.c:206:6:DebugMon_Handler	4	static
../Core/Src/stm32f1xx_it.c:219:6:PendSV_Handler	4	static
../Core/Src/stm32f1xx_it.c:232:6:SysTick_Handler	8	static
../Core/Src/stm32f1xx_it.c:253:6:USB_LP_CAN1_RX0_IRQHandler	8	static
../Core/Src/stm32f1xx_it.c:267:6:TIM2_IRQHandler	16	static
../Core/Src/stm32f1xx_it.c:491:6:Note_Change	16	static
../Core/Src/stm32f1xx_it.c:510:6:Toggle_Control	8	static
