../Core/Src/stm32f3xx_it.c:116:6:NMI_Handler	4	static
../Core/Src/stm32f3xx_it.c:131:6:HardFault_Handler	4	static
../Core/Src/stm32f3xx_it.c:146:6:MemManage_Handler	4	static
../Core/Src/stm32f3xx_it.c:161:6:BusFault_Handler	4	static
../Core/Src/stm32f3xx_it.c:176:6:UsageFault_Handler	4	static
../Core/Src/stm32f3xx_it.c:191:6:SVC_Handler	4	static
../Core/Src/stm32f3xx_it.c:204:6:DebugMon_Handler	4	static
../Core/Src/stm32f3xx_it.c:217:6:PendSV_Handler	4	static
../Core/Src/stm32f3xx_it.c:230:6:SysTick_Handler	8	static
../Core/Src/stm32f3xx_it.c:251:6:USB_LP_CAN_RX0_IRQHandler	8	static
../Core/Src/stm32f3xx_it.c:265:6:TIM2_IRQHandler	8	static
../Core/Src/stm32f3xx_it.c:387:6:Note_Change	16	static
../Core/Src/stm32f3xx_it.c:400:6:Toggle_Control	8	static
../Core/Src/stm32f3xx_it.c:408:9:ratio	16	static
